Archive member included to satisfy reference by file (symbol)

c:/program files (x86)/atmel/studio/7.0/toolchain/avr8/avr8-gnu-toolchain/bin/../lib/gcc/avr/4.9.2/../../../../avr/lib/avr51\libprintf_flt.a(vfprintf_flt.o)
                              (vfprintf)
c:/program files (x86)/atmel/studio/7.0/toolchain/avr8/avr8-gnu-toolchain/bin/../lib/gcc/avr/4.9.2/../../../../avr/lib/avr51\libm.a(addsf3.o)
                              Application/application.o (__subsf3)
c:/program files (x86)/atmel/studio/7.0/toolchain/avr8/avr8-gnu-toolchain/bin/../lib/gcc/avr/4.9.2/../../../../avr/lib/avr51\libm.a(addsf3x.o)
                              c:/program files (x86)/atmel/studio/7.0/toolchain/avr8/avr8-gnu-toolchain/bin/../lib/gcc/avr/4.9.2/../../../../avr/lib/avr51\libm.a(addsf3.o) (__addsf3x)
c:/program files (x86)/atmel/studio/7.0/toolchain/avr8/avr8-gnu-toolchain/bin/../lib/gcc/avr/4.9.2/../../../../avr/lib/avr51\libm.a(divsf3.o)
                              Application/BowComm.o (__divsf3)
c:/program files (x86)/atmel/studio/7.0/toolchain/avr8/avr8-gnu-toolchain/bin/../lib/gcc/avr/4.9.2/../../../../avr/lib/avr51\libm.a(divsf3x.o)
                              c:/program files (x86)/atmel/studio/7.0/toolchain/avr8/avr8-gnu-toolchain/bin/../lib/gcc/avr/4.9.2/../../../../avr/lib/avr51\libm.a(divsf3.o) (__divsf3x)
c:/program files (x86)/atmel/studio/7.0/toolchain/avr8/avr8-gnu-toolchain/bin/../lib/gcc/avr/4.9.2/../../../../avr/lib/avr51\libm.a(fixunssfsi.o)
                              Application/application.o (__fixunssfsi)
c:/program files (x86)/atmel/studio/7.0/toolchain/avr8/avr8-gnu-toolchain/bin/../lib/gcc/avr/4.9.2/../../../../avr/lib/avr51\libm.a(floatsisf.o)
                              Application/application.o (__floatunsisf)
c:/program files (x86)/atmel/studio/7.0/toolchain/avr8/avr8-gnu-toolchain/bin/../lib/gcc/avr/4.9.2/../../../../avr/lib/avr51\libm.a(fp_inf.o)
                              c:/program files (x86)/atmel/studio/7.0/toolchain/avr8/avr8-gnu-toolchain/bin/../lib/gcc/avr/4.9.2/../../../../avr/lib/avr51\libm.a(addsf3x.o) (__fp_inf)
c:/program files (x86)/atmel/studio/7.0/toolchain/avr8/avr8-gnu-toolchain/bin/../lib/gcc/avr/4.9.2/../../../../avr/lib/avr51\libm.a(fp_nan.o)
                              c:/program files (x86)/atmel/studio/7.0/toolchain/avr8/avr8-gnu-toolchain/bin/../lib/gcc/avr/4.9.2/../../../../avr/lib/avr51\libm.a(addsf3x.o) (__fp_nan)
c:/program files (x86)/atmel/studio/7.0/toolchain/avr8/avr8-gnu-toolchain/bin/../lib/gcc/avr/4.9.2/../../../../avr/lib/avr51\libm.a(fp_pscA.o)
                              c:/program files (x86)/atmel/studio/7.0/toolchain/avr8/avr8-gnu-toolchain/bin/../lib/gcc/avr/4.9.2/../../../../avr/lib/avr51\libm.a(addsf3x.o) (__fp_pscA)
c:/program files (x86)/atmel/studio/7.0/toolchain/avr8/avr8-gnu-toolchain/bin/../lib/gcc/avr/4.9.2/../../../../avr/lib/avr51\libm.a(fp_pscB.o)
                              c:/program files (x86)/atmel/studio/7.0/toolchain/avr8/avr8-gnu-toolchain/bin/../lib/gcc/avr/4.9.2/../../../../avr/lib/avr51\libm.a(addsf3x.o) (__fp_pscB)
c:/program files (x86)/atmel/studio/7.0/toolchain/avr8/avr8-gnu-toolchain/bin/../lib/gcc/avr/4.9.2/../../../../avr/lib/avr51\libm.a(fp_round.o)
                              c:/program files (x86)/atmel/studio/7.0/toolchain/avr8/avr8-gnu-toolchain/bin/../lib/gcc/avr/4.9.2/../../../../avr/lib/avr51\libm.a(addsf3.o) (__fp_round)
c:/program files (x86)/atmel/studio/7.0/toolchain/avr8/avr8-gnu-toolchain/bin/../lib/gcc/avr/4.9.2/../../../../avr/lib/avr51\libm.a(fp_split3.o)
                              c:/program files (x86)/atmel/studio/7.0/toolchain/avr8/avr8-gnu-toolchain/bin/../lib/gcc/avr/4.9.2/../../../../avr/lib/avr51\libm.a(addsf3x.o) (__fp_split3)
c:/program files (x86)/atmel/studio/7.0/toolchain/avr8/avr8-gnu-toolchain/bin/../lib/gcc/avr/4.9.2/../../../../avr/lib/avr51\libm.a(fp_zero.o)
                              c:/program files (x86)/atmel/studio/7.0/toolchain/avr8/avr8-gnu-toolchain/bin/../lib/gcc/avr/4.9.2/../../../../avr/lib/avr51\libm.a(addsf3x.o) (__fp_zero)
c:/program files (x86)/atmel/studio/7.0/toolchain/avr8/avr8-gnu-toolchain/bin/../lib/gcc/avr/4.9.2/avr51\libgcc.a(_divmodhi4.o)
                              RUM/mac_event.o (__divmodhi4)
c:/program files (x86)/atmel/studio/7.0/toolchain/avr8/avr8-gnu-toolchain/bin/../lib/gcc/avr/4.9.2/avr51\libgcc.a(_udivmodsi4.o)
                              Radio/hal_avr.o (__udivmodsi4)
c:/program files (x86)/atmel/studio/7.0/toolchain/avr8/avr8-gnu-toolchain/bin/../lib/gcc/avr/4.9.2/avr51\libgcc.a(_exit.o)
                              C:/Program Files (x86)/Atmel/Studio/7.0/Packs/atmel/ATmega_DFP/1.1.130/gcc/dev/atmega128rfa1/avr51/crtatmega128rfa1.o (exit)
c:/program files (x86)/atmel/studio/7.0/toolchain/avr8/avr8-gnu-toolchain/bin/../lib/gcc/avr/4.9.2/avr51\libgcc.a(_tablejump2.o)
                              Application/application.o (__tablejump2__)
[...]
Memory Configuration

Name             Origin             Length             Attributes
text             0x00000000         0x00020000         xr
data             0x00800100         0x0000ff00         rw !x
eeprom           0x00810000         0x00010000         rw !x
fuse             0x00820000         0x00000003         rw !x
lock             0x00830000         0x00000400         rw !x
signature        0x00840000         0x00000400         rw !x
user_signatures  0x00850000         0x00000400         rw !x
*default*        0x00000000         0xffffffff

Linker script and memory map

Address of section .data set to 0x800200
LOAD C:/Program Files (x86)/Atmel/Studio/7.0/Packs/atmel/ATmega_DFP/1.1.130/gcc/dev/atmega128rfa1/avr51/crtatmega128rfa1.o
LOAD Application/application.o
LOAD Application/BowComm.o
LOAD Application/display.o
LOAD Application/SpeedQueen.o
LOAD Application/reader.o
LOAD Application/zstring.o
LOAD mifare/Mifare.o
LOAD mifare/RegCtrl.o
LOAD SPI/spi.o
LOAD TWI/i2cbitbang.o
LOAD TWI/twi.o
LOAD main.o
LOAD Application/sleep.o
LOAD Radio/radio.o
LOAD Radio/hal_avr.o
LOAD RUM/mac_start.o
LOAD RUM/mac.o
LOAD RUM/mac_associate.o
LOAD RUM/mac_beacon.o
LOAD RUM/mac_data.o
LOAD RUM/mac_event.o
LOAD RUM/mac_route.o
LOAD RUM/mac_scan.o
LOAD Timer/avr_timer.o
LOAD Timer/timer_enddevice.o
LOAD UART/serial.o
START GROUP
LOAD c:/program files (x86)/atmel/studio/7.0/toolchain/avr8/avr8-gnu-toolchain/bin/../lib/gcc/avr/4.9.2/../../../../avr/lib/avr51\libprintf_flt.a
LOAD c:/program files (x86)/atmel/studio/7.0/toolchain/avr8/avr8-gnu-toolchain/bin/../lib/gcc/avr/4.9.2/../../../../avr/lib/avr51\libm.a
END GROUP
                0x00004000                __stack = 0x4000
Address of section .data set to 0x800200
START GROUP
LOAD c:/program files (x86)/atmel/studio/7.0/toolchain/avr8/avr8-gnu-toolchain/bin/../lib/gcc/avr/4.9.2/avr51\libgcc.a
LOAD c:/program files (x86)/atmel/studio/7.0/toolchain/avr8/avr8-gnu-toolchain/bin/../lib/gcc/avr/4.9.2/../../../../avr/lib/avr51\libm.a
LOAD c:/program files (x86)/atmel/studio/7.0/toolchain/avr8/avr8-gnu-toolchain/bin/../lib/gcc/avr/4.9.2/../../../../avr/lib/avr51\libc.a
LOAD C:/Program Files (x86)/Atmel/Studio/7.0/Packs/atmel/ATmega_DFP/1.1.130/gcc/dev/atmega128rfa1/avr51\libatmega128rfa1.a
END GROUP
                0x00020000                __TEXT_REGION_LENGTH__ = DEFINED (__TEXT_REGION_LENGTH__)?__TEXT_REGION_LENGTH__:0x20000
                0x0000ff00                __DATA_REGION_LENGTH__ = DEFINED (__DATA_REGION_LENGTH__)?__DATA_REGION_LENGTH__:0xff00
                0x00010000                __EEPROM_REGION_LENGTH__ = DEFINED (__EEPROM_REGION_LENGTH__)?__EEPROM_REGION_LENGTH__:0x10000
                [0x00000003]                __FUSE_REGION_LENGTH__ = DEFINED (__FUSE_REGION_LENGTH__)?__FUSE_REGION_LENGTH__:0x400
                0x00000400                __LOCK_REGION_LENGTH__ = DEFINED (__LOCK_REGION_LENGTH__)?__LOCK_REGION_LENGTH__:0x400
                0x00000400                __SIGNATURE_REGION_LENGTH__ = DEFINED (__SIGNATURE_REGION_LENGTH__)?__SIGNATURE_REGION_LENGTH__:0x400
                0x00000400                __USER_SIGNATURE_REGION_LENGTH__ = DEFINED (__USER_SIGNATURE_REGION_LENGTH__)?__USER_SIGNATURE_REGION_LENGTH__:0x400

.hash
 *(.hash)

.dynsym
 *(.dynsym)

.dynstr
 *(.dynstr)

.gnu.version
 *(.gnu.version)

.gnu.version_d
 *(.gnu.version_d)

.gnu.version_r
 *(.gnu.version_r)

.rel.init
 *(.rel.init)

.rela.init
 *(.rela.init)

.rel.text
 *(.rel.text)
 *(.rel.text.*)
 *(.rel.gnu.linkonce.t*)

.rela.text
 *(.rela.text)
 *(.rela.text.*)
 *(.rela.gnu.linkonce.t*)

.rel.fini
 *(.rel.fini)

.rela.fini
 *(.rela.fini)

.rel.rodata
 *(.rel.rodata)
 *(.rel.rodata.*)
 *(.rel.gnu.linkonce.r*)

.rela.rodata
 *(.rela.rodata)
 *(.rela.rodata.*)
 *(.rela.gnu.linkonce.r*)

.rel.data
 *(.rel.data)
 *(.rel.data.*)
 *(.rel.gnu.linkonce.d*)

.rela.data
 *(.rela.data)
 *(.rela.data.*)
 *(.rela.gnu.linkonce.d*)

.rel.ctors
 *(.rel.ctors)

.rela.ctors
 *(.rela.ctors)

.rel.dtors
 *(.rel.dtors)

.rela.dtors
 *(.rela.dtors)

.rel.got
 *(.rel.got)

.rela.got
 *(.rela.got)

.rel.bss
 *(.rel.bss)

.rela.bss
 *(.rela.bss)

.rel.plt
 *(.rel.plt)

.rela.plt
 *(.rela.plt)

.text           0x00000000     0x7062
 *(.vectors)
 .vectors       0x00000000      0x120 C:/Program Files (x86)/Atmel/Studio/7.0/Packs/atmel/ATmega_DFP/1.1.130/gcc/dev/atmega128rfa1/avr51/crtatmega128rfa1.o
                0x00000000                __vector_default
                0x00000000                __vectors
 *(.vectors)
 *(.progmem.gcc*)
 .progmem.gcc_sw_table.appTask
                0x00000120       0x50 Application/application.o
 .progmem.gcc_sw_table.sendSQACAVendPrice
                0x00000170       0x24 Application/SpeedQueen.o
 .progmem.gcc_sw_table.storeOfflineTransaction
                0x00000194       0x24 Application/reader.o
 .progmem.gcc_sw_table.macTask
                0x000001b8       0x14 RUM/mac_event.o
                0x000001cc                . = ALIGN (0x2)
                0x000001cc                __trampolines_start = .
 *(.trampolines)
 .trampolines   0x000001cc        0x0 linker stubs
 *(.trampolines*)
                0x000001cc                __trampolines_end = .
 *libprintf_flt.a:*(.progmem.data)
 .progmem.data  0x000001cc        0x8 c:/program files (x86)/atmel/studio/7.0/toolchain/avr8/avr8-gnu-toolchain/bin/../lib/gcc/avr/4.9.2/../../../../avr/lib/avr51\libprintf_flt.a(vfprintf_flt.o)
 *libc.a:*(.progmem.data)
 .progmem.data  0x000001d4       0xfa c:/program files (x86)/atmel/studio/7.0/toolchain/avr8/avr8-gnu-toolchain/bin/../lib/gcc/avr/4.9.2/../../../../avr/lib/avr51\libc.a(ftoa_engine.o)
 .progmem.data  0x000002ce       0x3b c:/program files (x86)/atmel/studio/7.0/toolchain/avr8/avr8-gnu-toolchain/bin/../lib/gcc/avr/4.9.2/../../../../avr/lib/avr51\libc.a(strtod.o)
 *(.progmem*)
                0x0000030a                . = ALIGN (0x2)
 *fill*         0x00000309        0x1 
 *(.jumptables)
 *(.jumptables*)
 *(.lowtext)
 *(.lowtext*)
                0x0000030a                __ctors_start = .
 *(.ctors)
                0x0000030a                __ctors_end = .
                0x0000030a                __dtors_start = .
 *(.dtors)
                0x0000030a                __dtors_end = .
 SORT(*)(.ctors)
 SORT(*)(.dtors)
 *(.init0)
 .init0         0x0000030a        0x0 C:/Program Files (x86)/Atmel/Studio/7.0/Packs/atmel/ATmega_DFP/1.1.130/gcc/dev/atmega128rfa1/avr51/crtatmega128rfa1.o
                0x0000030a                __init
 *(.init0)
 *(.init1)
 *(.init1)
 *(.init2)
 .init2         0x0000030a        0xc C:/Program Files (x86)/Atmel/Studio/7.0/Packs/atmel/ATmega_DFP/1.1.130/gcc/dev/atmega128rfa1/avr51/crtatmega128rfa1.o
 *(.init2)
 *(.init3)
 *(.init3)
 *(.init4)
 .init4         0x00000316       0x1a c:/program files (x86)/atmel/studio/7.0/toolchain/avr8/avr8-gnu-toolchain/bin/../lib/gcc/avr/4.9.2/avr51\libgcc.a(_copy_data.o)
                0x00000316                __do_copy_data
 .init4         0x00000330       0x10 c:/program files (x86)/atmel/studio/7.0/toolchain/avr8/avr8-gnu-toolchain/bin/../lib/gcc/avr/4.9.2/avr51\libgcc.a(_clear_bss.o)
                0x00000330                __do_clear_bss
 *(.init4)
 *(.init5)
 *(.init5)
 *(.init6)
 *(.init6)
 *(.init7)
 *(.init7)
 *(.init8)
 *(.init8)
 *(.init9)
 .init9         0x00000340        0x8 C:/Program Files (x86)/Atmel/Studio/7.0/Packs/atmel/ATmega_DFP/1.1.130/gcc/dev/atmega128rfa1/avr51/crtatmega128rfa1.o
 *(.init9)
 *(.text)
 .text          0x00000348        0x4 C:/Program Files (x86)/Atmel/Studio/7.0/Packs/atmel/ATmega_DFP/1.1.130/gcc/dev/atmega128rfa1/avr51/crtatmega128rfa1.o
                0x00000348                __vector_38
                0x00000348                __vector_22
                0x00000348                __vector_28
                0x00000348                __vector_67
                0x00000348                __vector_1
                0x00000348                __vector_71
                0x00000348                __vector_34
                0x00000348                __vector_62
                0x00000348                __vector_24
                0x00000348                __vector_55
                0x00000348                __vector_69
                0x00000348                __vector_46
                0x00000348                __bad_interrupt
                0x00000348                __vector_6
                0x00000348                __vector_31
                0x00000348                __vector_39
                0x00000348                __vector_3
                0x00000348                __vector_23
                0x00000348                __vector_68
                0x00000348                __vector_30
                0x00000348                __vector_45
                0x00000348                __vector_25
                0x00000348                __vector_11
                0x00000348                __vector_54
                0x00000348                __vector_13
                0x00000348                __vector_17
                0x00000348                __vector_19
                0x00000348                __vector_56
                0x00000348                __vector_7
                0x00000348                __vector_49
                0x00000348                __vector_41
                0x00000348                __vector_64
                0x00000348                __vector_43
                0x00000348                __vector_27
                0x00000348                __vector_5
                0x00000348                __vector_33
                0x00000348                __vector_47
                0x00000348                __vector_52
                0x00000348                __vector_4
                0x00000348                __vector_44
                0x00000348                __vector_51
                0x00000348                __vector_9
                0x00000348                __vector_2
                0x00000348                __vector_15
                0x00000348                __vector_66
                0x00000348                __vector_58
                0x00000348                __vector_70
                0x00000348                __vector_29
                0x00000348                __vector_40
                0x00000348                __vector_8
                0x00000348                __vector_26
                0x00000348                __vector_48
                0x00000348                __vector_14
                0x00000348                __vector_57
                0x00000348                __vector_53
                0x00000348                __vector_10
                0x00000348                __vector_50
                0x00000348                __vector_16
                0x00000348                __vector_18
                0x00000348                __vector_20
                0x00000348                __vector_42
                0x00000348                __vector_65
                0x0000034c                . = ALIGN (0x2)
 *(.text.*)
 .text.ledoff1  0x0000034c        0x4 Application/application.o
                0x0000034c                ledoff1
 .text.ledoff2  0x00000350        0x4 Application/application.o
                0x00000350                ledoff2
 .text.ValidationTimeout
                0x00000354        0x8 Application/application.o
                0x00000354                ValidationTimeout
 .text.CommTimeOut
                0x0000035c       0x12 Application/application.o
                0x0000035c                CommTimeOut
 .text.KeypressTimeOut
                0x0000036e        0x8 Application/application.o
                0x0000036e                KeypressTimeOut
 .text.SetupTimeout
                0x00000376        0x8 Application/application.o
                0x00000376                SetupTimeout
 .text.SetDeviceState
                0x0000037e        0x8 Application/application.o
                0x0000037e                SetDeviceState
 .text.appStartScan
                0x00000386        0xa Application/application.o
                0x00000386                appStartScan
 .text.appAssociate
                0x00000390        0xe Application/application.o
                0x00000390                appAssociate
 .text.appPingReq
                0x0000039e        0x8 Application/application.o
                0x0000039e                appPingReq
 .text.appPingRsp
                0x000003a6       0x10 Application/application.o
                0x000003a6                appPingRsp
 .text.appPacketSendSucceed
                0x000003b6       0x1e Application/application.o
                0x000003b6                appPacketSendSucceed
 .text.appPacketSendAccessFail
                0x000003d4        0x2 Application/application.o
                0x000003d4                appPacketSendAccessFail
 .text.appPacketSendFailed
                0x000003d6       0x86 Application/application.o
                0x000003d6                appPacketSendFailed
 .text.appDataIndication
                0x0000045c       0x5e Application/application.o
                0x0000045c                appDataIndication
 .text.appChildAssociated
                0x000004ba        0xe Application/application.o
                0x000004ba                appChildAssociated
 .text.appAssociateConfirm
                0x000004c8       0x12 Application/application.o
                0x000004c8                appAssociateConfirm
 .text.appScanConfirm
                0x000004da       0x1c Application/application.o
                0x000004da                appScanConfirm
 .text.checkEeprom
                0x000004f6      0x154 Application/application.o
                0x000004f6                checkEeprom
 .text.appInit  0x0000064a      0x162 Application/application.o
                0x0000064a                appInit
 .text.GetParam
                0x000007ac       0x68 Application/application.o
                0x000007ac                GetParam
 .text.appTask  0x00000814      0x8ac Application/application.o
                0x00000814                appTask
 .text.timeoutWaitingForOLTReponse
                0x000010c0        0xc Application/BowComm.o
 .text.constructOutgoingString
                0x000010cc      0x17c Application/BowComm.o
                0x000010cc                constructOutgoingString
 .text.sendBOWReaderFirmwareVersion
                0x00001248       0x5c Application/BowComm.o
                0x00001248                sendBOWReaderFirmwareVersion
 .text.sendBOWSetupRequest
                0x000012a4       0x52 Application/BowComm.o
                0x000012a4                sendBOWSetupRequest
 .text.sendBOWValidationRequest
                0x000012f6       0x4e Application/BowComm.o
                0x000012f6                sendBOWValidationRequest
 .text.sendBOWMachineLabel
                0x00001344       0x4e Application/BowComm.o
                0x00001344                sendBOWMachineLabel
 .text.sendBOWMachineDescription
                0x00001392       0x52 Application/BowComm.o
                0x00001392                sendBOWMachineDescription
 .text.sendNumberOfOLT
                0x000013e4       0x4e Application/BowComm.o
                0x000013e4                sendNumberOfOLT
 .text.extractIncomingMessage
                0x00001432      0x49c Application/BowComm.o
                0x00001432                extractIncomingMessage
 .text.sendBOWCCTransaction
                0x000018ce      0x114 Application/BowComm.o
                0x000018ce                sendBOWCCTransaction
 .text.sendBOWAuditDataRequest
                0x000019e2       0x52 Application/BowComm.o
                0x000019e2                sendBOWAuditDataRequest
 .text.sendSQDisplayCommand
                0x00001a34       0x5c Application/display.o
                0x00001a34                sendSQDisplayCommand
 .text.displaySQReaderVersion
                0x00001a90       0x3c Application/display.o
                0x00001a90                displaySQReaderVersion
 .text.displaySQTopOffvend
                0x00001acc       0x38 Application/display.o
                0x00001acc                displaySQTopOffvend
 .text.displaySQCardError
                0x00001b04       0x74 Application/display.o
                0x00001b04                displaySQCardError
 .text.displayMsg
                0x00001b78       0xa2 Application/display.o
                0x00001b78                displayMsg
 .text.getSQSetupData
                0x00001c1a      0x302 Application/SpeedQueen.o
                0x00001c1a                getSQSetupData
 .text.sendSQDataPacket
                0x00001f1c       0xcc Application/SpeedQueen.o
                0x00001f1c                sendSQDataPacket
 .text.sendSQACAVendPrice
                0x00001fe8      0x238 Application/SpeedQueen.o
                0x00001fe8                sendSQACAVendPrice
 .text.getSQDataPacket
                0x00002220       0x6c Application/SpeedQueen.o
                0x00002220                getSQDataPacket
 .text.getSQACAStatusData.part.1
                0x0000228c       0xe2 Application/SpeedQueen.o
 .text.SQACAMachineStatusSequence
                0x0000236e       0x7a Application/SpeedQueen.o
                0x0000236e                SQACAMachineStatusSequence
 .text.getSQACAInitData
                0x000023e8       0x5e Application/SpeedQueen.o
                0x000023e8                getSQACAInitData
 .text.IsACA    0x00002446       0x5e Application/SpeedQueen.o
                0x00002446                IsACA
 .text.sendSQACAMimicQuantumVending
                0x000024a4       0x32 Application/SpeedQueen.o
                0x000024a4                sendSQACAMimicQuantumVending
 .text.sendSQACAVendingTransaction
                0x000024d6       0x76 Application/SpeedQueen.o
                0x000024d6                sendSQACAVendingTransaction
 .text.SQACAInitializationSequence
                0x0000254c       0x3a Application/SpeedQueen.o
                0x0000254c                SQACAInitializationSequence
 .text.isMachineCycleRunning
                0x00002586        0xe Application/SpeedQueen.o
                0x00002586                isMachineCycleRunning
 .text.waitForMachineStartKey
                0x00002594       0x16 Application/SpeedQueen.o
                0x00002594                waitForMachineStartKey
 .text.SQACAMachineStatusCommSequence
                0x000025aa       0x10 Application/SpeedQueen.o
                0x000025aa                SQACAMachineStatusCommSequence
 .text.getSQReaderMachineSetup
                0x000025ba      0x332 Application/SpeedQueen.o
                0x000025ba                getSQReaderMachineSetup
 .text.initReader
                0x000028ec       0xde Application/reader.o
                0x000028ec                initReader
 .text.storeOfflineTransaction
                0x000029ca      0x234 Application/reader.o
                0x000029ca                storeOfflineTransaction
 .text.sendStoredTransaction
                0x00002bfe       0xc8 Application/reader.o
                0x00002bfe                sendStoredTransaction
 .text.WaitForMachine
                0x00002cc6        0x8 Application/reader.o
                0x00002cc6                WaitForMachine
 .text.InitTimerZero
                0x00002cce       0x10 Application/reader.o
                0x00002cce                InitTimerZero
 .text.StopTimerZero
                0x00002cde        0x4 Application/reader.o
                0x00002cde                StopTimerZero
 .text.StartTimerZero
                0x00002ce2        0xe Application/reader.o
                0x00002ce2                StartTimerZero
 .text.__vector_21
                0x00002cf0       0x22 Application/reader.o
                0x00002cf0                __vector_21
 .text.padLeft  0x00002d12       0xb0 Application/zstring.o
                0x00002d12                padLeft
 .text.SetTimeOut
                0x00002dc2       0x5a mifare/Mifare.o
                0x00002dc2                SetTimeOut
 .text.Rc522Init
                0x00002e1c       0xc4 mifare/Mifare.o
                0x00002e1c                Rc522Init
 .text.M522PcdCmd
                0x00002ee0      0x30e mifare/Mifare.o
                0x00002ee0                M522PcdCmd
 .text.Request  0x000031ee       0xbe mifare/Mifare.o
                0x000031ee                Request
 .text.CascAnticoll
                0x000032ac      0x23c mifare/Mifare.o
                0x000032ac                CascAnticoll
 .text.Select   0x000034e8       0xc0 mifare/Mifare.o
                0x000034e8                Select
 .text.AnticollSelect
                0x000035a8      0x154 mifare/Mifare.o
                0x000035a8                AnticollSelect
 .text.Authentication
                0x000036fc       0x98 mifare/Mifare.o
                0x000036fc                Authentication
 .text.Read     0x00003794       0xba mifare/Mifare.o
                0x00003794                Read
 .text.readCardID
                0x0000384e       0x10 mifare/Mifare.o
                0x0000384e                readCardID
 .text.RcSetReg
                0x0000385e       0x28 mifare/RegCtrl.o
                0x0000385e                RcSetReg
 .text.RcGetReg
                0x00003886       0x14 mifare/RegCtrl.o
                0x00003886                RcGetReg
 .text.RcModifyReg
                0x0000389a       0x48 mifare/RegCtrl.o
                0x0000389a                RcModifyReg
 .text.Spi_initialize
                0x000038e2       0x30 SPI/spi.o
                0x000038e2                Spi_initialize
 .text.Spi_send
                0x00003912        0xa SPI/spi.o
                0x00003912                Spi_send
 .text.Spi_receive
                0x0000391c        0xe SPI/spi.o
                0x0000391c                Spi_receive
 .text.startup.main
                0x0000392a       0x42 main.o
                0x0000392a                main
 .text.radioInit
                0x0000396c       0x5c Radio/radio.o
                0x0000396c                radioInit
 .text.radioRxStartEvent
                0x000039c8       0x10 Radio/radio.o
                0x000039c8                radioRxStartEvent
 .text.radioGetSavedRssiValue
                0x000039d8       0x1e Radio/radio.o
                0x000039d8                radioGetSavedRssiValue
 .text.radioGetSavedLqiValue
                0x000039f6        0x6 Radio/radio.o
                0x000039f6                radioGetSavedLqiValue
 .text.radioSetOperatingChannel
                0x000039fc       0x5c Radio/radio.o
                0x000039fc                radioSetOperatingChannel
 .text.radioSetClockSpeed
                0x00003a58       0x40 Radio/radio.o
                0x00003a58                radioSetClockSpeed
 .text.radioGetTrxState
                0x00003a98        0x8 Radio/radio.o
                0x00003a98                radioGetTrxState
 .text.radioSetTrxState
                0x00003aa0      0x164 Radio/radio.o
                0x00003aa0                radioSetTrxState
 .text.radioTrxEndEvent
                0x00003c04      0x180 Radio/radio.o
                0x00003c04                radioTrxEndEvent
 .text.radioUseAutoTxCrc
                0x00003d84       0x4a Radio/radio.o
                0x00003d84                radioUseAutoTxCrc
 .text.radioSendData
                0x00003dce       0x86 Radio/radio.o
                0x00003dce                radioSendData
 .text.radioSetDeviceRole
                0x00003e54        0xe Radio/radio.o
                0x00003e54                radioSetDeviceRole
 .text.radioSetPanId
                0x00003e62        0xa Radio/radio.o
                0x00003e62                radioSetPanId
 .text.radioSetShortAddress
                0x00003e6c        0xa Radio/radio.o
                0x00003e6c                radioSetShortAddress
 .text.radioSetExtendedAddress
                0x00003e76       0x14 Radio/radio.o
                0x00003e76                radioSetExtendedAddress
 .text.radioRandom
                0x00003e8a       0x78 Radio/radio.o
                0x00003e8a                radioRandom
 .text.radioSetup900
                0x00003f02        0x2 Radio/radio.o
                0x00003f02                radioSetup900
 .text.__vector_59
                0x00003f04       0x50 Radio/hal_avr.o
                0x00003f04                __vector_59
 .text.__vector_60
                0x00003f54       0x50 Radio/hal_avr.o
                0x00003f54                __vector_60
 .text.__vector_63
                0x00003fa4       0x5a Radio/hal_avr.o
                0x00003fa4                __vector_63
 .text.__vector_61
                0x00003ffe       0x50 Radio/hal_avr.o
                0x00003ffe                __vector_61
 .text.calibrate_rc_osc
                0x0000404e       0xfa Radio/hal_avr.o
                0x0000404e                calibrate_rc_osc
 .text.halGetEeprom
                0x00004148       0x2a Radio/hal_avr.o
                0x00004148                halGetEeprom
 .text.halPutEeprom
                0x00004172       0x2a Radio/hal_avr.o
                0x00004172                halPutEeprom
 .text.macInit  0x0000419c       0xf6 RUM/mac.o
                0x0000419c                macInit
 .text.macSetOperatingChannel
                0x00004292        0x8 RUM/mac.o
                0x00004292                macSetOperatingChannel
 .text.macAssociationConfirm
                0x0000429a       0x14 RUM/mac_associate.o
                0x0000429a                macAssociationConfirm
 .text.macAssociate
                0x000042ae       0xa4 RUM/mac_associate.o
                0x000042ae                macAssociate
 .text.macIsChild
                0x00004352       0x26 RUM/mac_associate.o
                0x00004352                macIsChild
 .text.macAddChild
                0x00004378       0x86 RUM/mac_associate.o
                0x00004378                macAddChild
 .text.macRemoveChild
                0x000043fe       0x38 RUM/mac_associate.o
                0x000043fe                macRemoveChild
 .text.macInitNodes
                0x00004436        0x2 RUM/mac_associate.o
                0x00004436                macInitNodes
 .text.macWakeChildNode
                0x00004438        0x2 RUM/mac_associate.o
                0x00004438                macWakeChildNode
 .text.macChildIsAwake
                0x0000443a        0xa RUM/mac_associate.o
                0x0000443a                macChildIsAwake
 .text.sendBeaconFrame
                0x00004444       0x56 RUM/mac_beacon.o
                0x00004444                sendBeaconFrame
 .text.mdr_timer
                0x0000449a        0xc RUM/mac_data.o
                0x0000449a                mdr_timer
 .text.macDataRequestInt
                0x000044a6      0x10e RUM/mac_data.o
 .text.macDataRequest
                0x000045b4        0x6 RUM/mac_data.o
                0x000045b4                macDataRequest
 .text.macDataIndication
                0x000045ba       0x6e RUM/mac_data.o
                0x000045ba                macDataIndication
 .text.mp       0x00004628       0x8e RUM/mac_data.o
                0x00004628                mp
 .text.macPing  0x000046b6       0x36 RUM/mac_data.o
                0x000046b6                macPing
 .text.mac_event_pending
                0x000046ec       0x12 RUM/mac_event.o
                0x000046ec                mac_event_pending
 .text.mac_put_event
                0x000046fe       0x58 RUM/mac_event.o
                0x000046fe                mac_put_event
 .text.macTask  0x00004756      0x16c RUM/mac_event.o
                0x00004756                macTask
 .text.macForwardRoutingPacket
                0x000048c2       0x98 RUM/mac_route.o
                0x000048c2                macForwardRoutingPacket
 .text.macRouteAssociateResponse
                0x0000495a      0x11c RUM/mac_route.o
                0x0000495a                macRouteAssociateResponse
 .text.macRouteAssociateRequest
                0x00004a76      0x172 RUM/mac_route.o
                0x00004a76                macRouteAssociateRequest
 .text.macRouteData
                0x00004be8       0xe8 RUM/mac_route.o
                0x00004be8                macRouteData
 .text.macSendRoutingPacket
                0x00004cd0        0x4 RUM/mac_route.o
                0x00004cd0                macSendRoutingPacket
 .text.store_pandescriptors
                0x00004cd4       0x4c RUM/mac_scan.o
 .text.macIsScanning
                0x00004d20        0x6 RUM/mac_scan.o
                0x00004d20                macIsScanning
 .text.mac_logPanDescriptors
                0x00004d26       0x72 RUM/mac_scan.o
                0x00004d26                mac_logPanDescriptors
 .text.mac_scanConfirm
                0x00004d98       0x54 RUM/mac_scan.o
                0x00004d98                mac_scanConfirm
 .text.macScan  0x00004dec       0xba RUM/mac_scan.o
                0x00004dec                macScan
 .text.macEdCallback
                0x00004ea6        0x2 RUM/mac_scan.o
                0x00004ea6                macEdCallback
 .text.getUniqueID
                0x00004ea8       0x5a Timer/avr_timer.o
 .text.macSetAlarm
                0x00004f02       0xcc Timer/avr_timer.o
                0x00004f02                macSetAlarm
 .text.macSetLongAlarm
                0x00004fce       0xb8 Timer/avr_timer.o
                0x00004fce                macSetLongAlarm
 .text.macTimerEnd
                0x00005086       0x6e Timer/avr_timer.o
                0x00005086                macTimerEnd
 .text.timerInit
                0x000050f4       0x22 Timer/avr_timer.o
                0x000050f4                timerInit
 .text.__vector_32
                0x00005116      0x12a Timer/avr_timer.o
                0x00005116                __vector_32
 .text.__vector_35
                0x00005240       0x1e Timer/timer_enddevice.o
                0x00005240                __vector_35
 .text.__vector_12
                0x0000525e       0x1e Timer/timer_enddevice.o
                0x0000525e                __vector_12
 .text.init_rx_buf
                0x0000527c        0xa UART/serial.o
                0x0000527c                init_rx_buf
 .text.serial_init
                0x00005286       0x30 UART/serial.o
                0x00005286                serial_init
 .text.serial_putchar
                0x000052b6       0x84 UART/serial.o
                0x000052b6                serial_putchar
 .text.rx_buf_count
                0x0000533a       0x18 UART/serial.o
                0x0000533a                rx_buf_count
 .text.serial_getchar
                0x00005352       0x46 UART/serial.o
                0x00005352                serial_getchar
 .text.__vector_36
                0x00005398       0x8e UART/serial.o
                0x00005398                __vector_36
 .text.__vector_37
                0x00005426       0x76 UART/serial.o
                0x00005426                __vector_37
 .text.Ascii_to_nible
                0x0000549c       0x2a UART/serial.o
                0x0000549c                Ascii_to_nible
 .text.asciiStringToNibble
                0x000054c6       0x7a UART/serial.o
                0x000054c6                asciiStringToNibble
 .text.avr-libc
                0x00005540      0x74a c:/program files (x86)/atmel/studio/7.0/toolchain/avr8/avr8-gnu-toolchain/bin/../lib/gcc/avr/4.9.2/../../../../avr/lib/avr51\libprintf_flt.a(vfprintf_flt.o)
                0x00005540                vfprintf
 .text.avr-libc.fplib
                0x00005c8a        0xe c:/program files (x86)/atmel/studio/7.0/toolchain/avr8/avr8-gnu-toolchain/bin/../lib/gcc/avr/4.9.2/../../../../avr/lib/avr51\libm.a(addsf3.o)
                0x00005c8a                __subsf3
                0x00005c8c                __addsf3
 .text.avr-libc.fplib
                0x00005c98       0xcc c:/program files (x86)/atmel/studio/7.0/toolchain/avr8/avr8-gnu-toolchain/bin/../lib/gcc/avr/4.9.2/../../../../avr/lib/avr51\libm.a(addsf3x.o)
                0x00005cba                __addsf3x
 .text.avr-libc.fplib
                0x00005d64        0x8 c:/program files (x86)/atmel/studio/7.0/toolchain/avr8/avr8-gnu-toolchain/bin/../lib/gcc/avr/4.9.2/../../../../avr/lib/avr51\libm.a(divsf3.o)
                0x00005d64                __divsf3
 .text.avr-libc.fplib
                0x00005d6c       0xdc c:/program files (x86)/atmel/studio/7.0/toolchain/avr8/avr8-gnu-toolchain/bin/../lib/gcc/avr/4.9.2/../../../../avr/lib/avr51\libm.a(divsf3x.o)
                0x00005d8c                __divsf3x
                0x00005d92                __divsf3_pse
 .text.avr-libc.fplib
                0x00005e48       0x5e c:/program files (x86)/atmel/studio/7.0/toolchain/avr8/avr8-gnu-toolchain/bin/../lib/gcc/avr/4.9.2/../../../../avr/lib/avr51\libm.a(fixunssfsi.o)
                0x00005e48                __fixunssfsi
 .text.avr-libc.fplib
                0x00005ea6       0x7a c:/program files (x86)/atmel/studio/7.0/toolchain/avr8/avr8-gnu-toolchain/bin/../lib/gcc/avr/4.9.2/../../../../avr/lib/avr51\libm.a(floatsisf.o)
                0x00005ea6                __floatunsisf
                0x00005eaa                __floatsisf
 .text.avr-libc.fplib
                0x00005f20        0xc c:/program files (x86)/atmel/studio/7.0/toolchain/avr8/avr8-gnu-toolchain/bin/../lib/gcc/avr/4.9.2/../../../../avr/lib/avr51\libm.a(fp_inf.o)
                0x00005f20                __fp_inf
 .text.avr-libc.fplib
                0x00005f2c        0x6 c:/program files (x86)/atmel/studio/7.0/toolchain/avr8/avr8-gnu-toolchain/bin/../lib/gcc/avr/4.9.2/../../../../avr/lib/avr51\libm.a(fp_nan.o)
                0x00005f2c                __fp_nan
 .text.avr-libc.fplib
                0x00005f32        0xe c:/program files (x86)/atmel/studio/7.0/toolchain/avr8/avr8-gnu-toolchain/bin/../lib/gcc/avr/4.9.2/../../../../avr/lib/avr51\libm.a(fp_pscA.o)
                0x00005f32                __fp_pscA
 .text.avr-libc.fplib
                0x00005f40        0xe c:/program files (x86)/atmel/studio/7.0/toolchain/avr8/avr8-gnu-toolchain/bin/../lib/gcc/avr/4.9.2/../../../../avr/lib/avr51\libm.a(fp_pscB.o)
                0x00005f40                __fp_pscB
 .text.avr-libc.fplib
                0x00005f4e       0x22 c:/program files (x86)/atmel/studio/7.0/toolchain/avr8/avr8-gnu-toolchain/bin/../lib/gcc/avr/4.9.2/../../../../avr/lib/avr51\libm.a(fp_round.o)
                0x00005f4e                __fp_round
 .text.avr-libc.fplib
                0x00005f70       0x44 c:/program files (x86)/atmel/studio/7.0/toolchain/avr8/avr8-gnu-toolchain/bin/../lib/gcc/avr/4.9.2/../../../../avr/lib/avr51\libm.a(fp_split3.o)
                0x00005f70                __fp_split3
                0x00005f80                __fp_splitA
 .text.avr-libc.fplib
                0x00005fb4        0xe c:/program files (x86)/atmel/studio/7.0/toolchain/avr8/avr8-gnu-toolchain/bin/../lib/gcc/avr/4.9.2/../../../../avr/lib/avr51\libm.a(fp_zero.o)
                0x00005fb4                __fp_zero
                0x00005fb6                __fp_szero
 .text.libgcc.div
                0x00005fc2       0x28 c:/program files (x86)/atmel/studio/7.0/toolchain/avr8/avr8-gnu-toolchain/bin/../lib/gcc/avr/4.9.2/avr51\libgcc.a(_divmodhi4.o)
                0x00005fc2                _div
                0x00005fc2                __divmodhi4
 .text.libgcc.div
                0x00005fea       0x44 c:/program files (x86)/atmel/studio/7.0/toolchain/avr8/avr8-gnu-toolchain/bin/../lib/gcc/avr/4.9.2/avr51\libgcc.a(_udivmodsi4.o)
                0x00005fea                __udivmodsi4
 .text.libgcc   0x0000602e       0x12 c:/program files (x86)/atmel/studio/7.0/toolchain/avr8/avr8-gnu-toolchain/bin/../lib/gcc/avr/4.9.2/avr51\libgcc.a(_tablejump2.o)
                0x0000602e                __tablejump2__
 .text.libgcc.mul
                0x00006040       0x1e c:/program files (x86)/atmel/studio/7.0/toolchain/avr8/avr8-gnu-toolchain/bin/../lib/gcc/avr/4.9.2/avr51\libgcc.a(_umulhisi3.o)
                0x00006040                __umulhisi3
 .text.libgcc.builtins
                0x0000605e       0x3c c:/program files (x86)/atmel/studio/7.0/toolchain/avr8/avr8-gnu-toolchain/bin/../lib/gcc/avr/4.9.2/avr51\libgcc.a(_ashrdi3.o)
                0x0000605e                __ashrdi3
                0x00006062                __lshrdi3
 .text.libgcc.div
                0x0000609a       0x28 c:/program files (x86)/atmel/studio/7.0/toolchain/avr8/avr8-gnu-toolchain/bin/../lib/gcc/avr/4.9.2/avr51\libgcc.a(_udivmodhi4.o)
                0x0000609a                __udivmodhi4
 .text.avr-libc
                0x000060c2      0x25a c:/program files (x86)/atmel/studio/7.0/toolchain/avr8/avr8-gnu-toolchain/bin/../lib/gcc/avr/4.9.2/../../../../avr/lib/avr51\libc.a(malloc.o)
                0x000060c2                malloc
                0x000061ec                free
 .text.avr-libc
                0x0000631c       0xb4 c:/program files (x86)/atmel/studio/7.0/toolchain/avr8/avr8-gnu-toolchain/bin/../lib/gcc/avr/4.9.2/../../../../avr/lib/avr51\libc.a(rand.o)
                0x000063ae                rand_r
                0x000063b2                rand
                0x000063ba                srand
 .text.avr-libc
                0x000063d0      0x270 c:/program files (x86)/atmel/studio/7.0/toolchain/avr8/avr8-gnu-toolchain/bin/../lib/gcc/avr/4.9.2/../../../../avr/lib/avr51\libc.a(strtoul.o)
                0x000063d0                strtoul
 .text.avr-libc
                0x00006640        0x8 c:/program files (x86)/atmel/studio/7.0/toolchain/avr8/avr8-gnu-toolchain/bin/../lib/gcc/avr/4.9.2/../../../../avr/lib/avr51\libc.a(atof.o)
                0x00006640                atof
 .text.avr-libc
                0x00006648       0x3c c:/program files (x86)/atmel/studio/7.0/toolchain/avr8/avr8-gnu-toolchain/bin/../lib/gcc/avr/4.9.2/../../../../avr/lib/avr51\libc.a(atoi.o)
                0x00006648                atoi
 .text.avr-libc
                0x00006684      0x1b0 c:/program files (x86)/atmel/studio/7.0/toolchain/avr8/avr8-gnu-toolchain/bin/../lib/gcc/avr/4.9.2/../../../../avr/lib/avr51\libc.a(ftoa_engine.o)
                0x00006684                __ftoa_engine
 .text.avr-libc
                0x00006834       0x12 c:/program files (x86)/atmel/studio/7.0/toolchain/avr8/avr8-gnu-toolchain/bin/../lib/gcc/avr/4.9.2/../../../../avr/lib/avr51\libc.a(isspace.o)
                0x00006834                isspace
 .text.avr-libc
                0x00006846       0x16 c:/program files (x86)/atmel/studio/7.0/toolchain/avr8/avr8-gnu-toolchain/bin/../lib/gcc/avr/4.9.2/../../../../avr/lib/avr51\libc.a(strnlen_P.o)
                0x00006846                strnlen_P
 .text.avr-libc
                0x0000685c       0x1a c:/program files (x86)/atmel/studio/7.0/toolchain/avr8/avr8-gnu-toolchain/bin/../lib/gcc/avr/4.9.2/../../../../avr/lib/avr51\libc.a(memcmp.o)
                0x0000685c                memcmp
 .text.avr-libc
                0x00006876       0x12 c:/program files (x86)/atmel/studio/7.0/toolchain/avr8/avr8-gnu-toolchain/bin/../lib/gcc/avr/4.9.2/../../../../avr/lib/avr51\libc.a(memcpy.o)
                0x00006876                memcpy
 .text.avr-libc
                0x00006888       0x16 c:/program files (x86)/atmel/studio/7.0/toolchain/avr8/avr8-gnu-toolchain/bin/../lib/gcc/avr/4.9.2/../../../../avr/lib/avr51\libc.a(strchr.o)
                0x00006888                strchr
 .text.avr-libc
                0x0000689e       0x12 c:/program files (x86)/atmel/studio/7.0/toolchain/avr8/avr8-gnu-toolchain/bin/../lib/gcc/avr/4.9.2/../../../../avr/lib/avr51\libc.a(strcmp.o)
                0x0000689e                strcmp
 .text.avr-libc
                0x000068b0        0xe c:/program files (x86)/atmel/studio/7.0/toolchain/avr8/avr8-gnu-toolchain/bin/../lib/gcc/avr/4.9.2/../../../../avr/lib/avr51\libc.a(strcpy.o)
                0x000068b0                strcpy
 .text.avr-libc
                0x000068be       0x1e c:/program files (x86)/atmel/studio/7.0/toolchain/avr8/avr8-gnu-toolchain/bin/../lib/gcc/avr/4.9.2/../../../../avr/lib/avr51\libc.a(strncpy.o)
                0x000068be                strncpy
 .text.avr-libc
                0x000068dc       0x16 c:/program files (x86)/atmel/studio/7.0/toolchain/avr8/avr8-gnu-toolchain/bin/../lib/gcc/avr/4.9.2/../../../../avr/lib/avr51\libc.a(strnlen.o)
                0x000068dc                strnlen
 .text.avr-libc
                0x000068f2       0x34 c:/program files (x86)/atmel/studio/7.0/toolchain/avr8/avr8-gnu-toolchain/bin/../lib/gcc/avr/4.9.2/../../../../avr/lib/avr51\libc.a(strstr.o)
                0x000068f2                strstr
 .text.avr-libc
                0x00006926       0x10 c:/program files (x86)/atmel/studio/7.0/toolchain/avr8/avr8-gnu-toolchain/bin/../lib/gcc/avr/4.9.2/../../../../avr/lib/avr51\libc.a(mul10.o)
                0x00006926                __mulhi_const_10
 .text.avr-libc
                0x00006936       0x44 c:/program files (x86)/atmel/studio/7.0/toolchain/avr8/avr8-gnu-toolchain/bin/../lib/gcc/avr/4.9.2/../../../../avr/lib/avr51\libc.a(ultoa_ncheck.o)
                0x00006936                __ultoa_ncheck
                0x00006938                __ultoa_common
 .text.avr-libc
                0x0000697a       0x70 c:/program files (x86)/atmel/studio/7.0/toolchain/avr8/avr8-gnu-toolchain/bin/../lib/gcc/avr/4.9.2/../../../../avr/lib/avr51\libc.a(fputc.o)
                0x0000697a                fputc
 .text.avr-libc
                0x000069ea       0x60 c:/program files (x86)/atmel/studio/7.0/toolchain/avr8/avr8-gnu-toolchain/bin/../lib/gcc/avr/4.9.2/../../../../avr/lib/avr51\libc.a(sprintf.o)
                0x000069ea                sprintf
 .text.avr-libc
                0x00006a4a       0xbc c:/program files (x86)/atmel/studio/7.0/toolchain/avr8/avr8-gnu-toolchain/bin/../lib/gcc/avr/4.9.2/../../../../avr/lib/avr51\libc.a(ultoa_invert.o)
                0x00006a4a                __ultoa_invert
 .text.avr-libc
                0x00006b06      0x2de c:/program files (x86)/atmel/studio/7.0/toolchain/avr8/avr8-gnu-toolchain/bin/../lib/gcc/avr/4.9.2/../../../../avr/lib/avr51\libc.a(strtod.o)
                0x00006b06                strtod
 .text.avr-libc
                0x00006de4        0x6 c:/program files (x86)/atmel/studio/7.0/toolchain/avr8/avr8-gnu-toolchain/bin/../lib/gcc/avr/4.9.2/../../../../avr/lib/avr51\libc.a(cty_isfalse.o)
                0x00006de4                __ctype_isfalse
                0x00006de8                __ctype_istrue
 .text.avr-libc
                0x00006dea       0x30 c:/program files (x86)/atmel/studio/7.0/toolchain/avr8/avr8-gnu-toolchain/bin/../lib/gcc/avr/4.9.2/../../../../avr/lib/avr51\libc.a(strncasecmp_P.o)
                0x00006dea                strncasecmp_P
 .text.avr-libc
                0x00006e1a       0x20 c:/program files (x86)/atmel/studio/7.0/toolchain/avr8/avr8-gnu-toolchain/bin/../lib/gcc/avr/4.9.2/../../../../avr/lib/avr51\libc.a(strrev.o)
                0x00006e1a                strrev
 .text.avr-libc.fplib
                0x00006e3a        0xa c:/program files (x86)/atmel/studio/7.0/toolchain/avr8/avr8-gnu-toolchain/bin/../lib/gcc/avr/4.9.2/../../../../avr/lib/avr51\libc.a(cmpsf2.o)
                0x00006e3a                __nesf2
                0x00006e3a                __eqsf2
                0x00006e3a                __cmpsf2
                0x00006e3a                __ltsf2
                0x00006e3a                __lesf2
 .text.avr-libc.fplib
                0x00006e44       0x48 c:/program files (x86)/atmel/studio/7.0/toolchain/avr8/avr8-gnu-toolchain/bin/../lib/gcc/avr/4.9.2/../../../../avr/lib/avr51\libc.a(fp_cmp.o)
                0x00006e44                __fp_cmp
 .text.avr-libc.fplib
                0x00006e8c        0x8 c:/program files (x86)/atmel/studio/7.0/toolchain/avr8/avr8-gnu-toolchain/bin/../lib/gcc/avr/4.9.2/../../../../avr/lib/avr51\libc.a(mulsf3.o)
                0x00006e8c                __mulsf3
 .text.avr-libc.fplib
                0x00006e94       0xd2 c:/program files (x86)/atmel/studio/7.0/toolchain/avr8/avr8-gnu-toolchain/bin/../lib/gcc/avr/4.9.2/../../../../avr/lib/avr51\libc.a(mulsf3x.o)
                0x00006eb2                __mulsf3x
                0x00006eb8                __mulsf3_pse
 .text.avr-libc
                0x00006f66       0x20 C:/Program Files (x86)/Atmel/Studio/7.0/Packs/atmel/ATmega_DFP/1.1.130/gcc/dev/atmega128rfa1/avr51\libatmega128rfa1.a(eerd_block.o)
                0x00006f66                eeprom_read_block
                0x00006f6a                eeprom_read_blraw
 .text.avr-libc
                0x00006f86       0x24 C:/Program Files (x86)/Atmel/Studio/7.0/Packs/atmel/ATmega_DFP/1.1.130/gcc/dev/atmega128rfa1/avr51\libatmega128rfa1.a(eeupd_byte.o)
                0x00006f86                eeprom_update_byte
                0x00006f88                eeprom_update_r18
 .text.avr-libc
                0x00006faa       0x14 C:/Program Files (x86)/Atmel/Studio/7.0/Packs/atmel/ATmega_DFP/1.1.130/gcc/dev/atmega128rfa1/avr51\libatmega128rfa1.a(eewr_block.o)
                0x00006faa                eeprom_write_block
 .text.avr-libc
                0x00006fbe       0x1c C:/Program Files (x86)/Atmel/Studio/7.0/Packs/atmel/ATmega_DFP/1.1.130/gcc/dev/atmega128rfa1/avr51\libatmega128rfa1.a(eewr_byte.o)
                0x00006fbe                eeprom_write_byte
                0x00006fc0                eeprom_write_r18
 .text.libgcc.mul
                0x00006fda       0x20 c:/program files (x86)/atmel/studio/7.0/toolchain/avr8/avr8-gnu-toolchain/bin/../lib/gcc/avr/4.9.2/avr51\libgcc.a(_mulsi3.o)
                0x00006fda                __mulsi3
 .text.libgcc.div
                0x00006ffa       0x2e c:/program files (x86)/atmel/studio/7.0/toolchain/avr8/avr8-gnu-toolchain/bin/../lib/gcc/avr/4.9.2/avr51\libgcc.a(_divmodsi4.o)
                0x00006ffa                __divmodsi4
 .text.libgcc.div
                0x00007028       0x10 c:/program files (x86)/atmel/studio/7.0/toolchain/avr8/avr8-gnu-toolchain/bin/../lib/gcc/avr/4.9.2/avr51\libgcc.a(_negsi2.o)
                0x00007028                __negsi2
 .text.libgcc.mul
                0x00007038       0x16 c:/program files (x86)/atmel/studio/7.0/toolchain/avr8/avr8-gnu-toolchain/bin/../lib/gcc/avr/4.9.2/avr51\libgcc.a(_muluhisi3.o)
                0x00007038                __muluhisi3
 .text.libgcc.mul
                0x0000704e       0x10 c:/program files (x86)/atmel/studio/7.0/toolchain/avr8/avr8-gnu-toolchain/bin/../lib/gcc/avr/4.9.2/avr51\libgcc.a(_mulshisi3.o)
                0x0000704e                __mulshisi3
                0x00007054                __mulohisi3
                0x0000705e                . = ALIGN (0x2)
 *(.fini9)
 .fini9         0x0000705e        0x0 c:/program files (x86)/atmel/studio/7.0/toolchain/avr8/avr8-gnu-toolchain/bin/../lib/gcc/avr/4.9.2/avr51\libgcc.a(_exit.o)
                0x0000705e                _exit
                0x0000705e                exit
 *(.fini9)
 *(.fini8)
 *(.fini8)
 *(.fini7)
 *(.fini7)
 *(.fini6)
 *(.fini6)
 *(.fini5)
 *(.fini5)
 *(.fini4)
 *(.fini4)
 *(.fini3)
 *(.fini3)
 *(.fini2)
 *(.fini2)
 *(.fini1)
 *(.fini1)
 *(.fini0)
 .fini0         0x0000705e        0x4 c:/program files (x86)/atmel/studio/7.0/toolchain/avr8/avr8-gnu-toolchain/bin/../lib/gcc/avr/4.9.2/avr51\libgcc.a(_exit.o)
 *(.fini0)
                0x00007062                _etext = .

.data           0x00800200      0x32a load address 0x00007062
                0x00800200                PROVIDE (__data_start, .)
 *(.data)
 .data          0x00800200        0x6 c:/program files (x86)/atmel/studio/7.0/toolchain/avr8/avr8-gnu-toolchain/bin/../lib/gcc/avr/4.9.2/../../../../avr/lib/avr51\libc.a(malloc.o)
                0x00800200                __malloc_heap_end
                0x00800202                __malloc_heap_start
                0x00800204                __malloc_margin
 .data          0x00800206        0x4 c:/program files (x86)/atmel/studio/7.0/toolchain/avr8/avr8-gnu-toolchain/bin/../lib/gcc/avr/4.9.2/../../../../avr/lib/avr51\libc.a(rand.o)
 *(.data*)
 .data.uiFunctionEntered
                0x0080020a        0x2 Application/application.o
                0x0080020a                uiFunctionEntered
 .data.SETUP_TIMEOUT
                0x0080020c        0x1 Application/application.o
                0x0080020c                SETUP_TIMEOUT
 .data.msgNumber
                0x0080020d       0x11 Application/display.o
                0x0080020d                msgNumber
 .data.scanChannel
                0x0080021e        0x1 RUM/mac_scan.o
                0x0080021e                scanChannel
 .data.secondTimer
                0x0080021f        0x2 Timer/avr_timer.o
 *(.rodata)
 .rodata        0x00800221        0x6 Application/application.o
 .rodata        0x00800227        0x8 Application/BowComm.o
 .rodata        0x0080022f        0xa Application/SpeedQueen.o
 *(.rodata*)
 .rodata.str1.1
                0x00800239       0x47 Application/application.o
                                 0x4c (size before relaxing)
 .rodata.str1.1
                0x00800280      0x25a Application/BowComm.o
                                0x25c (size before relaxing)
 .rodata.CSWTCH.23
                0x008004da       0x10 mifare/Mifare.o
 .rodata.CSWTCH.22
                0x008004ea       0x10 mifare/Mifare.o
 .rodata.CSWTCH.21
                0x008004fa       0x10 mifare/Mifare.o
 .rodata.CSWTCH.20
                0x0080050a       0x20 mifare/Mifare.o
 *(.gnu.linkonce.d*)
                0x0080052a                . = ALIGN (0x2)
                0x0080052a                _edata = .
                0x0080052a                PROVIDE (__data_end, .)

.bss            0x0080052a      0x7a3
                0x0080052a                PROVIDE (__bss_start, .)
 *(.bss)
 *(.bss*)
 .bss.Len.4450  0x0080052a        0x1 Application/application.o
 .bss.ucDataLength.4360
                0x0080052b        0x1 Application/application.o
 .bss.failCount
                0x0080052c        0x1 Application/application.o
 .bss.VALIDATION_TIMEOUT
                0x0080052d        0x1 Application/application.o
                0x0080052d                VALIDATION_TIMEOUT
 .bss.KPTOFlag  0x0080052e        0x1 Application/application.o
                0x0080052e                KPTOFlag
 .bss.TOFlag    0x0080052f        0x1 Application/application.o
                0x0080052f                TOFlag
 .bss.oLTTimerId.4053
                0x00800530        0x1 Application/BowComm.o
 .bss.MpIsrInfo
                0x00800531        0x2 mifare/Mifare.o
                0x00800531                MpIsrInfo
 .bss.radio_part_number.3584
                0x00800533        0x1 Radio/radio.o
 .bss.rssi_val  0x00800534        0x1 Radio/radio.o
 .bss.once.3484
                0x00800535        0x1 Radio/hal_avr.o
 .bss.childNodes
                0x00800536      0x12c RUM/mac_associate.o
 .bss.associationTimer
                0x00800662        0x1 RUM/mac_associate.o
 .bss.pingType  0x00800663        0x2 RUM/mac_data.o
 .bss.pingAddr  0x00800665        0x2 RUM/mac_data.o
 .bss.scanInProcess
                0x00800667        0x1 RUM/mac_scan.o
 .bss.currentTimerID.3607
                0x00800668        0x1 Timer/avr_timer.o
 .bss.tickTimer
                0x00800669        0x2 Timer/avr_timer.o
 .bss.timerRunning
                0x0080066b        0x1 Timer/avr_timer.o
 .bss.longTimerEvents
                0x0080066c       0x64 Timer/avr_timer.o
 .bss.timerEvents
                0x008006d0       0x64 Timer/avr_timer.o
 .bss.WDTFlag   0x00800734        0x1 Timer/timer_enddevice.o
                0x00800734                WDTFlag
 .bss.GenericTimerFlag
                0x00800735        0x1 Timer/timer_enddevice.o
                0x00800735                GenericTimerFlag
 .bss.pause     0x00800736        0x1 UART/serial.o
 .bss.rx        0x00800737        0x1 UART/serial.o
 .bss.rx_handler
                0x00800738        0x2 UART/serial.o
 .bss.rxbuf     0x0080073a       0x82 UART/serial.o
 .bss.txbuf     0x008007bc       0x82 UART/serial.o
 *(COMMON)
 COMMON         0x0080083e      0x2d3 Application/application.o
                0x0080083e                ParamStr
                0x008008a2                SQACAFrontloadProgramming
                0x008008c8                SQACAToploadProgramming
                0x008008fb                SQACAAuditData
                0x00800929                CurrentAccount
                0x00800933                ucNumberOfRetry
                0x00800934                ReaderStateFlag
                0x00800936                DataBuffer
                0x008009b6                vendType
                0x008009b7                OP
                0x008009b8                ucMachineWait
                0x008009b9                ucDeviceStateFlag
                0x008009ba                ReaderSetup
                0x00800a02                VENDTYPE
                0x00800a03                timeout
                0x00800a04                SQACADryerProgramming
                0x00800a30                ucCardStatus
                0x00800a31                ucSendDataBuffer
                0x00800af1                deviceStatus
                0x00800af4                gotPanCoordPing
                0x00800af5                SQACAMachineStatus
                0x00800b0f                ucSendDataSize
                0x00800b10                deviceFlag
 COMMON         0x00800b11        0xb Application/reader.o
                0x00800b11                cardId
                0x00800b13                ucTopOffTime
                0x00800b14                ucCardErrorCode
                0x00800b15                ucTimerCount
                0x00800b16                vendPrice
                0x00800b1a                ucCardBalance
 COMMON         0x00800b1c       0x1c mifare/Mifare.o
                0x00800b1c                SerBuffer
                0x00800b30                MInfo
 COMMON         0x00800b38      0x11d RUM/mac.o
                0x00800b38                mac_buffer_rx
                0x00800bba                mac_buffer_tx
                0x00800c3c                macConfig
 COMMON         0x00800c55       0x5c RUM/mac_event.o
                0x00800c55                event_queue
 COMMON         0x00800cb1       0x16 RUM/mac_scan.o
                0x00800cb1                panDescriptor
 COMMON         0x00800cc7        0x4 c:/program files (x86)/atmel/studio/7.0/toolchain/avr8/avr8-gnu-toolchain/bin/../lib/gcc/avr/4.9.2/../../../../avr/lib/avr51\libc.a(malloc.o)
                0x00800cc7                __brkval
                0x00800cc9                __flp
 COMMON         0x00800ccb        0x2 c:/program files (x86)/atmel/studio/7.0/toolchain/avr8/avr8-gnu-toolchain/bin/../lib/gcc/avr/4.9.2/../../../../avr/lib/avr51\libc.a(errno.o)
                0x00800ccb                errno
                0x00800ccd                PROVIDE (__bss_end, .)
                0x00007062                __data_load_start = LOADADDR (.data)
                0x0000738c                __data_load_end = (__data_load_start + SIZEOF (.data))

.noinit         0x00800ccd        0x0
                [!provide]                PROVIDE (__noinit_start, .)
 *(.noinit*)
                [!provide]                PROVIDE (__noinit_end, .)
                0x00800ccd                _end = .
                0x00800ccd                PROVIDE (__heap_start, .)

.eeprom         0x00810000        0x0
 *(.eeprom*)
                0x00810000                __eeprom_end = .

.fuse
 *(.fuse)
 *(.lfuse)
 *(.hfuse)
 *(.efuse)

.lock
 *(.lock*)

.signature
 *(.signature*)

.user_signatures
 *(.user_signatures*)

.stab
 *(.stab)

.stabstr
 *(.stabstr)

.stab.excl
 *(.stab.excl)

.stab.exclstr
 *(.stab.exclstr)

.stab.index
 *(.stab.index)

.stab.indexstr
 *(.stab.indexstr)

.comment        0x00000000       0x5c
 *(.comment)
 .comment       0x00000000       0x30 Application/application.o
                                 0x31 (size before relaxing)
 .comment       0x00000030       0x31 Application/BowComm.o
 .comment       0x00000030       0x31 Application/display.o
 .comment       0x00000030       0x31 Application/SpeedQueen.o
 .comment       0x00000030       0x31 Application/reader.o
 .comment       0x00000030       0x31 Application/zstring.o
 .comment       0x00000030       0x31 mifare/Mifare.o
 .comment       0x00000030       0x31 mifare/RegCtrl.o
 .comment       0x00000030       0x31 SPI/spi.o
 .comment       0x00000030       0x31 main.o
 .comment       0x00000030       0x31 Radio/radio.o
 .comment       0x00000030       0x31 Radio/hal_avr.o
 .comment       0x00000030       0x31 RUM/mac.o
 .comment       0x00000030       0x31 RUM/mac_associate.o
 .comment       0x00000030       0x31 RUM/mac_beacon.o
 .comment       0x00000030       0x31 RUM/mac_data.o
 .comment       0x00000030       0x31 RUM/mac_event.o
 .comment       0x00000030       0x31 RUM/mac_route.o
 .comment       0x00000030       0x31 RUM/mac_scan.o
 .comment       0x00000030       0x31 Timer/avr_timer.o
 .comment       0x00000030       0x31 Timer/timer_enddevice.o
 .comment       0x00000030       0x31 UART/serial.o
 .comment       0x00000030       0x2c c:/program files (x86)/atmel/studio/7.0/toolchain/avr8/avr8-gnu-toolchain/bin/../lib/gcc/avr/4.9.2/../../../../avr/lib/avr51\libprintf_flt.a(vfprintf_flt.o)
                                 0x2d (size before relaxing)
 .comment       0x0000005c       0x31 c:/program files (x86)/atmel/studio/7.0/toolchain/avr8/avr8-gnu-toolchain/bin/../lib/gcc/avr/4.9.2/../../../../avr/lib/avr51\libc.a(malloc.o)
 .comment       0x0000005c       0x31 c:/program files (x86)/atmel/studio/7.0/toolchain/avr8/avr8-gnu-toolchain/bin/../lib/gcc/avr/4.9.2/../../../../avr/lib/avr51\libc.a(rand.o)
 .comment       0x0000005c       0x31 c:/program files (x86)/atmel/studio/7.0/toolchain/avr8/avr8-gnu-toolchain/bin/../lib/gcc/avr/4.9.2/../../../../avr/lib/avr51\libc.a(strtoul.o)
 .comment       0x0000005c       0x31 c:/program files (x86)/atmel/studio/7.0/toolchain/avr8/avr8-gnu-toolchain/bin/../lib/gcc/avr/4.9.2/../../../../avr/lib/avr51\libc.a(fputc.o)
 .comment       0x0000005c       0x31 c:/program files (x86)/atmel/studio/7.0/toolchain/avr8/avr8-gnu-toolchain/bin/../lib/gcc/avr/4.9.2/../../../../avr/lib/avr51\libc.a(sprintf.o)
 .comment       0x0000005c       0x2d c:/program files (x86)/atmel/studio/7.0/toolchain/avr8/avr8-gnu-toolchain/bin/../lib/gcc/avr/4.9.2/../../../../avr/lib/avr51\libc.a(errno.o)
 .comment       0x0000005c       0x31 c:/program files (x86)/atmel/studio/7.0/toolchain/avr8/avr8-gnu-toolchain/bin/../lib/gcc/avr/4.9.2/../../../../avr/lib/avr51\libc.a(strtod.o)

.note.gnu.avr.deviceinfo
                0x00000000       0x40
 .note.gnu.avr.deviceinfo
                0x00000000       0x40 C:/Program Files (x86)/Atmel/Studio/7.0/Packs/atmel/ATmega_DFP/1.1.130/gcc/dev/atmega128rfa1/avr51/crtatmega128rfa1.o

.note.gnu.build-id
 *(.note.gnu.build-id)

.debug
 *(.debug)

.line
 *(.line)

.debug_srcinfo
 *(.debug_srcinfo)

.debug_sfnames
 *(.debug_sfnames)

.debug_aranges  0x00000000      0xa80
 *(.debug_aranges)
 .debug_aranges
                0x00000000      0x128 Application/application.o
 .debug_aranges
                0x00000128       0x70 Application/BowComm.o
 .debug_aranges
                0x00000198       0x48 Application/display.o
 .debug_aranges
                0x000001e0       0xd0 Application/SpeedQueen.o
 .debug_aranges
                0x000002b0       0x78 Application/reader.o
 .debug_aranges
                0x00000328       0x20 Application/zstring.o
 .debug_aranges
                0x00000348       0x98 mifare/Mifare.o
 .debug_aranges
                0x000003e0       0x40 mifare/RegCtrl.o
 .debug_aranges
                0x00000420       0x48 SPI/spi.o
 .debug_aranges
                0x00000468       0x28 main.o
 .debug_aranges
                0x00000490       0xf8 Radio/radio.o
 .debug_aranges
                0x00000588       0x60 Radio/hal_avr.o
 .debug_aranges
                0x000005e8       0x28 RUM/mac.o
 .debug_aranges
                0x00000610       0xf0 RUM/mac_associate.o
 .debug_aranges
                0x00000700       0x20 RUM/mac_beacon.o
 .debug_aranges
                0x00000720       0x70 RUM/mac_data.o
 .debug_aranges
                0x00000790       0x38 RUM/mac_event.o
 .debug_aranges
                0x000007c8       0x48 RUM/mac_route.o
 .debug_aranges
                0x00000810       0x60 RUM/mac_scan.o
 .debug_aranges
                0x00000870       0x50 Timer/avr_timer.o
 .debug_aranges
                0x000008c0       0x68 Timer/timer_enddevice.o
 .debug_aranges
                0x00000928       0xd8 UART/serial.o
 .debug_aranges
                0x00000a00       0x20 C:/Program Files (x86)/Atmel/Studio/7.0/Packs/atmel/ATmega_DFP/1.1.130/gcc/dev/atmega128rfa1/avr51\libatmega128rfa1.a(eerd_block.o)
 .debug_aranges
                0x00000a20       0x20 C:/Program Files (x86)/Atmel/Studio/7.0/Packs/atmel/ATmega_DFP/1.1.130/gcc/dev/atmega128rfa1/avr51\libatmega128rfa1.a(eeupd_byte.o)
 .debug_aranges
                0x00000a40       0x20 C:/Program Files (x86)/Atmel/Studio/7.0/Packs/atmel/ATmega_DFP/1.1.130/gcc/dev/atmega128rfa1/avr51\libatmega128rfa1.a(eewr_block.o)
 .debug_aranges
                0x00000a60       0x20 C:/Program Files (x86)/Atmel/Studio/7.0/Packs/atmel/ATmega_DFP/1.1.130/gcc/dev/atmega128rfa1/avr51\libatmega128rfa1.a(eewr_byte.o)

.debug_pubnames
 *(.debug_pubnames)

.debug_info     0x00000000    0x127d5
 *(.debug_info .gnu.linkonce.wi.*)
 .debug_info    0x00000000     0x1160 C:/Program Files (x86)/Atmel/Studio/7.0/Packs/atmel/ATmega_DFP/1.1.130/gcc/dev/atmega128rfa1/avr51/crtatmega128rfa1.o
 .debug_info    0x00001160     0x2c12 Application/application.o
 .debug_info    0x00003d72     0x1d23 Application/BowComm.o
 .debug_info    0x00005a95     0x1109 Application/display.o
 .debug_info    0x00006b9e     0x1703 Application/SpeedQueen.o
 .debug_info    0x000082a1     0x1492 Application/reader.o
 .debug_info    0x00009733      0x200 Application/zstring.o
 .debug_info    0x00009933     0x1446 mifare/Mifare.o
 .debug_info    0x0000ad79      0x2a3 mifare/RegCtrl.o
 .debug_info    0x0000b01c      0x1c1 SPI/spi.o
 .debug_info    0x0000b1dd      0xd6e main.o
 .debug_info    0x0000bf4b     0x127a Radio/radio.o
 .debug_info    0x0000d1c5      0x521 Radio/hal_avr.o
 .debug_info    0x0000d6e6      0x534 RUM/mac.o
 .debug_info    0x0000dc1a      0xd37 RUM/mac_associate.o
 .debug_info    0x0000e951      0x339 RUM/mac_beacon.o
 .debug_info    0x0000ec8a      0x9f9 RUM/mac_data.o
 .debug_info    0x0000f683      0x8ee RUM/mac_event.o
 .debug_info    0x0000ff71      0x909 RUM/mac_route.o
 .debug_info    0x0001087a      0x8e6 RUM/mac_scan.o
 .debug_info    0x00011160      0x49d Timer/avr_timer.o
 .debug_info    0x000115fd      0x2b4 Timer/timer_enddevice.o
 .debug_info    0x000118b1      0xc61 UART/serial.o
 .debug_info    0x00012512       0xb1 C:/Program Files (x86)/Atmel/Studio/7.0/Packs/atmel/ATmega_DFP/1.1.130/gcc/dev/atmega128rfa1/avr51\libatmega128rfa1.a(eerd_block.o)
 .debug_info    0x000125c3       0xb1 C:/Program Files (x86)/Atmel/Studio/7.0/Packs/atmel/ATmega_DFP/1.1.130/gcc/dev/atmega128rfa1/avr51\libatmega128rfa1.a(eeupd_byte.o)
 .debug_info    0x00012674       0xb1 C:/Program Files (x86)/Atmel/Studio/7.0/Packs/atmel/ATmega_DFP/1.1.130/gcc/dev/atmega128rfa1/avr51\libatmega128rfa1.a(eewr_block.o)
 .debug_info    0x00012725       0xb0 C:/Program Files (x86)/Atmel/Studio/7.0/Packs/atmel/ATmega_DFP/1.1.130/gcc/dev/atmega128rfa1/avr51\libatmega128rfa1.a(eewr_byte.o)

.debug_abbrev   0x00000000     0x49d8
 *(.debug_abbrev)
 .debug_abbrev  0x00000000     0x1072 C:/Program Files (x86)/Atmel/Studio/7.0/Packs/atmel/ATmega_DFP/1.1.130/gcc/dev/atmega128rfa1/avr51/crtatmega128rfa1.o
 .debug_abbrev  0x00001072      0x529 Application/application.o
 .debug_abbrev  0x0000159b      0x39b Application/BowComm.o
 .debug_abbrev  0x00001936      0x257 Application/display.o
 .debug_abbrev  0x00001b8d      0x442 Application/SpeedQueen.o
 .debug_abbrev  0x00001fcf      0x2dd Application/reader.o
 .debug_abbrev  0x000022ac      0x10b Application/zstring.o
 .debug_abbrev  0x000023b7      0x2a8 mifare/Mifare.o
 .debug_abbrev  0x0000265f      0x17c mifare/RegCtrl.o
 .debug_abbrev  0x000027db      0x12d SPI/spi.o
 .debug_abbrev  0x00002908      0x210 main.o
 .debug_abbrev  0x00002b18      0x481 Radio/radio.o
 .debug_abbrev  0x00002f99      0x1f6 Radio/hal_avr.o
 .debug_abbrev  0x0000318f      0x1bd RUM/mac.o
 .debug_abbrev  0x0000334c      0x2dd RUM/mac_associate.o
 .debug_abbrev  0x00003629      0x129 RUM/mac_beacon.o
 .debug_abbrev  0x00003752      0x31e RUM/mac_data.o
 .debug_abbrev  0x00003a70      0x26e RUM/mac_event.o
 .debug_abbrev  0x00003cde      0x216 RUM/mac_route.o
 .debug_abbrev  0x00003ef4      0x302 RUM/mac_scan.o
 .debug_abbrev  0x000041f6      0x242 Timer/avr_timer.o
 .debug_abbrev  0x00004438      0x17b Timer/timer_enddevice.o
 .debug_abbrev  0x000045b3      0x3d5 UART/serial.o
 .debug_abbrev  0x00004988       0x14 C:/Program Files (x86)/Atmel/Studio/7.0/Packs/atmel/ATmega_DFP/1.1.130/gcc/dev/atmega128rfa1/avr51\libatmega128rfa1.a(eerd_block.o)
 .debug_abbrev  0x0000499c       0x14 C:/Program Files (x86)/Atmel/Studio/7.0/Packs/atmel/ATmega_DFP/1.1.130/gcc/dev/atmega128rfa1/avr51\libatmega128rfa1.a(eeupd_byte.o)
 .debug_abbrev  0x000049b0       0x14 C:/Program Files (x86)/Atmel/Studio/7.0/Packs/atmel/ATmega_DFP/1.1.130/gcc/dev/atmega128rfa1/avr51\libatmega128rfa1.a(eewr_block.o)
 .debug_abbrev  0x000049c4       0x14 C:/Program Files (x86)/Atmel/Studio/7.0/Packs/atmel/ATmega_DFP/1.1.130/gcc/dev/atmega128rfa1/avr51\libatmega128rfa1.a(eewr_byte.o)

.debug_line     0x00000000     0xa940
 *(.debug_line .debug_line.* .debug_line_end)
 .debug_line    0x00000000      0x247 C:/Program Files (x86)/Atmel/Studio/7.0/Packs/atmel/ATmega_DFP/1.1.130/gcc/dev/atmega128rfa1/avr51/crtatmega128rfa1.o
 .debug_line    0x00000247     0x10a7 Application/application.o
 .debug_line    0x000012ee      0x8ac Application/BowComm.o
 .debug_line    0x00001b9a      0x58b Application/display.o
 .debug_line    0x00002125     0x133d Application/SpeedQueen.o
 .debug_line    0x00003462      0x876 Application/reader.o
 .debug_line    0x00003cd8      0x1dc Application/zstring.o
 .debug_line    0x00003eb4      0xbf5 mifare/Mifare.o
 .debug_line    0x00004aa9      0x345 mifare/RegCtrl.o
 .debug_line    0x00004dee      0x328 SPI/spi.o
 .debug_line    0x00005116      0x59b main.o
 .debug_line    0x000056b1      0xc8a Radio/radio.o
 .debug_line    0x0000633b      0x5c4 Radio/hal_avr.o
 .debug_line    0x000068ff      0x4a2 RUM/mac.o
 .debug_line    0x00006da1      0x764 RUM/mac_associate.o
 .debug_line    0x00007505      0x417 RUM/mac_beacon.o
 .debug_line    0x0000791c      0x5f3 RUM/mac_data.o
 .debug_line    0x00007f0f      0x5ea RUM/mac_event.o
 .debug_line    0x000084f9      0x5fd RUM/mac_route.o
 .debug_line    0x00008af6      0x5f8 RUM/mac_scan.o
 .debug_line    0x000090ee      0x684 Timer/avr_timer.o
 .debug_line    0x00009772      0x59a Timer/timer_enddevice.o
 .debug_line    0x00009d0c      0x9b5 UART/serial.o
 .debug_line    0x0000a6c1       0xab C:/Program Files (x86)/Atmel/Studio/7.0/Packs/atmel/ATmega_DFP/1.1.130/gcc/dev/atmega128rfa1/avr51\libatmega128rfa1.a(eerd_block.o)
 .debug_line    0x0000a76c       0xb6 C:/Program Files (x86)/Atmel/Studio/7.0/Packs/atmel/ATmega_DFP/1.1.130/gcc/dev/atmega128rfa1/avr51\libatmega128rfa1.a(eeupd_byte.o)
 .debug_line    0x0000a822       0x80 C:/Program Files (x86)/Atmel/Studio/7.0/Packs/atmel/ATmega_DFP/1.1.130/gcc/dev/atmega128rfa1/avr51\libatmega128rfa1.a(eewr_block.o)
 .debug_line    0x0000a8a2       0x9e C:/Program Files (x86)/Atmel/Studio/7.0/Packs/atmel/ATmega_DFP/1.1.130/gcc/dev/atmega128rfa1/avr51\libatmega128rfa1.a(eewr_byte.o)

.debug_frame    0x00000000     0x1c08
 *(.debug_frame)
 .debug_frame   0x00000000      0x2f8 Application/application.o
 .debug_frame   0x000002f8      0x23c Application/BowComm.o
 .debug_frame   0x00000534       0xe8 Application/display.o
 .debug_frame   0x0000061c      0x2a4 Application/SpeedQueen.o
 .debug_frame   0x000008c0      0x138 Application/reader.o
 .debug_frame   0x000009f8       0x68 Application/zstring.o
 .debug_frame   0x00000a60      0x264 mifare/Mifare.o
 .debug_frame   0x00000cc4       0x98 mifare/RegCtrl.o
 .debug_frame   0x00000d5c       0x84 SPI/spi.o
 .debug_frame   0x00000de0       0x34 main.o
 .debug_frame   0x00000e14      0x1fc Radio/radio.o
 .debug_frame   0x00001010      0x210 Radio/hal_avr.o
 .debug_frame   0x00001220       0x4c RUM/mac.o
 .debug_frame   0x0000126c      0x1d0 RUM/mac_associate.o
 .debug_frame   0x0000143c       0x24 RUM/mac_beacon.o
 .debug_frame   0x00001460      0x110 RUM/mac_data.o
 .debug_frame   0x00001570       0x88 RUM/mac_event.o
 .debug_frame   0x000015f8       0x84 RUM/mac_route.o
 .debug_frame   0x0000167c       0xc0 RUM/mac_scan.o
 .debug_frame   0x0000173c      0x15c Timer/avr_timer.o
 .debug_frame   0x00001898       0xe8 Timer/timer_enddevice.o
 .debug_frame   0x00001980      0x288 UART/serial.o

.debug_str      0x00000000    0x21639
 *(.debug_str)
 .debug_str     0x00000000      0x6de C:/Program Files (x86)/Atmel/Studio/7.0/Packs/atmel/ATmega_DFP/1.1.130/gcc/dev/atmega128rfa1/avr51/crtatmega128rfa1.o
 .debug_str     0x000006de    0x1e9ab Application/application.o
                              0x1ed7c (size before relaxing)
 .debug_str     0x0001f089      0x1b9 Application/BowComm.o
                              0x1ac16 (size before relaxing)
 .debug_str     0x0001f242       0x93 Application/display.o
                              0x1a32e (size before relaxing)
 .debug_str     0x0001f2d5      0x184 Application/SpeedQueen.o
                              0x1a5dd (size before relaxing)
 .debug_str     0x0001f459      0x8ad Application/reader.o
                              0x1ae29 (size before relaxing)
 .debug_str     0x0001fd06       0x57 Application/zstring.o
                               0x453b (size before relaxing)
 .debug_str     0x0001fd5d      0x2c3 mifare/Mifare.o
                               0x4fe8 (size before relaxing)
 .debug_str     0x00020020       0x88 mifare/RegCtrl.o
                               0xe473 (size before relaxing)
 .debug_str     0x000200a8       0x7c SPI/spi.o
                               0xd538 (size before relaxing)
 .debug_str     0x00020124       0x8e main.o
                              0x1c6b6 (size before relaxing)
 .debug_str     0x000201b2      0x5c1 Radio/radio.o
                              0x1664e (size before relaxing)
 .debug_str     0x00020773      0x206 Radio/hal_avr.o
                              0x1616a (size before relaxing)
 .debug_str     0x00020979       0x3f RUM/mac.o
                              0x1627b (size before relaxing)
 .debug_str     0x000209b8      0x2d7 RUM/mac_associate.o
                              0x163ae (size before relaxing)
 .debug_str     0x00020c8f       0x88 RUM/mac_beacon.o
                              0x1603e (size before relaxing)
 .debug_str     0x00020d17      0x14e RUM/mac_data.o
                              0x16232 (size before relaxing)
 .debug_str     0x00020e65       0xee RUM/mac_event.o
                              0x163a6 (size before relaxing)
 .debug_str     0x00020f53       0x57 RUM/mac_route.o
                              0x161a3 (size before relaxing)
 .debug_str     0x00020faa      0x15a RUM/mac_scan.o
                              0x1638f (size before relaxing)
 .debug_str     0x00021104      0x124 Timer/avr_timer.o
                              0x161e5 (size before relaxing)
 .debug_str     0x00021228       0xec Timer/timer_enddevice.o
                              0x18ad5 (size before relaxing)
 .debug_str     0x00021314      0x325 UART/serial.o
                              0x18f95 (size before relaxing)

.debug_loc      0x00000000     0x70a1
 *(.debug_loc)
 .debug_loc     0x00000000      0xa68 Application/application.o
 .debug_loc     0x00000a68      0x7bc Application/BowComm.o
 .debug_loc     0x00001224      0x444 Application/display.o
 .debug_loc     0x00001668      0x7fe Application/SpeedQueen.o
 .debug_loc     0x00001e66      0x3cb Application/reader.o
 .debug_loc     0x00002231      0x21d Application/zstring.o
 .debug_loc     0x0000244e     0x196f mifare/Mifare.o
 .debug_loc     0x00003dbd      0x2da mifare/RegCtrl.o
 .debug_loc     0x00004097       0xac SPI/spi.o
 .debug_loc     0x00004143      0x89e Radio/radio.o
 .debug_loc     0x000049e1      0x66b Radio/hal_avr.o
 .debug_loc     0x0000504c       0xa1 RUM/mac.o
 .debug_loc     0x000050ed      0x400 RUM/mac_associate.o
 .debug_loc     0x000054ed       0x18 RUM/mac_beacon.o
 .debug_loc     0x00005505      0x492 RUM/mac_data.o
 .debug_loc     0x00005997      0x2a3 RUM/mac_event.o
 .debug_loc     0x00005c3a      0x113 RUM/mac_route.o
 .debug_loc     0x00005d4d       0xef RUM/mac_scan.o
 .debug_loc     0x00005e3c      0x65e Timer/avr_timer.o
 .debug_loc     0x0000649a      0x141 Timer/timer_enddevice.o
 .debug_loc     0x000065db      0xac6 UART/serial.o

.debug_macinfo
 *(.debug_macinfo)

.debug_weaknames
 *(.debug_weaknames)

.debug_funcnames
 *(.debug_funcnames)

.debug_typenames
 *(.debug_typenames)

.debug_varnames
 *(.debug_varnames)

.debug_pubtypes
 *(.debug_pubtypes)

.debug_ranges   0x00000000      0xd20
 *(.debug_ranges)
 .debug_ranges  0x00000000      0x1d8 Application/application.o
 .debug_ranges  0x000001d8       0x78 Application/BowComm.o
 .debug_ranges  0x00000250       0x38 Application/display.o
 .debug_ranges  0x00000288      0x108 Application/SpeedQueen.o
 .debug_ranges  0x00000390       0x68 Application/reader.o
 .debug_ranges  0x000003f8       0x10 Application/zstring.o
 .debug_ranges  0x00000408       0xa0 mifare/Mifare.o
 .debug_ranges  0x000004a8       0x30 mifare/RegCtrl.o
 .debug_ranges  0x000004d8       0x38 SPI/spi.o
 .debug_ranges  0x00000510       0x18 main.o
 .debug_ranges  0x00000528      0x198 Radio/radio.o
 .debug_ranges  0x000006c0       0x68 Radio/hal_avr.o
 .debug_ranges  0x00000728       0x18 RUM/mac.o
 .debug_ranges  0x00000740       0xf8 RUM/mac_associate.o
 .debug_ranges  0x00000838       0x10 RUM/mac_beacon.o
 .debug_ranges  0x00000848       0x90 RUM/mac_data.o
 .debug_ranges  0x000008d8       0x58 RUM/mac_event.o
 .debug_ranges  0x00000930       0x38 RUM/mac_route.o
 .debug_ranges  0x00000968       0x68 RUM/mac_scan.o
 .debug_ranges  0x000009d0       0xc8 Timer/avr_timer.o
 .debug_ranges  0x00000a98       0x58 Timer/timer_enddevice.o
 .debug_ranges  0x00000af0      0x230 UART/serial.o

.debug_macro    0x00000000     0xbd85
 *(.debug_macro)
 .debug_macro   0x00000000      0x339 Application/application.o
 .debug_macro   0x00000339      0xafc Application/application.o
 .debug_macro   0x00000e35      0x1c9 Application/application.o
 .debug_macro   0x00000ffe      0x2fc Application/application.o
 .debug_macro   0x000012fa       0x58 Application/application.o
 .debug_macro   0x00001352       0x10 Application/application.o
 .debug_macro   0x00001362       0x97 Application/application.o
 .debug_macro   0x000013f9       0xf2 Application/application.o
 .debug_macro   0x000014eb       0x1c Application/application.o
 .debug_macro   0x00001507       0x97 Application/application.o
 .debug_macro   0x0000159e       0x66 Application/application.o
 .debug_macro   0x00001604       0x16 Application/application.o
 .debug_macro   0x0000161a       0x20 Application/application.o
 .debug_macro   0x0000163a       0x22 Application/application.o
 .debug_macro   0x0000165c       0x2e Application/application.o
 .debug_macro   0x0000168a       0x82 Application/application.o
 .debug_macro   0x0000170c       0x3b Application/application.o
 .debug_macro   0x00001747       0xaa Application/application.o
 .debug_macro   0x000017f1     0x3aaf Application/application.o
 .debug_macro   0x000052a0       0x9a Application/application.o
 .debug_macro   0x0000533a       0x81 Application/application.o
 .debug_macro   0x000053bb       0x34 Application/application.o
 .debug_macro   0x000053ef       0x18 Application/application.o
 .debug_macro   0x00005407       0x6c Application/application.o
 .debug_macro   0x00005473       0x69 Application/application.o
 .debug_macro   0x000054dc       0x10 Application/application.o
 .debug_macro   0x000054ec      0x160 Application/application.o
 .debug_macro   0x0000564c       0x7f Application/application.o
 .debug_macro   0x000056cb       0x33 Application/application.o
 .debug_macro   0x000056fe      0x1bd Application/application.o
 .debug_macro   0x000058bb     0x1b5a Application/application.o
 .debug_macro   0x00007415      0x265 Application/application.o
 .debug_macro   0x0000767a       0x43 Application/application.o
 .debug_macro   0x000076bd       0x83 Application/application.o
 .debug_macro   0x00007740      0x10e Application/application.o
 .debug_macro   0x0000784e       0x43 Application/application.o
 .debug_macro   0x00007891       0x28 Application/application.o
 .debug_macro   0x000078b9       0x10 Application/application.o
 .debug_macro   0x000078c9       0x10 Application/application.o
 .debug_macro   0x000078d9      0x18d Application/application.o
 .debug_macro   0x00007a66      0x10c Application/application.o
 .debug_macro   0x00007b72      0x160 Application/application.o
 .debug_macro   0x00007cd2       0x68 Application/application.o
 .debug_macro   0x00007d3a       0xb8 Application/application.o
 .debug_macro   0x00007df2       0x87 Application/application.o
 .debug_macro   0x00007e79       0x10 Application/application.o
 .debug_macro   0x00007e89       0x35 Application/application.o
 .debug_macro   0x00007ebe      0x175 Application/application.o
 .debug_macro   0x00008033       0x4a Application/application.o
 .debug_macro   0x0000807d       0x16 Application/application.o
 .debug_macro   0x00008093      0x11e Application/application.o
 .debug_macro   0x000081b1      0x197 Application/application.o
 .debug_macro   0x00008348       0x8e Application/application.o
 .debug_macro   0x000083d6       0xd6 Application/application.o
 .debug_macro   0x000084ac      0x3d8 Application/application.o
 .debug_macro   0x00008884      0x269 Application/application.o
 .debug_macro   0x00008aed       0xea Application/application.o
 .debug_macro   0x00008bd7       0x28 Application/application.o
 .debug_macro   0x00008bff      0x243 Application/BowComm.o
 .debug_macro   0x00008e42       0x35 Application/BowComm.o
 .debug_macro   0x00008e77       0x16 Application/BowComm.o
 .debug_macro   0x00008e8d       0x10 Application/BowComm.o
 .debug_macro   0x00008e9d      0x302 Application/BowComm.o
 .debug_macro   0x0000919f       0x9e Application/BowComm.o
 .debug_macro   0x0000923d       0xef Application/BowComm.o
 .debug_macro   0x0000932c       0x4a Application/BowComm.o
 .debug_macro   0x00009376       0x5a Application/BowComm.o
 .debug_macro   0x000093d0      0x1e8 Application/display.o
 .debug_macro   0x000095b8      0x200 Application/SpeedQueen.o
 .debug_macro   0x000097b8      0x265 Application/reader.o
 .debug_macro   0x00009a1d      0x10e Application/reader.o
 .debug_macro   0x00009b2b      0x183 Application/reader.o
 .debug_macro   0x00009cae       0x34 Application/reader.o
 .debug_macro   0x00009ce2       0x16 Application/reader.o
 .debug_macro   0x00009cf8       0x9b Application/zstring.o
 .debug_macro   0x00009d93       0x5c mifare/Mifare.o
 .debug_macro   0x00009def       0xb2 mifare/RegCtrl.o
 .debug_macro   0x00009ea1       0x22 mifare/RegCtrl.o
 .debug_macro   0x00009ec3       0x96 SPI/spi.o
 .debug_macro   0x00009f59      0x2c9 main.o
 .debug_macro   0x0000a222       0x63 main.o
 .debug_macro   0x0000a285      0x1c4 Radio/radio.o
 .debug_macro   0x0000a449      0x1da Radio/hal_avr.o
 .debug_macro   0x0000a623      0x1e0 RUM/mac.o
 .debug_macro   0x0000a803      0x1d4 RUM/mac_associate.o
 .debug_macro   0x0000a9d7      0x1be RUM/mac_beacon.o
 .debug_macro   0x0000ab95       0x16 RUM/mac_beacon.o
 .debug_macro   0x0000abab      0x1d7 RUM/mac_data.o
 .debug_macro   0x0000ad82      0x166 RUM/mac_data.o
 .debug_macro   0x0000aee8       0x2e RUM/mac_data.o
 .debug_macro   0x0000af16      0x1ff RUM/mac_event.o
 .debug_macro   0x0000b115      0x1cd RUM/mac_route.o
 .debug_macro   0x0000b2e2      0x1d9 RUM/mac_scan.o
 .debug_macro   0x0000b4bb      0x1f8 Timer/avr_timer.o
 .debug_macro   0x0000b6b3      0x1c2 Timer/timer_enddevice.o
 .debug_macro   0x0000b875      0x175 Timer/timer_enddevice.o
 .debug_macro   0x0000b9ea       0x12 Timer/timer_enddevice.o
 .debug_macro   0x0000b9fc      0x1e0 UART/serial.o
 .debug_macro   0x0000bbdc      0x1a9 UART/serial.o
OUTPUT(RDR_MDC_20130723_V0.2.1_D.elf elf32-avr)
LOAD linker stubs
