Archive member included to satisfy reference by file (symbol)

c:/program files (x86)/atmel/studio/7.0/toolchain/avr8/avr8-gnu-toolchain/bin/../lib/gcc/avr/4.9.2/../../../../avr/lib/avr51\libprintf_flt.a(vfprintf_flt.o)
                              (vfprintf)
c:/program files (x86)/atmel/studio/7.0/toolchain/avr8/avr8-gnu-toolchain/bin/../lib/gcc/avr/4.9.2/../../../../avr/lib/avr51\libm.a(addsf3.o)
                              Application/application.o (__subsf3)
c:/program files (x86)/atmel/studio/7.0/toolchain/avr8/avr8-gnu-toolchain/bin/../lib/gcc/avr/4.9.2/../../../../avr/lib/avr51\libm.a(addsf3x.o)
                              c:/program files (x86)/atmel/studio/7.0/toolchain/avr8/avr8-gnu-toolchain/bin/../lib/gcc/avr/4.9.2/../../../../avr/lib/avr51\libm.a(addsf3.o) (__addsf3x)
c:/program files (x86)/atmel/studio/7.0/toolchain/avr8/avr8-gnu-toolchain/bin/../lib/gcc/avr/4.9.2/../../../../avr/lib/avr51\libm.a(divsf3.o)
                              Application/BowComm.o (__divsf3)
c:/program files (x86)/atmel/studio/7.0/toolchain/avr8/avr8-gnu-toolchain/bin/../lib/gcc/avr/4.9.2/../../../../avr/lib/avr51\libm.a(divsf3x.o)
                              c:/program files (x86)/atmel/studio/7.0/toolchain/avr8/avr8-gnu-toolchain/bin/../lib/gcc/avr/4.9.2/../../../../avr/lib/avr51\libm.a(divsf3.o) (__divsf3x)
c:/program files (x86)/atmel/studio/7.0/toolchain/avr8/avr8-gnu-toolchain/bin/../lib/gcc/avr/4.9.2/../../../../avr/lib/avr51\libm.a(fixunssfsi.o)
                              Application/application.o (__fixunssfsi)
c:/program files (x86)/atmel/studio/7.0/toolchain/avr8/avr8-gnu-toolchain/bin/../lib/gcc/avr/4.9.2/../../../../avr/lib/avr51\libm.a(floatsisf.o)
                              Application/application.o (__floatunsisf)
c:/program files (x86)/atmel/studio/7.0/toolchain/avr8/avr8-gnu-toolchain/bin/../lib/gcc/avr/4.9.2/../../../../avr/lib/avr51\libm.a(fp_inf.o)
                              c:/program files (x86)/atmel/studio/7.0/toolchain/avr8/avr8-gnu-toolchain/bin/../lib/gcc/avr/4.9.2/../../../../avr/lib/avr51\libm.a(addsf3x.o) (__fp_inf)
c:/program files (x86)/atmel/studio/7.0/toolchain/avr8/avr8-gnu-toolchain/bin/../lib/gcc/avr/4.9.2/../../../../avr/lib/avr51\libm.a(fp_nan.o)
                              c:/program files (x86)/atmel/studio/7.0/toolchain/avr8/avr8-gnu-toolchain/bin/../lib/gcc/avr/4.9.2/../../../../avr/lib/avr51\libm.a(addsf3x.o) (__fp_nan)
c:/program files (x86)/atmel/studio/7.0/toolchain/avr8/avr8-gnu-toolchain/bin/../lib/gcc/avr/4.9.2/../../../../avr/lib/avr51\libm.a(fp_pscA.o)
                              c:/program files (x86)/atmel/studio/7.0/toolchain/avr8/avr8-gnu-toolchain/bin/../lib/gcc/avr/4.9.2/../../../../avr/lib/avr51\libm.a(addsf3x.o) (__fp_pscA)
c:/program files (x86)/atmel/studio/7.0/toolchain/avr8/avr8-gnu-toolchain/bin/../lib/gcc/avr/4.9.2/../../../../avr/lib/avr51\libm.a(fp_pscB.o)
                              c:/program files (x86)/atmel/studio/7.0/toolchain/avr8/avr8-gnu-toolchain/bin/../lib/gcc/avr/4.9.2/../../../../avr/lib/avr51\libm.a(addsf3x.o) (__fp_pscB)
c:/program files (x86)/atmel/studio/7.0/toolchain/avr8/avr8-gnu-toolchain/bin/../lib/gcc/avr/4.9.2/../../../../avr/lib/avr51\libm.a(fp_round.o)
                              c:/program files (x86)/atmel/studio/7.0/toolchain/avr8/avr8-gnu-toolchain/bin/../lib/gcc/avr/4.9.2/../../../../avr/lib/avr51\libm.a(addsf3.o) (__fp_round)
c:/program files (x86)/atmel/studio/7.0/toolchain/avr8/avr8-gnu-toolchain/bin/../lib/gcc/avr/4.9.2/../../../../avr/lib/avr51\libm.a(fp_split3.o)
                              c:/program files (x86)/atmel/studio/7.0/toolchain/avr8/avr8-gnu-toolchain/bin/../lib/gcc/avr/4.9.2/../../../../avr/lib/avr51\libm.a(addsf3x.o) (__fp_split3)
c:/program files (x86)/atmel/studio/7.0/toolchain/avr8/avr8-gnu-toolchain/bin/../lib/gcc/avr/4.9.2/../../../../avr/lib/avr51\libm.a(fp_zero.o)
                              c:/program files (x86)/atmel/studio/7.0/toolchain/avr8/avr8-gnu-toolchain/bin/../lib/gcc/avr/4.9.2/../../../../avr/lib/avr51\libm.a(addsf3x.o) (__fp_zero)
c:/program files (x86)/atmel/studio/7.0/toolchain/avr8/avr8-gnu-toolchain/bin/../lib/gcc/avr/4.9.2/avr51\libgcc.a(_divmodhi4.o)
                              RUM/mac_event.o (__divmodhi4)
c:/program files (x86)/atmel/studio/7.0/toolchain/avr8/avr8-gnu-toolchain/bin/../lib/gcc/avr/4.9.2/avr51\libgcc.a(_udivmodsi4.o)
                              Radio/hal_avr.o (__udivmodsi4)
c:/program files (x86)/atmel/studio/7.0/toolchain/avr8/avr8-gnu-toolchain/bin/../lib/gcc/avr/4.9.2/avr51\libgcc.a(_exit.o)
                              C:/Program Files (x86)/Atmel/Studio/7.0/Packs/atmel/ATmega_DFP/1.1.130/gcc/dev/atmega128rfa1/avr51/crtatmega128rfa1.o (exit)
c:/program files (x86)/atmel/studio/7.0/toolchain/avr8/avr8-gnu-toolchain/bin/../lib/gcc/avr/4.9.2/avr51\libgcc.a(_tablejump2.o)
                              Application/application.o (__tablejump2__)
[...]
Memory Configuration

Name             Origin             Length             Attributes
text             0x00000000         0x00020000         xr
data             0x00800100         0x0000ff00         rw !x
eeprom           0x00810000         0x00010000         rw !x
fuse             0x00820000         0x00000003         rw !x
lock             0x00830000         0x00000400         rw !x
signature        0x00840000         0x00000400         rw !x
user_signatures  0x00850000         0x00000400         rw !x
*default*        0x00000000         0xffffffff

Linker script and memory map

Address of section .data set to 0x800200
LOAD C:/Program Files (x86)/Atmel/Studio/7.0/Packs/atmel/ATmega_DFP/1.1.130/gcc/dev/atmega128rfa1/avr51/crtatmega128rfa1.o
LOAD Application/application.o
LOAD Application/BowComm.o
LOAD Application/display.o
LOAD Application/SpeedQueen.o
LOAD Application/reader.o
LOAD Application/zstring.o
LOAD mifare/Mifare.o
LOAD mifare/RegCtrl.o
LOAD SPI/spi.o
LOAD TWI/i2cbitbang.o
LOAD TWI/twi.o
LOAD main.o
LOAD Application/sleep.o
LOAD Radio/radio.o
LOAD Radio/hal_avr.o
LOAD RUM/mac_start.o
LOAD RUM/mac.o
LOAD RUM/mac_associate.o
LOAD RUM/mac_beacon.o
LOAD RUM/mac_data.o
LOAD RUM/mac_event.o
LOAD RUM/mac_route.o
LOAD RUM/mac_scan.o
LOAD Timer/avr_timer.o
LOAD Timer/timer_enddevice.o
LOAD UART/serial.o
START GROUP
LOAD c:/program files (x86)/atmel/studio/7.0/toolchain/avr8/avr8-gnu-toolchain/bin/../lib/gcc/avr/4.9.2/../../../../avr/lib/avr51\libprintf_flt.a
LOAD c:/program files (x86)/atmel/studio/7.0/toolchain/avr8/avr8-gnu-toolchain/bin/../lib/gcc/avr/4.9.2/../../../../avr/lib/avr51\libm.a
END GROUP
                0x00004000                __stack = 0x4000
Address of section .data set to 0x800200
START GROUP
LOAD c:/program files (x86)/atmel/studio/7.0/toolchain/avr8/avr8-gnu-toolchain/bin/../lib/gcc/avr/4.9.2/avr51\libgcc.a
LOAD c:/program files (x86)/atmel/studio/7.0/toolchain/avr8/avr8-gnu-toolchain/bin/../lib/gcc/avr/4.9.2/../../../../avr/lib/avr51\libm.a
LOAD c:/program files (x86)/atmel/studio/7.0/toolchain/avr8/avr8-gnu-toolchain/bin/../lib/gcc/avr/4.9.2/../../../../avr/lib/avr51\libc.a
LOAD C:/Program Files (x86)/Atmel/Studio/7.0/Packs/atmel/ATmega_DFP/1.1.130/gcc/dev/atmega128rfa1/avr51\libatmega128rfa1.a
END GROUP
                0x00020000                __TEXT_REGION_LENGTH__ = DEFINED (__TEXT_REGION_LENGTH__)?__TEXT_REGION_LENGTH__:0x20000
                0x0000ff00                __DATA_REGION_LENGTH__ = DEFINED (__DATA_REGION_LENGTH__)?__DATA_REGION_LENGTH__:0xff00
                0x00010000                __EEPROM_REGION_LENGTH__ = DEFINED (__EEPROM_REGION_LENGTH__)?__EEPROM_REGION_LENGTH__:0x10000
                [0x00000003]                __FUSE_REGION_LENGTH__ = DEFINED (__FUSE_REGION_LENGTH__)?__FUSE_REGION_LENGTH__:0x400
                0x00000400                __LOCK_REGION_LENGTH__ = DEFINED (__LOCK_REGION_LENGTH__)?__LOCK_REGION_LENGTH__:0x400
                0x00000400                __SIGNATURE_REGION_LENGTH__ = DEFINED (__SIGNATURE_REGION_LENGTH__)?__SIGNATURE_REGION_LENGTH__:0x400
                0x00000400                __USER_SIGNATURE_REGION_LENGTH__ = DEFINED (__USER_SIGNATURE_REGION_LENGTH__)?__USER_SIGNATURE_REGION_LENGTH__:0x400

.hash
 *(.hash)

.dynsym
 *(.dynsym)

.dynstr
 *(.dynstr)

.gnu.version
 *(.gnu.version)

.gnu.version_d
 *(.gnu.version_d)

.gnu.version_r
 *(.gnu.version_r)

.rel.init
 *(.rel.init)

.rela.init
 *(.rela.init)

.rel.text
 *(.rel.text)
 *(.rel.text.*)
 *(.rel.gnu.linkonce.t*)

.rela.text
 *(.rela.text)
 *(.rela.text.*)
 *(.rela.gnu.linkonce.t*)

.rel.fini
 *(.rel.fini)

.rela.fini
 *(.rela.fini)

.rel.rodata
 *(.rel.rodata)
 *(.rel.rodata.*)
 *(.rel.gnu.linkonce.r*)

.rela.rodata
 *(.rela.rodata)
 *(.rela.rodata.*)
 *(.rela.gnu.linkonce.r*)

.rel.data
 *(.rel.data)
 *(.rel.data.*)
 *(.rel.gnu.linkonce.d*)

.rela.data
 *(.rela.data)
 *(.rela.data.*)
 *(.rela.gnu.linkonce.d*)

.rel.ctors
 *(.rel.ctors)

.rela.ctors
 *(.rela.ctors)

.rel.dtors
 *(.rel.dtors)

.rela.dtors
 *(.rela.dtors)

.rel.got
 *(.rel.got)

.rela.got
 *(.rela.got)

.rel.bss
 *(.rel.bss)

.rela.bss
 *(.rela.bss)

.rel.plt
 *(.rel.plt)

.rela.plt
 *(.rela.plt)

.text           0x00000000     0x6e2c
 *(.vectors)
 .vectors       0x00000000      0x120 C:/Program Files (x86)/Atmel/Studio/7.0/Packs/atmel/ATmega_DFP/1.1.130/gcc/dev/atmega128rfa1/avr51/crtatmega128rfa1.o
                0x00000000                __vector_default
                0x00000000                __vectors
 *(.vectors)
 *(.progmem.gcc*)
 .progmem.gcc_sw_table.appTask
                0x00000120       0x50 Application/application.o
 .progmem.gcc_sw_table.sendSQACAVendPrice
                0x00000170       0x24 Application/SpeedQueen.o
 .progmem.gcc_sw_table.storeOfflineTransaction
                0x00000194       0x24 Application/reader.o
 .progmem.gcc_sw_table.macTask
                0x000001b8       0x14 RUM/mac_event.o
                0x000001cc                . = ALIGN (0x2)
                0x000001cc                __trampolines_start = .
 *(.trampolines)
 .trampolines   0x000001cc        0x0 linker stubs
 *(.trampolines*)
                0x000001cc                __trampolines_end = .
 *libprintf_flt.a:*(.progmem.data)
 .progmem.data  0x000001cc        0x8 c:/program files (x86)/atmel/studio/7.0/toolchain/avr8/avr8-gnu-toolchain/bin/../lib/gcc/avr/4.9.2/../../../../avr/lib/avr51\libprintf_flt.a(vfprintf_flt.o)
 *libc.a:*(.progmem.data)
 .progmem.data  0x000001d4       0xfa c:/program files (x86)/atmel/studio/7.0/toolchain/avr8/avr8-gnu-toolchain/bin/../lib/gcc/avr/4.9.2/../../../../avr/lib/avr51\libc.a(ftoa_engine.o)
 .progmem.data  0x000002ce       0x3b c:/program files (x86)/atmel/studio/7.0/toolchain/avr8/avr8-gnu-toolchain/bin/../lib/gcc/avr/4.9.2/../../../../avr/lib/avr51\libc.a(strtod.o)
 *(.progmem*)
                0x0000030a                . = ALIGN (0x2)
 *fill*         0x00000309        0x1 
 *(.jumptables)
 *(.jumptables*)
 *(.lowtext)
 *(.lowtext*)
                0x0000030a                __ctors_start = .
 *(.ctors)
                0x0000030a                __ctors_end = .
                0x0000030a                __dtors_start = .
 *(.dtors)
                0x0000030a                __dtors_end = .
 SORT(*)(.ctors)
 SORT(*)(.dtors)
 *(.init0)
 .init0         0x0000030a        0x0 C:/Program Files (x86)/Atmel/Studio/7.0/Packs/atmel/ATmega_DFP/1.1.130/gcc/dev/atmega128rfa1/avr51/crtatmega128rfa1.o
                0x0000030a                __init
 *(.init0)
 *(.init1)
 *(.init1)
 *(.init2)
 .init2         0x0000030a        0xc C:/Program Files (x86)/Atmel/Studio/7.0/Packs/atmel/ATmega_DFP/1.1.130/gcc/dev/atmega128rfa1/avr51/crtatmega128rfa1.o
 *(.init2)
 *(.init3)
 *(.init3)
 *(.init4)
 .init4         0x00000316       0x1a c:/program files (x86)/atmel/studio/7.0/toolchain/avr8/avr8-gnu-toolchain/bin/../lib/gcc/avr/4.9.2/avr51\libgcc.a(_copy_data.o)
                0x00000316                __do_copy_data
 .init4         0x00000330       0x10 c:/program files (x86)/atmel/studio/7.0/toolchain/avr8/avr8-gnu-toolchain/bin/../lib/gcc/avr/4.9.2/avr51\libgcc.a(_clear_bss.o)
                0x00000330                __do_clear_bss
 *(.init4)
 *(.init5)
 *(.init5)
 *(.init6)
 *(.init6)
 *(.init7)
 *(.init7)
 *(.init8)
 *(.init8)
 *(.init9)
 .init9         0x00000340        0x8 C:/Program Files (x86)/Atmel/Studio/7.0/Packs/atmel/ATmega_DFP/1.1.130/gcc/dev/atmega128rfa1/avr51/crtatmega128rfa1.o
 *(.init9)
 *(.text)
 .text          0x00000348        0x2 C:/Program Files (x86)/Atmel/Studio/7.0/Packs/atmel/ATmega_DFP/1.1.130/gcc/dev/atmega128rfa1/avr51/crtatmega128rfa1.o
                0x00000348                __vector_38
                0x00000348                __vector_22
                0x00000348                __vector_28
                0x00000348                __vector_67
                0x00000348                __vector_1
                0x00000348                __vector_71
                0x00000348                __vector_34
                0x00000348                __vector_62
                0x00000348                __vector_24
                0x00000348                __vector_55
                0x00000348                __vector_69
                0x00000348                __vector_46
                0x00000348                __bad_interrupt
                0x00000348                __vector_6
                0x00000348                __vector_31
                0x00000348                __vector_39
                0x00000348                __vector_3
                0x00000348                __vector_23
                0x00000348                __vector_68
                0x00000348                __vector_30
                0x00000348                __vector_45
                0x00000348                __vector_25
                0x00000348                __vector_11
                0x00000348                __vector_54
                0x00000348                __vector_13
                0x00000348                __vector_17
                0x00000348                __vector_19
                0x00000348                __vector_56
                0x00000348                __vector_7
                0x00000348                __vector_49
                0x00000348                __vector_41
                0x00000348                __vector_64
                0x00000348                __vector_43
                0x00000348                __vector_27
                0x00000348                __vector_5
                0x00000348                __vector_33
                0x00000348                __vector_47
                0x00000348                __vector_52
                0x00000348                __vector_4
                0x00000348                __vector_44
                0x00000348                __vector_51
                0x00000348                __vector_9
                0x00000348                __vector_2
                0x00000348                __vector_15
                0x00000348                __vector_66
                0x00000348                __vector_58
                0x00000348                __vector_70
                0x00000348                __vector_29
                0x00000348                __vector_40
                0x00000348                __vector_8
                0x00000348                __vector_26
                0x00000348                __vector_48
                0x00000348                __vector_14
                0x00000348                __vector_57
                0x00000348                __vector_53
                0x00000348                __vector_10
                0x00000348                __vector_50
                0x00000348                __vector_16
                0x00000348                __vector_18
                0x00000348                __vector_20
                0x00000348                __vector_42
                0x00000348                __vector_65
                0x0000034a                . = ALIGN (0x2)
 *(.text.*)
 .text.ledoff1  0x0000034a        0x4 Application/application.o
                0x0000034a                ledoff1
 .text.ledoff2  0x0000034e        0x4 Application/application.o
                0x0000034e                ledoff2
 .text.ValidationTimeout
                0x00000352        0x8 Application/application.o
                0x00000352                ValidationTimeout
 .text.CommTimeOut
                0x0000035a       0x12 Application/application.o
                0x0000035a                CommTimeOut
 .text.KeypressTimeOut
                0x0000036c        0x8 Application/application.o
                0x0000036c                KeypressTimeOut
 .text.SetupTimeout
                0x00000374        0x8 Application/application.o
                0x00000374                SetupTimeout
 .text.SetDeviceState
                0x0000037c        0x8 Application/application.o
                0x0000037c                SetDeviceState
 .text.appStartScan
                0x00000384        0xa Application/application.o
                0x00000384                appStartScan
 .text.appAssociate
                0x0000038e        0xe Application/application.o
                0x0000038e                appAssociate
 .text.appPingReq
                0x0000039c        0x8 Application/application.o
                0x0000039c                appPingReq
 .text.appPingRsp
                0x000003a4       0x10 Application/application.o
                0x000003a4                appPingRsp
 .text.appPacketSendSucceed
                0x000003b4       0x1e Application/application.o
                0x000003b4                appPacketSendSucceed
 .text.appPacketSendAccessFail
                0x000003d2        0x2 Application/application.o
                0x000003d2                appPacketSendAccessFail
 .text.appPacketSendFailed
                0x000003d4       0x9a Application/application.o
                0x000003d4                appPacketSendFailed
 .text.appDataIndication
                0x0000046e       0x5c Application/application.o
                0x0000046e                appDataIndication
 .text.appChildAssociated
                0x000004ca        0xe Application/application.o
                0x000004ca                appChildAssociated
 .text.appAssociateConfirm
                0x000004d8       0x12 Application/application.o
                0x000004d8                appAssociateConfirm
 .text.appScanConfirm
                0x000004ea       0x1c Application/application.o
                0x000004ea                appScanConfirm
 .text.checkEeprom
                0x00000506      0x154 Application/application.o
                0x00000506                checkEeprom
 .text.appInit  0x0000065a      0x160 Application/application.o
                0x0000065a                appInit
 .text.GetParam
                0x000007ba       0x68 Application/application.o
                0x000007ba                GetParam
 .text.appTask  0x00000822      0x8aa Application/application.o
                0x00000822                appTask
 .text.timeoutWaitingForOLTReponse
                0x000010cc        0xc Application/BowComm.o
 .text.constructOutgoingString
                0x000010d8      0x17c Application/BowComm.o
                0x000010d8                constructOutgoingString
 .text.sendBOWReaderFirmwareVersion
                0x00001254       0x5a Application/BowComm.o
                0x00001254                sendBOWReaderFirmwareVersion
 .text.sendBOWSetupRequest
                0x000012ae       0x50 Application/BowComm.o
                0x000012ae                sendBOWSetupRequest
 .text.sendBOWValidationRequest
                0x000012fe       0x4c Application/BowComm.o
                0x000012fe                sendBOWValidationRequest
 .text.sendBOWMachineLabel
                0x0000134a       0x4c Application/BowComm.o
                0x0000134a                sendBOWMachineLabel
 .text.sendBOWMachineDescription
                0x00001396       0x50 Application/BowComm.o
                0x00001396                sendBOWMachineDescription
 .text.sendNumberOfOLT
                0x000013e6       0x4c Application/BowComm.o
                0x000013e6                sendNumberOfOLT
 .text.extractIncomingMessage
                0x00001432      0x48a Application/BowComm.o
                0x00001432                extractIncomingMessage
 .text.sendBOWCCTransaction
                0x000018bc      0x114 Application/BowComm.o
                0x000018bc                sendBOWCCTransaction
 .text.sendBOWAuditDataRequest
                0x000019d0       0x50 Application/BowComm.o
                0x000019d0                sendBOWAuditDataRequest
 .text.sendSQDisplayCommand
                0x00001a20       0x5a Application/display.o
                0x00001a20                sendSQDisplayCommand
 .text.displaySQReaderVersion
                0x00001a7a       0x3a Application/display.o
                0x00001a7a                displaySQReaderVersion
 .text.displaySQTopOffvend
                0x00001ab4       0x36 Application/display.o
                0x00001ab4                displaySQTopOffvend
 .text.displaySQCardError
                0x00001aea       0x70 Application/display.o
                0x00001aea                displaySQCardError
 .text.displayMsg
                0x00001b5a       0x96 Application/display.o
                0x00001b5a                displayMsg
 .text.getSQSetupData
                0x00001bf0      0x302 Application/SpeedQueen.o
                0x00001bf0                getSQSetupData
 .text.sendSQDataPacket
                0x00001ef2       0xc8 Application/SpeedQueen.o
                0x00001ef2                sendSQDataPacket
 .text.sendSQACAVendPrice
                0x00001fba      0x236 Application/SpeedQueen.o
                0x00001fba                sendSQACAVendPrice
 .text.getSQDataPacket
                0x000021f0       0x6c Application/SpeedQueen.o
                0x000021f0                getSQDataPacket
 .text.getSQACAStatusData.part.1
                0x0000225c       0xe0 Application/SpeedQueen.o
 .text.SQACAMachineStatusSequence
                0x0000233c       0x74 Application/SpeedQueen.o
                0x0000233c                SQACAMachineStatusSequence
 .text.getSQACAInitData
                0x000023b0       0x5c Application/SpeedQueen.o
                0x000023b0                getSQACAInitData
 .text.IsACA    0x0000240c       0x5a Application/SpeedQueen.o
                0x0000240c                IsACA
 .text.sendSQACAMimicQuantumVending
                0x00002466       0x30 Application/SpeedQueen.o
                0x00002466                sendSQACAMimicQuantumVending
 .text.sendSQACAVendingTransaction
                0x00002496       0x74 Application/SpeedQueen.o
                0x00002496                sendSQACAVendingTransaction
 .text.SQACAInitializationSequence
                0x0000250a       0x36 Application/SpeedQueen.o
                0x0000250a                SQACAInitializationSequence
 .text.isMachineCycleRunning
                0x00002540        0xe Application/SpeedQueen.o
                0x00002540                isMachineCycleRunning
 .text.waitForMachineStartKey
                0x0000254e       0x16 Application/SpeedQueen.o
                0x0000254e                waitForMachineStartKey
 .text.SQACAMachineStatusCommSequence
                0x00002564        0xe Application/SpeedQueen.o
                0x00002564                SQACAMachineStatusCommSequence
 .text.getSQReaderMachineSetup
                0x00002572      0x330 Application/SpeedQueen.o
                0x00002572                getSQReaderMachineSetup
 .text.isAssociated
                0x000028a2       0x1c Application/SpeedQueen.o
                0x000028a2                isAssociated
 .text.initReader
                0x000028be       0xdc Application/reader.o
                0x000028be                initReader
 .text.storeOfflineTransaction
                0x0000299a      0x234 Application/reader.o
                0x0000299a                storeOfflineTransaction
 .text.sendStoredTransaction
                0x00002bce       0xc8 Application/reader.o
                0x00002bce                sendStoredTransaction
 .text.WaitForMachine
                0x00002c96        0x8 Application/reader.o
                0x00002c96                WaitForMachine
 .text.InitTimerZero
                0x00002c9e       0x10 Application/reader.o
                0x00002c9e                InitTimerZero
 .text.StopTimerZero
                0x00002cae        0x4 Application/reader.o
                0x00002cae                StopTimerZero
 .text.StartTimerZero
                0x00002cb2        0xe Application/reader.o
                0x00002cb2                StartTimerZero
 .text.__vector_21
                0x00002cc0       0x22 Application/reader.o
                0x00002cc0                __vector_21
 .text.padLeft  0x00002ce2       0xb0 Application/zstring.o
                0x00002ce2                padLeft
 .text.SetTimeOut
                0x00002d92       0x4e mifare/Mifare.o
                0x00002d92                SetTimeOut
 .text.Rc522Init
                0x00002de0       0x96 mifare/Mifare.o
                0x00002de0                Rc522Init
 .text.M522PcdCmd
                0x00002e76      0x2c4 mifare/Mifare.o
                0x00002e76                M522PcdCmd
 .text.Request  0x0000313a       0xb0 mifare/Mifare.o
                0x0000313a                Request
 .text.CascAnticoll
                0x000031ea      0x22c mifare/Mifare.o
                0x000031ea                CascAnticoll
 .text.Select   0x00003416       0xb8 mifare/Mifare.o
                0x00003416                Select
 .text.AnticollSelect
                0x000034ce      0x150 mifare/Mifare.o
                0x000034ce                AnticollSelect
 .text.Authentication
                0x0000361e       0x92 mifare/Mifare.o
                0x0000361e                Authentication
 .text.Read     0x000036b0       0xb6 mifare/Mifare.o
                0x000036b0                Read
 .text.readCardID
                0x00003766        0xc mifare/Mifare.o
                0x00003766                readCardID
 .text.RcSetReg
                0x00003772       0x24 mifare/RegCtrl.o
                0x00003772                RcSetReg
 .text.RcGetReg
                0x00003796       0x10 mifare/RegCtrl.o
                0x00003796                RcGetReg
 .text.RcModifyReg
                0x000037a6       0x42 mifare/RegCtrl.o
                0x000037a6                RcModifyReg
 .text.Spi_initialize
                0x000037e8       0x30 SPI/spi.o
                0x000037e8                Spi_initialize
 .text.Spi_send
                0x00003818        0xa SPI/spi.o
                0x00003818                Spi_send
 .text.Spi_receive
                0x00003822        0xe SPI/spi.o
                0x00003822                Spi_receive
 .text.startup.main
                0x00003830       0x3a main.o
                0x00003830                main
 .text.radioInit
                0x0000386a       0x5a Radio/radio.o
                0x0000386a                radioInit
 .text.radioRxStartEvent
                0x000038c4       0x10 Radio/radio.o
                0x000038c4                radioRxStartEvent
 .text.radioGetSavedRssiValue
                0x000038d4       0x1e Radio/radio.o
                0x000038d4                radioGetSavedRssiValue
 .text.radioGetSavedLqiValue
                0x000038f2        0x6 Radio/radio.o
                0x000038f2                radioGetSavedLqiValue
 .text.radioSetOperatingChannel
                0x000038f8       0x5c Radio/radio.o
                0x000038f8                radioSetOperatingChannel
 .text.radioSetClockSpeed
                0x00003954       0x40 Radio/radio.o
                0x00003954                radioSetClockSpeed
 .text.radioGetTrxState
                0x00003994        0x8 Radio/radio.o
                0x00003994                radioGetTrxState
 .text.radioSetTrxState
                0x0000399c      0x164 Radio/radio.o
                0x0000399c                radioSetTrxState
 .text.radioTrxEndEvent
                0x00003b00      0x178 Radio/radio.o
                0x00003b00                radioTrxEndEvent
 .text.radioUseAutoTxCrc
                0x00003c78       0x4a Radio/radio.o
                0x00003c78                radioUseAutoTxCrc
 .text.radioSendData
                0x00003cc2       0x84 Radio/radio.o
                0x00003cc2                radioSendData
 .text.radioSetDeviceRole
                0x00003d46        0xe Radio/radio.o
                0x00003d46                radioSetDeviceRole
 .text.radioSetPanId
                0x00003d54        0xa Radio/radio.o
                0x00003d54                radioSetPanId
 .text.radioSetShortAddress
                0x00003d5e        0xa Radio/radio.o
                0x00003d5e                radioSetShortAddress
 .text.radioSetExtendedAddress
                0x00003d68       0x14 Radio/radio.o
                0x00003d68                radioSetExtendedAddress
 .text.radioRandom
                0x00003d7c       0x78 Radio/radio.o
                0x00003d7c                radioRandom
 .text.radioSetup900
                0x00003df4        0x2 Radio/radio.o
                0x00003df4                radioSetup900
 .text.__vector_59
                0x00003df6       0x4e Radio/hal_avr.o
                0x00003df6                __vector_59
 .text.__vector_60
                0x00003e44       0x4e Radio/hal_avr.o
                0x00003e44                __vector_60
 .text.__vector_63
                0x00003e92       0x58 Radio/hal_avr.o
                0x00003e92                __vector_63
 .text.__vector_61
                0x00003eea       0x4e Radio/hal_avr.o
                0x00003eea                __vector_61
 .text.calibrate_rc_osc
                0x00003f38       0xf4 Radio/hal_avr.o
                0x00003f38                calibrate_rc_osc
 .text.halGetEeprom
                0x0000402c       0x2a Radio/hal_avr.o
                0x0000402c                halGetEeprom
 .text.halPutEeprom
                0x00004056       0x2a Radio/hal_avr.o
                0x00004056                halPutEeprom
 .text.macInit  0x00004080       0xde RUM/mac.o
                0x00004080                macInit
 .text.macSetOperatingChannel
                0x0000415e        0x6 RUM/mac.o
                0x0000415e                macSetOperatingChannel
 .text.macAssociationConfirm
                0x00004164       0x12 RUM/mac_associate.o
                0x00004164                macAssociationConfirm
 .text.macAssociate
                0x00004176       0x9e RUM/mac_associate.o
                0x00004176                macAssociate
 .text.macIsChild
                0x00004214       0x26 RUM/mac_associate.o
                0x00004214                macIsChild
 .text.macAddChild
                0x0000423a       0x86 RUM/mac_associate.o
                0x0000423a                macAddChild
 .text.macRemoveChild
                0x000042c0       0x38 RUM/mac_associate.o
                0x000042c0                macRemoveChild
 .text.macInitNodes
                0x000042f8        0x2 RUM/mac_associate.o
                0x000042f8                macInitNodes
 .text.macWakeChildNode
                0x000042fa        0x2 RUM/mac_associate.o
                0x000042fa                macWakeChildNode
 .text.macChildIsAwake
                0x000042fc        0xa RUM/mac_associate.o
                0x000042fc                macChildIsAwake
 .text.sendBeaconFrame
                0x00004306       0x54 RUM/mac_beacon.o
                0x00004306                sendBeaconFrame
 .text.mdr_timer
                0x0000435a        0xa RUM/mac_data.o
                0x0000435a                mdr_timer
 .text.macDataRequestInt
                0x00004364      0x10a RUM/mac_data.o
 .text.macDataRequest
                0x0000446e        0x4 RUM/mac_data.o
                0x0000446e                macDataRequest
 .text.macDataIndication
                0x00004472       0x6a RUM/mac_data.o
                0x00004472                macDataIndication
 .text.mp       0x000044dc       0x88 RUM/mac_data.o
                0x000044dc                mp
 .text.macPing  0x00004564       0x34 RUM/mac_data.o
                0x00004564                macPing
 .text.mac_event_pending
                0x00004598       0x12 RUM/mac_event.o
                0x00004598                mac_event_pending
 .text.mac_put_event
                0x000045aa       0x58 RUM/mac_event.o
                0x000045aa                mac_put_event
 .text.macTask  0x00004602      0x158 RUM/mac_event.o
                0x00004602                macTask
 .text.macForwardRoutingPacket
                0x0000475a       0x96 RUM/mac_route.o
                0x0000475a                macForwardRoutingPacket
 .text.macRouteAssociateResponse
                0x000047f0      0x114 RUM/mac_route.o
                0x000047f0                macRouteAssociateResponse
 .text.macRouteAssociateRequest
                0x00004904      0x16e RUM/mac_route.o
                0x00004904                macRouteAssociateRequest
 .text.macRouteData
                0x00004a72       0xe2 RUM/mac_route.o
                0x00004a72                macRouteData
 .text.macSendRoutingPacket
                0x00004b54        0x4 RUM/mac_route.o
                0x00004b54                macSendRoutingPacket
 .text.store_pandescriptors
                0x00004b58       0x4c RUM/mac_scan.o
 .text.macIsScanning
                0x00004ba4        0x6 RUM/mac_scan.o
                0x00004ba4                macIsScanning
 .text.mac_logPanDescriptors
                0x00004baa       0x70 RUM/mac_scan.o
                0x00004baa                mac_logPanDescriptors
 .text.mac_scanConfirm
                0x00004c1a       0x50 RUM/mac_scan.o
                0x00004c1a                mac_scanConfirm
 .text.macScan  0x00004c6a       0xb4 RUM/mac_scan.o
                0x00004c6a                macScan
 .text.macEdCallback
                0x00004d1e        0x2 RUM/mac_scan.o
                0x00004d1e                macEdCallback
 .text.getUniqueID
                0x00004d20       0x5a Timer/avr_timer.o
 .text.macSetAlarm
                0x00004d7a       0xca Timer/avr_timer.o
                0x00004d7a                macSetAlarm
 .text.macSetLongAlarm
                0x00004e44       0xb6 Timer/avr_timer.o
                0x00004e44                macSetLongAlarm
 .text.macTimerEnd
                0x00004efa       0x6e Timer/avr_timer.o
                0x00004efa                macTimerEnd
 .text.timerInit
                0x00004f68       0x22 Timer/avr_timer.o
                0x00004f68                timerInit
 .text.__vector_32
                0x00004f8a      0x126 Timer/avr_timer.o
                0x00004f8a                __vector_32
 .text.__vector_35
                0x000050b0       0x1e Timer/timer_enddevice.o
                0x000050b0                __vector_35
 .text.__vector_12
                0x000050ce       0x1e Timer/timer_enddevice.o
                0x000050ce                __vector_12
 .text.init_rx_buf
                0x000050ec        0xa UART/serial.o
                0x000050ec                init_rx_buf
 .text.serial_init
                0x000050f6       0x30 UART/serial.o
                0x000050f6                serial_init
 .text.serial_putchar
                0x00005126       0x84 UART/serial.o
                0x00005126                serial_putchar
 .text.rx_buf_count
                0x000051aa       0x18 UART/serial.o
                0x000051aa                rx_buf_count
 .text.serial_getchar
                0x000051c2       0x46 UART/serial.o
                0x000051c2                serial_getchar
 .text.__vector_36
                0x00005208       0x8e UART/serial.o
                0x00005208                __vector_36
 .text.__vector_37
                0x00005296       0x76 UART/serial.o
                0x00005296                __vector_37
 .text.Ascii_to_nible
                0x0000530c       0x2a UART/serial.o
                0x0000530c                Ascii_to_nible
 .text.asciiStringToNibble
                0x00005336       0x76 UART/serial.o
                0x00005336                asciiStringToNibble
 .text.avr-libc
                0x000053ac      0x724 c:/program files (x86)/atmel/studio/7.0/toolchain/avr8/avr8-gnu-toolchain/bin/../lib/gcc/avr/4.9.2/../../../../avr/lib/avr51\libprintf_flt.a(vfprintf_flt.o)
                0x000053ac                vfprintf
 .text.avr-libc.fplib
                0x00005ad0        0xa c:/program files (x86)/atmel/studio/7.0/toolchain/avr8/avr8-gnu-toolchain/bin/../lib/gcc/avr/4.9.2/../../../../avr/lib/avr51\libm.a(addsf3.o)
                0x00005ad0                __subsf3
                0x00005ad2                __addsf3
 .text.avr-libc.fplib
                0x00005ada       0xc0 c:/program files (x86)/atmel/studio/7.0/toolchain/avr8/avr8-gnu-toolchain/bin/../lib/gcc/avr/4.9.2/../../../../avr/lib/avr51\libm.a(addsf3x.o)
                0x00005af4                __addsf3x
 .text.avr-libc.fplib
                0x00005b9a        0x4 c:/program files (x86)/atmel/studio/7.0/toolchain/avr8/avr8-gnu-toolchain/bin/../lib/gcc/avr/4.9.2/../../../../avr/lib/avr51\libm.a(divsf3.o)
                0x00005b9a                __divsf3
 .text.avr-libc.fplib
                0x00005b9e       0xcc c:/program files (x86)/atmel/studio/7.0/toolchain/avr8/avr8-gnu-toolchain/bin/../lib/gcc/avr/4.9.2/../../../../avr/lib/avr51\libm.a(divsf3x.o)
                0x00005bb4                __divsf3x
                0x00005bb8                __divsf3_pse
 .text.avr-libc.fplib
                0x00005c6a       0x58 c:/program files (x86)/atmel/studio/7.0/toolchain/avr8/avr8-gnu-toolchain/bin/../lib/gcc/avr/4.9.2/../../../../avr/lib/avr51\libm.a(fixunssfsi.o)
                0x00005c6a                __fixunssfsi
 .text.avr-libc.fplib
                0x00005cc2       0x7a c:/program files (x86)/atmel/studio/7.0/toolchain/avr8/avr8-gnu-toolchain/bin/../lib/gcc/avr/4.9.2/../../../../avr/lib/avr51\libm.a(floatsisf.o)
                0x00005cc2                __floatunsisf
                0x00005cc6                __floatsisf
 .text.avr-libc.fplib
                0x00005d3c        0xc c:/program files (x86)/atmel/studio/7.0/toolchain/avr8/avr8-gnu-toolchain/bin/../lib/gcc/avr/4.9.2/../../../../avr/lib/avr51\libm.a(fp_inf.o)
                0x00005d3c                __fp_inf
 .text.avr-libc.fplib
                0x00005d48        0x6 c:/program files (x86)/atmel/studio/7.0/toolchain/avr8/avr8-gnu-toolchain/bin/../lib/gcc/avr/4.9.2/../../../../avr/lib/avr51\libm.a(fp_nan.o)
                0x00005d48                __fp_nan
 .text.avr-libc.fplib
                0x00005d4e        0xe c:/program files (x86)/atmel/studio/7.0/toolchain/avr8/avr8-gnu-toolchain/bin/../lib/gcc/avr/4.9.2/../../../../avr/lib/avr51\libm.a(fp_pscA.o)
                0x00005d4e                __fp_pscA
 .text.avr-libc.fplib
                0x00005d5c        0xe c:/program files (x86)/atmel/studio/7.0/toolchain/avr8/avr8-gnu-toolchain/bin/../lib/gcc/avr/4.9.2/../../../../avr/lib/avr51\libm.a(fp_pscB.o)
                0x00005d5c                __fp_pscB
 .text.avr-libc.fplib
                0x00005d6a       0x22 c:/program files (x86)/atmel/studio/7.0/toolchain/avr8/avr8-gnu-toolchain/bin/../lib/gcc/avr/4.9.2/../../../../avr/lib/avr51\libm.a(fp_round.o)
                0x00005d6a                __fp_round
 .text.avr-libc.fplib
                0x00005d8c       0x44 c:/program files (x86)/atmel/studio/7.0/toolchain/avr8/avr8-gnu-toolchain/bin/../lib/gcc/avr/4.9.2/../../../../avr/lib/avr51\libm.a(fp_split3.o)
                0x00005d8c                __fp_split3
                0x00005d9c                __fp_splitA
 .text.avr-libc.fplib
                0x00005dd0        0xe c:/program files (x86)/atmel/studio/7.0/toolchain/avr8/avr8-gnu-toolchain/bin/../lib/gcc/avr/4.9.2/../../../../avr/lib/avr51\libm.a(fp_zero.o)
                0x00005dd0                __fp_zero
                0x00005dd2                __fp_szero
 .text.libgcc.div
                0x00005dde       0x26 c:/program files (x86)/atmel/studio/7.0/toolchain/avr8/avr8-gnu-toolchain/bin/../lib/gcc/avr/4.9.2/avr51\libgcc.a(_divmodhi4.o)
                0x00005dde                _div
                0x00005dde                __divmodhi4
 .text.libgcc.div
                0x00005e04       0x44 c:/program files (x86)/atmel/studio/7.0/toolchain/avr8/avr8-gnu-toolchain/bin/../lib/gcc/avr/4.9.2/avr51\libgcc.a(_udivmodsi4.o)
                0x00005e04                __udivmodsi4
 .text.libgcc   0x00005e48       0x12 c:/program files (x86)/atmel/studio/7.0/toolchain/avr8/avr8-gnu-toolchain/bin/../lib/gcc/avr/4.9.2/avr51\libgcc.a(_tablejump2.o)
                0x00005e48                __tablejump2__
 .text.libgcc.mul
                0x00005e5a       0x1e c:/program files (x86)/atmel/studio/7.0/toolchain/avr8/avr8-gnu-toolchain/bin/../lib/gcc/avr/4.9.2/avr51\libgcc.a(_umulhisi3.o)
                0x00005e5a                __umulhisi3
 .text.libgcc.builtins
                0x00005e78       0x3c c:/program files (x86)/atmel/studio/7.0/toolchain/avr8/avr8-gnu-toolchain/bin/../lib/gcc/avr/4.9.2/avr51\libgcc.a(_ashrdi3.o)
                0x00005e78                __ashrdi3
                0x00005e7c                __lshrdi3
 .text.libgcc.div
                0x00005eb4       0x28 c:/program files (x86)/atmel/studio/7.0/toolchain/avr8/avr8-gnu-toolchain/bin/../lib/gcc/avr/4.9.2/avr51\libgcc.a(_udivmodhi4.o)
                0x00005eb4                __udivmodhi4
 .text.avr-libc
                0x00005edc      0x25a c:/program files (x86)/atmel/studio/7.0/toolchain/avr8/avr8-gnu-toolchain/bin/../lib/gcc/avr/4.9.2/../../../../avr/lib/avr51\libc.a(malloc.o)
                0x00005edc                malloc
                0x00006006                free
 .text.avr-libc
                0x00006136       0xaa c:/program files (x86)/atmel/studio/7.0/toolchain/avr8/avr8-gnu-toolchain/bin/../lib/gcc/avr/4.9.2/../../../../avr/lib/avr51\libc.a(rand.o)
                0x000061c2                rand_r
                0x000061c4                rand
                0x000061ca                srand
 .text.avr-libc
                0x000061e0      0x26a c:/program files (x86)/atmel/studio/7.0/toolchain/avr8/avr8-gnu-toolchain/bin/../lib/gcc/avr/4.9.2/../../../../avr/lib/avr51\libc.a(strtoul.o)
                0x000061e0                strtoul
 .text.avr-libc
                0x0000644a        0x6 c:/program files (x86)/atmel/studio/7.0/toolchain/avr8/avr8-gnu-toolchain/bin/../lib/gcc/avr/4.9.2/../../../../avr/lib/avr51\libc.a(atof.o)
                0x0000644a                atof
 .text.avr-libc
                0x00006450       0x3a c:/program files (x86)/atmel/studio/7.0/toolchain/avr8/avr8-gnu-toolchain/bin/../lib/gcc/avr/4.9.2/../../../../avr/lib/avr51\libc.a(atoi.o)
                0x00006450                atoi
 .text.avr-libc
                0x0000648a      0x1b0 c:/program files (x86)/atmel/studio/7.0/toolchain/avr8/avr8-gnu-toolchain/bin/../lib/gcc/avr/4.9.2/../../../../avr/lib/avr51\libc.a(ftoa_engine.o)
                0x0000648a                __ftoa_engine
 .text.avr-libc
                0x0000663a       0x10 c:/program files (x86)/atmel/studio/7.0/toolchain/avr8/avr8-gnu-toolchain/bin/../lib/gcc/avr/4.9.2/../../../../avr/lib/avr51\libc.a(isspace.o)
                0x0000663a                isspace
 .text.avr-libc
                0x0000664a       0x16 c:/program files (x86)/atmel/studio/7.0/toolchain/avr8/avr8-gnu-toolchain/bin/../lib/gcc/avr/4.9.2/../../../../avr/lib/avr51\libc.a(strnlen_P.o)
                0x0000664a                strnlen_P
 .text.avr-libc
                0x00006660       0x1a c:/program files (x86)/atmel/studio/7.0/toolchain/avr8/avr8-gnu-toolchain/bin/../lib/gcc/avr/4.9.2/../../../../avr/lib/avr51\libc.a(memcmp.o)
                0x00006660                memcmp
 .text.avr-libc
                0x0000667a       0x12 c:/program files (x86)/atmel/studio/7.0/toolchain/avr8/avr8-gnu-toolchain/bin/../lib/gcc/avr/4.9.2/../../../../avr/lib/avr51\libc.a(memcpy.o)
                0x0000667a                memcpy
 .text.avr-libc
                0x0000668c       0x16 c:/program files (x86)/atmel/studio/7.0/toolchain/avr8/avr8-gnu-toolchain/bin/../lib/gcc/avr/4.9.2/../../../../avr/lib/avr51\libc.a(strchr.o)
                0x0000668c                strchr
 .text.avr-libc
                0x000066a2       0x12 c:/program files (x86)/atmel/studio/7.0/toolchain/avr8/avr8-gnu-toolchain/bin/../lib/gcc/avr/4.9.2/../../../../avr/lib/avr51\libc.a(strcmp.o)
                0x000066a2                strcmp
 .text.avr-libc
                0x000066b4        0xe c:/program files (x86)/atmel/studio/7.0/toolchain/avr8/avr8-gnu-toolchain/bin/../lib/gcc/avr/4.9.2/../../../../avr/lib/avr51\libc.a(strcpy.o)
                0x000066b4                strcpy
 .text.avr-libc
                0x000066c2       0x1e c:/program files (x86)/atmel/studio/7.0/toolchain/avr8/avr8-gnu-toolchain/bin/../lib/gcc/avr/4.9.2/../../../../avr/lib/avr51\libc.a(strncpy.o)
                0x000066c2                strncpy
 .text.avr-libc
                0x000066e0       0x16 c:/program files (x86)/atmel/studio/7.0/toolchain/avr8/avr8-gnu-toolchain/bin/../lib/gcc/avr/4.9.2/../../../../avr/lib/avr51\libc.a(strnlen.o)
                0x000066e0                strnlen
 .text.avr-libc
                0x000066f6       0x34 c:/program files (x86)/atmel/studio/7.0/toolchain/avr8/avr8-gnu-toolchain/bin/../lib/gcc/avr/4.9.2/../../../../avr/lib/avr51\libc.a(strstr.o)
                0x000066f6                strstr
 .text.avr-libc
                0x0000672a       0x10 c:/program files (x86)/atmel/studio/7.0/toolchain/avr8/avr8-gnu-toolchain/bin/../lib/gcc/avr/4.9.2/../../../../avr/lib/avr51\libc.a(mul10.o)
                0x0000672a                __mulhi_const_10
 .text.avr-libc
                0x0000673a       0x42 c:/program files (x86)/atmel/studio/7.0/toolchain/avr8/avr8-gnu-toolchain/bin/../lib/gcc/avr/4.9.2/../../../../avr/lib/avr51\libc.a(ultoa_ncheck.o)
                0x0000673a                __ultoa_ncheck
                0x0000673c                __ultoa_common
 .text.avr-libc
                0x0000677c       0x70 c:/program files (x86)/atmel/studio/7.0/toolchain/avr8/avr8-gnu-toolchain/bin/../lib/gcc/avr/4.9.2/../../../../avr/lib/avr51\libc.a(fputc.o)
                0x0000677c                fputc
 .text.avr-libc
                0x000067ec       0x60 c:/program files (x86)/atmel/studio/7.0/toolchain/avr8/avr8-gnu-toolchain/bin/../lib/gcc/avr/4.9.2/../../../../avr/lib/avr51\libc.a(sprintf.o)
                0x000067ec                sprintf
 .text.avr-libc
                0x0000684c       0xbc c:/program files (x86)/atmel/studio/7.0/toolchain/avr8/avr8-gnu-toolchain/bin/../lib/gcc/avr/4.9.2/../../../../avr/lib/avr51\libc.a(ultoa_invert.o)
                0x0000684c                __ultoa_invert
 .text.avr-libc
                0x00006908      0x2cc c:/program files (x86)/atmel/studio/7.0/toolchain/avr8/avr8-gnu-toolchain/bin/../lib/gcc/avr/4.9.2/../../../../avr/lib/avr51\libc.a(strtod.o)
                0x00006908                strtod
 .text.avr-libc
                0x00006bd4        0x6 c:/program files (x86)/atmel/studio/7.0/toolchain/avr8/avr8-gnu-toolchain/bin/../lib/gcc/avr/4.9.2/../../../../avr/lib/avr51\libc.a(cty_isfalse.o)
                0x00006bd4                __ctype_isfalse
                0x00006bd8                __ctype_istrue
 .text.avr-libc
                0x00006bda       0x30 c:/program files (x86)/atmel/studio/7.0/toolchain/avr8/avr8-gnu-toolchain/bin/../lib/gcc/avr/4.9.2/../../../../avr/lib/avr51\libc.a(strncasecmp_P.o)
                0x00006bda                strncasecmp_P
 .text.avr-libc
                0x00006c0a       0x20 c:/program files (x86)/atmel/studio/7.0/toolchain/avr8/avr8-gnu-toolchain/bin/../lib/gcc/avr/4.9.2/../../../../avr/lib/avr51\libc.a(strrev.o)
                0x00006c0a                strrev
 .text.avr-libc.fplib
                0x00006c2a        0x8 c:/program files (x86)/atmel/studio/7.0/toolchain/avr8/avr8-gnu-toolchain/bin/../lib/gcc/avr/4.9.2/../../../../avr/lib/avr51\libc.a(cmpsf2.o)
                0x00006c2a                __nesf2
                0x00006c2a                __eqsf2
                0x00006c2a                __cmpsf2
                0x00006c2a                __ltsf2
                0x00006c2a                __lesf2
 .text.avr-libc.fplib
                0x00006c32       0x48 c:/program files (x86)/atmel/studio/7.0/toolchain/avr8/avr8-gnu-toolchain/bin/../lib/gcc/avr/4.9.2/../../../../avr/lib/avr51\libc.a(fp_cmp.o)
                0x00006c32                __fp_cmp
 .text.avr-libc.fplib
                0x00006c7a        0x4 c:/program files (x86)/atmel/studio/7.0/toolchain/avr8/avr8-gnu-toolchain/bin/../lib/gcc/avr/4.9.2/../../../../avr/lib/avr51\libc.a(mulsf3.o)
                0x00006c7a                __mulsf3
 .text.avr-libc.fplib
                0x00006c7e       0xc2 c:/program files (x86)/atmel/studio/7.0/toolchain/avr8/avr8-gnu-toolchain/bin/../lib/gcc/avr/4.9.2/../../../../avr/lib/avr51\libc.a(mulsf3x.o)
                0x00006c92                __mulsf3x
                0x00006c96                __mulsf3_pse
 .text.avr-libc
                0x00006d40       0x20 C:/Program Files (x86)/Atmel/Studio/7.0/Packs/atmel/ATmega_DFP/1.1.130/gcc/dev/atmega128rfa1/avr51\libatmega128rfa1.a(eerd_block.o)
                0x00006d40                eeprom_read_block
                0x00006d44                eeprom_read_blraw
 .text.avr-libc
                0x00006d60       0x24 C:/Program Files (x86)/Atmel/Studio/7.0/Packs/atmel/ATmega_DFP/1.1.130/gcc/dev/atmega128rfa1/avr51\libatmega128rfa1.a(eeupd_byte.o)
                0x00006d60                eeprom_update_byte
                0x00006d62                eeprom_update_r18
 .text.avr-libc
                0x00006d84       0x12 C:/Program Files (x86)/Atmel/Studio/7.0/Packs/atmel/ATmega_DFP/1.1.130/gcc/dev/atmega128rfa1/avr51\libatmega128rfa1.a(eewr_block.o)
                0x00006d84                eeprom_write_block
 .text.avr-libc
                0x00006d96       0x1c C:/Program Files (x86)/Atmel/Studio/7.0/Packs/atmel/ATmega_DFP/1.1.130/gcc/dev/atmega128rfa1/avr51\libatmega128rfa1.a(eewr_byte.o)
                0x00006d96                eeprom_write_byte
                0x00006d98                eeprom_write_r18
 .text.libgcc.mul
                0x00006db2       0x1e c:/program files (x86)/atmel/studio/7.0/toolchain/avr8/avr8-gnu-toolchain/bin/../lib/gcc/avr/4.9.2/avr51\libgcc.a(_mulsi3.o)
                0x00006db2                __mulsi3
 .text.libgcc.div
                0x00006dd0       0x28 c:/program files (x86)/atmel/studio/7.0/toolchain/avr8/avr8-gnu-toolchain/bin/../lib/gcc/avr/4.9.2/avr51\libgcc.a(_divmodsi4.o)
                0x00006dd0                __divmodsi4
 .text.libgcc.div
                0x00006df8       0x10 c:/program files (x86)/atmel/studio/7.0/toolchain/avr8/avr8-gnu-toolchain/bin/../lib/gcc/avr/4.9.2/avr51\libgcc.a(_negsi2.o)
                0x00006df8                __negsi2
 .text.libgcc.mul
                0x00006e08       0x14 c:/program files (x86)/atmel/studio/7.0/toolchain/avr8/avr8-gnu-toolchain/bin/../lib/gcc/avr/4.9.2/avr51\libgcc.a(_muluhisi3.o)
                0x00006e08                __muluhisi3
 .text.libgcc.mul
                0x00006e1c        0xc c:/program files (x86)/atmel/studio/7.0/toolchain/avr8/avr8-gnu-toolchain/bin/../lib/gcc/avr/4.9.2/avr51\libgcc.a(_mulshisi3.o)
                0x00006e1c                __mulshisi3
                0x00006e20                __mulohisi3
                0x00006e28                . = ALIGN (0x2)
 *(.fini9)
 .fini9         0x00006e28        0x0 c:/program files (x86)/atmel/studio/7.0/toolchain/avr8/avr8-gnu-toolchain/bin/../lib/gcc/avr/4.9.2/avr51\libgcc.a(_exit.o)
                0x00006e28                _exit
                0x00006e28                exit
 *(.fini9)
 *(.fini8)
 *(.fini8)
 *(.fini7)
 *(.fini7)
 *(.fini6)
 *(.fini6)
 *(.fini5)
 *(.fini5)
 *(.fini4)
 *(.fini4)
 *(.fini3)
 *(.fini3)
 *(.fini2)
 *(.fini2)
 *(.fini1)
 *(.fini1)
 *(.fini0)
 .fini0         0x00006e28        0x4 c:/program files (x86)/atmel/studio/7.0/toolchain/avr8/avr8-gnu-toolchain/bin/../lib/gcc/avr/4.9.2/avr51\libgcc.a(_exit.o)
 *(.fini0)
                0x00006e2c                _etext = .

.data           0x00800200      0x32a load address 0x00006e2c
                0x00800200                PROVIDE (__data_start, .)
 *(.data)
 .data          0x00800200        0x6 c:/program files (x86)/atmel/studio/7.0/toolchain/avr8/avr8-gnu-toolchain/bin/../lib/gcc/avr/4.9.2/../../../../avr/lib/avr51\libc.a(malloc.o)
                0x00800200                __malloc_heap_end
                0x00800202                __malloc_heap_start
                0x00800204                __malloc_margin
 .data          0x00800206        0x4 c:/program files (x86)/atmel/studio/7.0/toolchain/avr8/avr8-gnu-toolchain/bin/../lib/gcc/avr/4.9.2/../../../../avr/lib/avr51\libc.a(rand.o)
 *(.data*)
 .data.uiFunctionEntered
                0x0080020a        0x2 Application/application.o
                0x0080020a                uiFunctionEntered
 .data.SETUP_TIMEOUT
                0x0080020c        0x1 Application/application.o
                0x0080020c                SETUP_TIMEOUT
 .data.msgNumber
                0x0080020d       0x11 Application/display.o
                0x0080020d                msgNumber
 .data.scanChannel
                0x0080021e        0x1 RUM/mac_scan.o
                0x0080021e                scanChannel
 .data.secondTimer
                0x0080021f        0x2 Timer/avr_timer.o
 *(.rodata)
 .rodata        0x00800221        0x6 Application/application.o
 .rodata        0x00800227        0x8 Application/BowComm.o
 .rodata        0x0080022f        0xa Application/SpeedQueen.o
 *(.rodata*)
 .rodata.str1.1
                0x00800239       0x47 Application/application.o
                                 0x4c (size before relaxing)
 .rodata.str1.1
                0x00800280      0x25a Application/BowComm.o
                                0x25c (size before relaxing)
 .rodata.CSWTCH.23
                0x008004da       0x10 mifare/Mifare.o
 .rodata.CSWTCH.22
                0x008004ea       0x10 mifare/Mifare.o
 .rodata.CSWTCH.21
                0x008004fa       0x10 mifare/Mifare.o
 .rodata.CSWTCH.20
                0x0080050a       0x20 mifare/Mifare.o
 *(.gnu.linkonce.d*)
                0x0080052a                . = ALIGN (0x2)
                0x0080052a                _edata = .
                0x0080052a                PROVIDE (__data_end, .)

.bss            0x0080052a      0x7a4
                0x0080052a                PROVIDE (__bss_start, .)
 *(.bss)
 *(.bss*)
 .bss.Len.4450  0x0080052a        0x1 Application/application.o
 .bss.ucDataLength.4360
                0x0080052b        0x1 Application/application.o
 .bss.failCount
                0x0080052c        0x1 Application/application.o
 .bss.VALIDATION_TIMEOUT
                0x0080052d        0x1 Application/application.o
                0x0080052d                VALIDATION_TIMEOUT
 .bss.KPTOFlag  0x0080052e        0x1 Application/application.o
                0x0080052e                KPTOFlag
 .bss.TOFlag    0x0080052f        0x1 Application/application.o
                0x0080052f                TOFlag
 .bss.oLTTimerId.4052
                0x00800530        0x1 Application/BowComm.o
 .bss.MpIsrInfo
                0x00800531        0x2 mifare/Mifare.o
                0x00800531                MpIsrInfo
 .bss.radio_part_number.3584
                0x00800533        0x1 Radio/radio.o
 .bss.rssi_val  0x00800534        0x1 Radio/radio.o
 .bss.once.3484
                0x00800535        0x1 Radio/hal_avr.o
 .bss.childNodes
                0x00800536      0x12c RUM/mac_associate.o
 .bss.associationTimer
                0x00800662        0x1 RUM/mac_associate.o
 .bss.pingType  0x00800663        0x2 RUM/mac_data.o
 .bss.pingAddr  0x00800665        0x2 RUM/mac_data.o
 .bss.scanInProcess
                0x00800667        0x1 RUM/mac_scan.o
 .bss.currentTimerID.3607
                0x00800668        0x1 Timer/avr_timer.o
 .bss.tickTimer
                0x00800669        0x2 Timer/avr_timer.o
 .bss.timerRunning
                0x0080066b        0x1 Timer/avr_timer.o
 .bss.longTimerEvents
                0x0080066c       0x64 Timer/avr_timer.o
 .bss.timerEvents
                0x008006d0       0x64 Timer/avr_timer.o
 .bss.WDTFlag   0x00800734        0x1 Timer/timer_enddevice.o
                0x00800734                WDTFlag
 .bss.GenericTimerFlag
                0x00800735        0x1 Timer/timer_enddevice.o
                0x00800735                GenericTimerFlag
 .bss.pause     0x00800736        0x1 UART/serial.o
 .bss.rx        0x00800737        0x1 UART/serial.o
 .bss.rx_handler
                0x00800738        0x2 UART/serial.o
 .bss.rxbuf     0x0080073a       0x82 UART/serial.o
 .bss.txbuf     0x008007bc       0x82 UART/serial.o
 *(COMMON)
 COMMON         0x0080083e      0x2d4 Application/application.o
                0x0080083e                ParamStr
                0x008008a2                SQACAFrontloadProgramming
                0x008008c8                INSUFFCIENT_FUNDS
                0x008008c9                SQACAToploadProgramming
                0x008008fc                SQACAAuditData
                0x0080092a                CurrentAccount
                0x00800934                ucNumberOfRetry
                0x00800935                ReaderStateFlag
                0x00800937                DataBuffer
                0x008009b7                vendType
                0x008009b8                OP
                0x008009b9                ucMachineWait
                0x008009ba                ucDeviceStateFlag
                0x008009bb                ReaderSetup
                0x00800a03                VENDTYPE
                0x00800a04                timeout
                0x00800a05                SQACADryerProgramming
                0x00800a31                ucCardStatus
                0x00800a32                ucSendDataBuffer
                0x00800af2                deviceStatus
                0x00800af5                gotPanCoordPing
                0x00800af6                SQACAMachineStatus
                0x00800b10                ucSendDataSize
                0x00800b11                deviceFlag
 COMMON         0x00800b12        0xb Application/reader.o
                0x00800b12                cardId
                0x00800b14                ucTopOffTime
                0x00800b15                ucCardErrorCode
                0x00800b16                ucTimerCount
                0x00800b17                vendPrice
                0x00800b1b                ucCardBalance
 COMMON         0x00800b1d       0x1c mifare/Mifare.o
                0x00800b1d                SerBuffer
                0x00800b31                MInfo
 COMMON         0x00800b39      0x11d RUM/mac.o
                0x00800b39                mac_buffer_rx
                0x00800bbb                mac_buffer_tx
                0x00800c3d                macConfig
 COMMON         0x00800c56       0x5c RUM/mac_event.o
                0x00800c56                event_queue
 COMMON         0x00800cb2       0x16 RUM/mac_scan.o
                0x00800cb2                panDescriptor
 COMMON         0x00800cc8        0x4 c:/program files (x86)/atmel/studio/7.0/toolchain/avr8/avr8-gnu-toolchain/bin/../lib/gcc/avr/4.9.2/../../../../avr/lib/avr51\libc.a(malloc.o)
                0x00800cc8                __brkval
                0x00800cca                __flp
 COMMON         0x00800ccc        0x2 c:/program files (x86)/atmel/studio/7.0/toolchain/avr8/avr8-gnu-toolchain/bin/../lib/gcc/avr/4.9.2/../../../../avr/lib/avr51\libc.a(errno.o)
                0x00800ccc                errno
                0x00800cce                PROVIDE (__bss_end, .)
                0x00006e2c                __data_load_start = LOADADDR (.data)
                0x00007156                __data_load_end = (__data_load_start + SIZEOF (.data))

.noinit         0x00800cce        0x0
                [!provide]                PROVIDE (__noinit_start, .)
 *(.noinit*)
                [!provide]                PROVIDE (__noinit_end, .)
                0x00800cce                _end = .
                0x00800cce                PROVIDE (__heap_start, .)

.eeprom         0x00810000        0x0
 *(.eeprom*)
                0x00810000                __eeprom_end = .

.fuse
 *(.fuse)
 *(.lfuse)
 *(.hfuse)
 *(.efuse)

.lock
 *(.lock*)

.signature
 *(.signature*)

.user_signatures
 *(.user_signatures*)

.stab
 *(.stab)

.stabstr
 *(.stabstr)

.stab.excl
 *(.stab.excl)

.stab.exclstr
 *(.stab.exclstr)

.stab.index
 *(.stab.index)

.stab.indexstr
 *(.stab.indexstr)

.comment        0x00000000       0x5c
 *(.comment)
 .comment       0x00000000       0x30 Application/application.o
                                 0x31 (size before relaxing)
 .comment       0x00000030       0x31 Application/BowComm.o
 .comment       0x00000030       0x31 Application/display.o
 .comment       0x00000030       0x31 Application/SpeedQueen.o
 .comment       0x00000030       0x31 Application/reader.o
 .comment       0x00000030       0x31 Application/zstring.o
 .comment       0x00000030       0x31 mifare/Mifare.o
 .comment       0x00000030       0x31 mifare/RegCtrl.o
 .comment       0x00000030       0x31 SPI/spi.o
 .comment       0x00000030       0x31 main.o
 .comment       0x00000030       0x31 Radio/radio.o
 .comment       0x00000030       0x31 Radio/hal_avr.o
 .comment       0x00000030       0x31 RUM/mac.o
 .comment       0x00000030       0x31 RUM/mac_associate.o
 .comment       0x00000030       0x31 RUM/mac_beacon.o
 .comment       0x00000030       0x31 RUM/mac_data.o
 .comment       0x00000030       0x31 RUM/mac_event.o
 .comment       0x00000030       0x31 RUM/mac_route.o
 .comment       0x00000030       0x31 RUM/mac_scan.o
 .comment       0x00000030       0x31 Timer/avr_timer.o
 .comment       0x00000030       0x31 Timer/timer_enddevice.o
 .comment       0x00000030       0x31 UART/serial.o
 .comment       0x00000030       0x2c c:/program files (x86)/atmel/studio/7.0/toolchain/avr8/avr8-gnu-toolchain/bin/../lib/gcc/avr/4.9.2/../../../../avr/lib/avr51\libprintf_flt.a(vfprintf_flt.o)
                                 0x2d (size before relaxing)
 .comment       0x0000005c       0x31 c:/program files (x86)/atmel/studio/7.0/toolchain/avr8/avr8-gnu-toolchain/bin/../lib/gcc/avr/4.9.2/../../../../avr/lib/avr51\libc.a(malloc.o)
 .comment       0x0000005c       0x31 c:/program files (x86)/atmel/studio/7.0/toolchain/avr8/avr8-gnu-toolchain/bin/../lib/gcc/avr/4.9.2/../../../../avr/lib/avr51\libc.a(rand.o)
 .comment       0x0000005c       0x31 c:/program files (x86)/atmel/studio/7.0/toolchain/avr8/avr8-gnu-toolchain/bin/../lib/gcc/avr/4.9.2/../../../../avr/lib/avr51\libc.a(strtoul.o)
 .comment       0x0000005c       0x31 c:/program files (x86)/atmel/studio/7.0/toolchain/avr8/avr8-gnu-toolchain/bin/../lib/gcc/avr/4.9.2/../../../../avr/lib/avr51\libc.a(fputc.o)
 .comment       0x0000005c       0x31 c:/program files (x86)/atmel/studio/7.0/toolchain/avr8/avr8-gnu-toolchain/bin/../lib/gcc/avr/4.9.2/../../../../avr/lib/avr51\libc.a(sprintf.o)
 .comment       0x0000005c       0x2d c:/program files (x86)/atmel/studio/7.0/toolchain/avr8/avr8-gnu-toolchain/bin/../lib/gcc/avr/4.9.2/../../../../avr/lib/avr51\libc.a(errno.o)
 .comment       0x0000005c       0x31 c:/program files (x86)/atmel/studio/7.0/toolchain/avr8/avr8-gnu-toolchain/bin/../lib/gcc/avr/4.9.2/../../../../avr/lib/avr51\libc.a(strtod.o)

.note.gnu.avr.deviceinfo
                0x00000000       0x40
 .note.gnu.avr.deviceinfo
                0x00000000       0x40 C:/Program Files (x86)/Atmel/Studio/7.0/Packs/atmel/ATmega_DFP/1.1.130/gcc/dev/atmega128rfa1/avr51/crtatmega128rfa1.o

.note.gnu.build-id
 *(.note.gnu.build-id)

.debug
 *(.debug)

.line
 *(.line)

.debug_srcinfo
 *(.debug_srcinfo)

.debug_sfnames
 *(.debug_sfnames)

.debug_aranges  0x00000000      0xa80
 *(.debug_aranges)
 .debug_aranges
                0x00000000      0x128 Application/application.o
 .debug_aranges
                0x00000128       0x70 Application/BowComm.o
 .debug_aranges
                0x00000198       0x48 Application/display.o
 .debug_aranges
                0x000001e0       0xd0 Application/SpeedQueen.o
 .debug_aranges
                0x000002b0       0x78 Application/reader.o
 .debug_aranges
                0x00000328       0x20 Application/zstring.o
 .debug_aranges
                0x00000348       0x98 mifare/Mifare.o
 .debug_aranges
                0x000003e0       0x40 mifare/RegCtrl.o
 .debug_aranges
                0x00000420       0x48 SPI/spi.o
 .debug_aranges
                0x00000468       0x28 main.o
 .debug_aranges
                0x00000490       0xf8 Radio/radio.o
 .debug_aranges
                0x00000588       0x60 Radio/hal_avr.o
 .debug_aranges
                0x000005e8       0x28 RUM/mac.o
 .debug_aranges
                0x00000610       0xf0 RUM/mac_associate.o
 .debug_aranges
                0x00000700       0x20 RUM/mac_beacon.o
 .debug_aranges
                0x00000720       0x70 RUM/mac_data.o
 .debug_aranges
                0x00000790       0x38 RUM/mac_event.o
 .debug_aranges
                0x000007c8       0x48 RUM/mac_route.o
 .debug_aranges
                0x00000810       0x60 RUM/mac_scan.o
 .debug_aranges
                0x00000870       0x50 Timer/avr_timer.o
 .debug_aranges
                0x000008c0       0x68 Timer/timer_enddevice.o
 .debug_aranges
                0x00000928       0xd8 UART/serial.o
 .debug_aranges
                0x00000a00       0x20 C:/Program Files (x86)/Atmel/Studio/7.0/Packs/atmel/ATmega_DFP/1.1.130/gcc/dev/atmega128rfa1/avr51\libatmega128rfa1.a(eerd_block.o)
 .debug_aranges
                0x00000a20       0x20 C:/Program Files (x86)/Atmel/Studio/7.0/Packs/atmel/ATmega_DFP/1.1.130/gcc/dev/atmega128rfa1/avr51\libatmega128rfa1.a(eeupd_byte.o)
 .debug_aranges
                0x00000a40       0x20 C:/Program Files (x86)/Atmel/Studio/7.0/Packs/atmel/ATmega_DFP/1.1.130/gcc/dev/atmega128rfa1/avr51\libatmega128rfa1.a(eewr_block.o)
 .debug_aranges
                0x00000a60       0x20 C:/Program Files (x86)/Atmel/Studio/7.0/Packs/atmel/ATmega_DFP/1.1.130/gcc/dev/atmega128rfa1/avr51\libatmega128rfa1.a(eewr_byte.o)

.debug_pubnames
 *(.debug_pubnames)

.debug_info     0x00000000    0x11d56
 *(.debug_info .gnu.linkonce.wi.*)
 .debug_info    0x00000000     0x1160 C:/Program Files (x86)/Atmel/Studio/7.0/Packs/atmel/ATmega_DFP/1.1.130/gcc/dev/atmega128rfa1/avr51/crtatmega128rfa1.o
 .debug_info    0x00001160     0x2c4c Application/application.o
 .debug_info    0x00003dac     0x1d23 Application/BowComm.o
 .debug_info    0x00005acf     0x1109 Application/display.o
 .debug_info    0x00006bd8     0x1703 Application/SpeedQueen.o
 .debug_info    0x000082db     0x1492 Application/reader.o
 .debug_info    0x0000976d      0x200 Application/zstring.o
 .debug_info    0x0000996d     0x1446 mifare/Mifare.o
 .debug_info    0x0000adb3      0x2a3 mifare/RegCtrl.o
 .debug_info    0x0000b056      0x1c1 SPI/spi.o
 .debug_info    0x0000b217      0x2b5 main.o
 .debug_info    0x0000b4cc     0x127a Radio/radio.o
 .debug_info    0x0000c746      0x521 Radio/hal_avr.o
 .debug_info    0x0000cc67      0x534 RUM/mac.o
 .debug_info    0x0000d19b      0xd37 RUM/mac_associate.o
 .debug_info    0x0000ded2      0x339 RUM/mac_beacon.o
 .debug_info    0x0000e20b      0x9f9 RUM/mac_data.o
 .debug_info    0x0000ec04      0x8ee RUM/mac_event.o
 .debug_info    0x0000f4f2      0x909 RUM/mac_route.o
 .debug_info    0x0000fdfb      0x8e6 RUM/mac_scan.o
 .debug_info    0x000106e1      0x49d Timer/avr_timer.o
 .debug_info    0x00010b7e      0x2b4 Timer/timer_enddevice.o
 .debug_info    0x00010e32      0xc61 UART/serial.o
 .debug_info    0x00011a93       0xb1 C:/Program Files (x86)/Atmel/Studio/7.0/Packs/atmel/ATmega_DFP/1.1.130/gcc/dev/atmega128rfa1/avr51\libatmega128rfa1.a(eerd_block.o)
 .debug_info    0x00011b44       0xb1 C:/Program Files (x86)/Atmel/Studio/7.0/Packs/atmel/ATmega_DFP/1.1.130/gcc/dev/atmega128rfa1/avr51\libatmega128rfa1.a(eeupd_byte.o)
 .debug_info    0x00011bf5       0xb1 C:/Program Files (x86)/Atmel/Studio/7.0/Packs/atmel/ATmega_DFP/1.1.130/gcc/dev/atmega128rfa1/avr51\libatmega128rfa1.a(eewr_block.o)
 .debug_info    0x00011ca6       0xb0 C:/Program Files (x86)/Atmel/Studio/7.0/Packs/atmel/ATmega_DFP/1.1.130/gcc/dev/atmega128rfa1/avr51\libatmega128rfa1.a(eewr_byte.o)

.debug_abbrev   0x00000000     0x4984
 *(.debug_abbrev)
 .debug_abbrev  0x00000000     0x1072 C:/Program Files (x86)/Atmel/Studio/7.0/Packs/atmel/ATmega_DFP/1.1.130/gcc/dev/atmega128rfa1/avr51/crtatmega128rfa1.o
 .debug_abbrev  0x00001072      0x53c Application/application.o
 .debug_abbrev  0x000015ae      0x39b Application/BowComm.o
 .debug_abbrev  0x00001949      0x257 Application/display.o
 .debug_abbrev  0x00001ba0      0x442 Application/SpeedQueen.o
 .debug_abbrev  0x00001fe2      0x2dd Application/reader.o
 .debug_abbrev  0x000022bf      0x10b Application/zstring.o
 .debug_abbrev  0x000023ca      0x2a8 mifare/Mifare.o
 .debug_abbrev  0x00002672      0x17c mifare/RegCtrl.o
 .debug_abbrev  0x000027ee      0x12d SPI/spi.o
 .debug_abbrev  0x0000291b      0x1a9 main.o
 .debug_abbrev  0x00002ac4      0x481 Radio/radio.o
 .debug_abbrev  0x00002f45      0x1f6 Radio/hal_avr.o
 .debug_abbrev  0x0000313b      0x1bd RUM/mac.o
 .debug_abbrev  0x000032f8      0x2dd RUM/mac_associate.o
 .debug_abbrev  0x000035d5      0x129 RUM/mac_beacon.o
 .debug_abbrev  0x000036fe      0x31e RUM/mac_data.o
 .debug_abbrev  0x00003a1c      0x26e RUM/mac_event.o
 .debug_abbrev  0x00003c8a      0x216 RUM/mac_route.o
 .debug_abbrev  0x00003ea0      0x302 RUM/mac_scan.o
 .debug_abbrev  0x000041a2      0x242 Timer/avr_timer.o
 .debug_abbrev  0x000043e4      0x17b Timer/timer_enddevice.o
 .debug_abbrev  0x0000455f      0x3d5 UART/serial.o
 .debug_abbrev  0x00004934       0x14 C:/Program Files (x86)/Atmel/Studio/7.0/Packs/atmel/ATmega_DFP/1.1.130/gcc/dev/atmega128rfa1/avr51\libatmega128rfa1.a(eerd_block.o)
 .debug_abbrev  0x00004948       0x14 C:/Program Files (x86)/Atmel/Studio/7.0/Packs/atmel/ATmega_DFP/1.1.130/gcc/dev/atmega128rfa1/avr51\libatmega128rfa1.a(eeupd_byte.o)
 .debug_abbrev  0x0000495c       0x14 C:/Program Files (x86)/Atmel/Studio/7.0/Packs/atmel/ATmega_DFP/1.1.130/gcc/dev/atmega128rfa1/avr51\libatmega128rfa1.a(eewr_block.o)
 .debug_abbrev  0x00004970       0x14 C:/Program Files (x86)/Atmel/Studio/7.0/Packs/atmel/ATmega_DFP/1.1.130/gcc/dev/atmega128rfa1/avr51\libatmega128rfa1.a(eewr_byte.o)

.debug_line     0x00000000     0xa8db
 *(.debug_line .debug_line.* .debug_line_end)
 .debug_line    0x00000000      0x247 C:/Program Files (x86)/Atmel/Studio/7.0/Packs/atmel/ATmega_DFP/1.1.130/gcc/dev/atmega128rfa1/avr51/crtatmega128rfa1.o
 .debug_line    0x00000247     0x108e Application/application.o
 .debug_line    0x000012d5      0x8ae Application/BowComm.o
 .debug_line    0x00001b83      0x58d Application/display.o
 .debug_line    0x00002110     0x133f Application/SpeedQueen.o
 .debug_line    0x0000344f      0x878 Application/reader.o
 .debug_line    0x00003cc7      0x1cf Application/zstring.o
 .debug_line    0x00003e96      0xbf5 mifare/Mifare.o
 .debug_line    0x00004a8b      0x345 mifare/RegCtrl.o
 .debug_line    0x00004dd0      0x328 SPI/spi.o
 .debug_line    0x000050f8      0x554 main.o
 .debug_line    0x0000564c      0xc8a Radio/radio.o
 .debug_line    0x000062d6      0x5c4 Radio/hal_avr.o
 .debug_line    0x0000689a      0x4a2 RUM/mac.o
 .debug_line    0x00006d3c      0x764 RUM/mac_associate.o
 .debug_line    0x000074a0      0x417 RUM/mac_beacon.o
 .debug_line    0x000078b7      0x5f3 RUM/mac_data.o
 .debug_line    0x00007eaa      0x5ea RUM/mac_event.o
 .debug_line    0x00008494      0x5fd RUM/mac_route.o
 .debug_line    0x00008a91      0x5f8 RUM/mac_scan.o
 .debug_line    0x00009089      0x684 Timer/avr_timer.o
 .debug_line    0x0000970d      0x59a Timer/timer_enddevice.o
 .debug_line    0x00009ca7      0x9b5 UART/serial.o
 .debug_line    0x0000a65c       0xab C:/Program Files (x86)/Atmel/Studio/7.0/Packs/atmel/ATmega_DFP/1.1.130/gcc/dev/atmega128rfa1/avr51\libatmega128rfa1.a(eerd_block.o)
 .debug_line    0x0000a707       0xb6 C:/Program Files (x86)/Atmel/Studio/7.0/Packs/atmel/ATmega_DFP/1.1.130/gcc/dev/atmega128rfa1/avr51\libatmega128rfa1.a(eeupd_byte.o)
 .debug_line    0x0000a7bd       0x80 C:/Program Files (x86)/Atmel/Studio/7.0/Packs/atmel/ATmega_DFP/1.1.130/gcc/dev/atmega128rfa1/avr51\libatmega128rfa1.a(eewr_block.o)
 .debug_line    0x0000a83d       0x9e C:/Program Files (x86)/Atmel/Studio/7.0/Packs/atmel/ATmega_DFP/1.1.130/gcc/dev/atmega128rfa1/avr51\libatmega128rfa1.a(eewr_byte.o)

.debug_frame    0x00000000     0x1c08
 *(.debug_frame)
 .debug_frame   0x00000000      0x2f8 Application/application.o
 .debug_frame   0x000002f8      0x23c Application/BowComm.o
 .debug_frame   0x00000534       0xe8 Application/display.o
 .debug_frame   0x0000061c      0x2a4 Application/SpeedQueen.o
 .debug_frame   0x000008c0      0x138 Application/reader.o
 .debug_frame   0x000009f8       0x68 Application/zstring.o
 .debug_frame   0x00000a60      0x264 mifare/Mifare.o
 .debug_frame   0x00000cc4       0x98 mifare/RegCtrl.o
 .debug_frame   0x00000d5c       0x84 SPI/spi.o
 .debug_frame   0x00000de0       0x34 main.o
 .debug_frame   0x00000e14      0x1fc Radio/radio.o
 .debug_frame   0x00001010      0x210 Radio/hal_avr.o
 .debug_frame   0x00001220       0x4c RUM/mac.o
 .debug_frame   0x0000126c      0x1d0 RUM/mac_associate.o
 .debug_frame   0x0000143c       0x24 RUM/mac_beacon.o
 .debug_frame   0x00001460      0x110 RUM/mac_data.o
 .debug_frame   0x00001570       0x88 RUM/mac_event.o
 .debug_frame   0x000015f8       0x84 RUM/mac_route.o
 .debug_frame   0x0000167c       0xc0 RUM/mac_scan.o
 .debug_frame   0x0000173c      0x15c Timer/avr_timer.o
 .debug_frame   0x00001898       0xe8 Timer/timer_enddevice.o
 .debug_frame   0x00001980      0x288 UART/serial.o

.debug_str      0x00000000    0x21662
 *(.debug_str)
 .debug_str     0x00000000      0x6de C:/Program Files (x86)/Atmel/Studio/7.0/Packs/atmel/ATmega_DFP/1.1.130/gcc/dev/atmega128rfa1/avr51/crtatmega128rfa1.o
 .debug_str     0x000006de    0x1e9e1 Application/application.o
                              0x1edb2 (size before relaxing)
 .debug_str     0x0001f0bf      0x1b9 Application/BowComm.o
                              0x1ac39 (size before relaxing)
 .debug_str     0x0001f278       0x93 Application/display.o
                              0x1a351 (size before relaxing)
 .debug_str     0x0001f30b      0x177 Application/SpeedQueen.o
                              0x1a600 (size before relaxing)
 .debug_str     0x0001f482      0x8ad Application/reader.o
                              0x1ae4c (size before relaxing)
 .debug_str     0x0001fd2f       0x57 Application/zstring.o
                               0x4537 (size before relaxing)
 .debug_str     0x0001fd86      0x2c3 mifare/Mifare.o
                               0x4ff0 (size before relaxing)
 .debug_str     0x00020049       0x88 mifare/RegCtrl.o
                               0xe47b (size before relaxing)
 .debug_str     0x000200d1       0x7c SPI/spi.o
                               0xd540 (size before relaxing)
 .debug_str     0x0002014d       0x8e main.o
                              0x1af79 (size before relaxing)
 .debug_str     0x000201db      0x5c1 Radio/radio.o
                              0x16656 (size before relaxing)
 .debug_str     0x0002079c      0x206 Radio/hal_avr.o
                              0x16172 (size before relaxing)
 .debug_str     0x000209a2       0x3f RUM/mac.o
                              0x16283 (size before relaxing)
 .debug_str     0x000209e1      0x2d7 RUM/mac_associate.o
                              0x163b6 (size before relaxing)
 .debug_str     0x00020cb8       0x88 RUM/mac_beacon.o
                              0x16046 (size before relaxing)
 .debug_str     0x00020d40      0x14e RUM/mac_data.o
                              0x1623a (size before relaxing)
 .debug_str     0x00020e8e       0xee RUM/mac_event.o
                              0x163ae (size before relaxing)
 .debug_str     0x00020f7c       0x57 RUM/mac_route.o
                              0x161ab (size before relaxing)
 .debug_str     0x00020fd3      0x15a RUM/mac_scan.o
                              0x16397 (size before relaxing)
 .debug_str     0x0002112d      0x124 Timer/avr_timer.o
                              0x161ed (size before relaxing)
 .debug_str     0x00021251       0xec Timer/timer_enddevice.o
                              0x18add (size before relaxing)
 .debug_str     0x0002133d      0x325 UART/serial.o
                              0x18f6f (size before relaxing)

.debug_loc      0x00000000     0x70a0
 *(.debug_loc)
 .debug_loc     0x00000000      0xa67 Application/application.o
 .debug_loc     0x00000a67      0x7bc Application/BowComm.o
 .debug_loc     0x00001223      0x444 Application/display.o
 .debug_loc     0x00001667      0x7fe Application/SpeedQueen.o
 .debug_loc     0x00001e65      0x3cb Application/reader.o
 .debug_loc     0x00002230      0x21d Application/zstring.o
 .debug_loc     0x0000244d     0x196f mifare/Mifare.o
 .debug_loc     0x00003dbc      0x2da mifare/RegCtrl.o
 .debug_loc     0x00004096       0xac SPI/spi.o
 .debug_loc     0x00004142      0x89e Radio/radio.o
 .debug_loc     0x000049e0      0x66b Radio/hal_avr.o
 .debug_loc     0x0000504b       0xa1 RUM/mac.o
 .debug_loc     0x000050ec      0x400 RUM/mac_associate.o
 .debug_loc     0x000054ec       0x18 RUM/mac_beacon.o
 .debug_loc     0x00005504      0x492 RUM/mac_data.o
 .debug_loc     0x00005996      0x2a3 RUM/mac_event.o
 .debug_loc     0x00005c39      0x113 RUM/mac_route.o
 .debug_loc     0x00005d4c       0xef RUM/mac_scan.o
 .debug_loc     0x00005e3b      0x65e Timer/avr_timer.o
 .debug_loc     0x00006499      0x141 Timer/timer_enddevice.o
 .debug_loc     0x000065da      0xac6 UART/serial.o

.debug_macinfo
 *(.debug_macinfo)

.debug_weaknames
 *(.debug_weaknames)

.debug_funcnames
 *(.debug_funcnames)

.debug_typenames
 *(.debug_typenames)

.debug_varnames
 *(.debug_varnames)

.debug_pubtypes
 *(.debug_pubtypes)

.debug_ranges   0x00000000      0xd20
 *(.debug_ranges)
 .debug_ranges  0x00000000      0x1d8 Application/application.o
 .debug_ranges  0x000001d8       0x78 Application/BowComm.o
 .debug_ranges  0x00000250       0x38 Application/display.o
 .debug_ranges  0x00000288      0x108 Application/SpeedQueen.o
 .debug_ranges  0x00000390       0x68 Application/reader.o
 .debug_ranges  0x000003f8       0x10 Application/zstring.o
 .debug_ranges  0x00000408       0xa0 mifare/Mifare.o
 .debug_ranges  0x000004a8       0x30 mifare/RegCtrl.o
 .debug_ranges  0x000004d8       0x38 SPI/spi.o
 .debug_ranges  0x00000510       0x18 main.o
 .debug_ranges  0x00000528      0x198 Radio/radio.o
 .debug_ranges  0x000006c0       0x68 Radio/hal_avr.o
 .debug_ranges  0x00000728       0x18 RUM/mac.o
 .debug_ranges  0x00000740       0xf8 RUM/mac_associate.o
 .debug_ranges  0x00000838       0x10 RUM/mac_beacon.o
 .debug_ranges  0x00000848       0x90 RUM/mac_data.o
 .debug_ranges  0x000008d8       0x58 RUM/mac_event.o
 .debug_ranges  0x00000930       0x38 RUM/mac_route.o
 .debug_ranges  0x00000968       0x68 RUM/mac_scan.o
 .debug_ranges  0x000009d0       0xc8 Timer/avr_timer.o
 .debug_ranges  0x00000a98       0x58 Timer/timer_enddevice.o
 .debug_ranges  0x00000af0      0x230 UART/serial.o

.debug_macro    0x00000000     0xbd55
 *(.debug_macro)
 .debug_macro   0x00000000      0x33b Application/application.o
 .debug_macro   0x0000033b      0xafc Application/application.o
 .debug_macro   0x00000e37      0x1c9 Application/application.o
 .debug_macro   0x00001000      0x2fc Application/application.o
 .debug_macro   0x000012fc       0x58 Application/application.o
 .debug_macro   0x00001354       0x10 Application/application.o
 .debug_macro   0x00001364       0x97 Application/application.o
 .debug_macro   0x000013fb       0xf2 Application/application.o
 .debug_macro   0x000014ed       0x1c Application/application.o
 .debug_macro   0x00001509       0x97 Application/application.o
 .debug_macro   0x000015a0       0x66 Application/application.o
 .debug_macro   0x00001606       0x16 Application/application.o
 .debug_macro   0x0000161c       0x20 Application/application.o
 .debug_macro   0x0000163c       0x22 Application/application.o
 .debug_macro   0x0000165e       0x2e Application/application.o
 .debug_macro   0x0000168c       0x82 Application/application.o
 .debug_macro   0x0000170e       0x3b Application/application.o
 .debug_macro   0x00001749       0xaa Application/application.o
 .debug_macro   0x000017f3     0x3aaf Application/application.o
 .debug_macro   0x000052a2       0x9a Application/application.o
 .debug_macro   0x0000533c       0x81 Application/application.o
 .debug_macro   0x000053bd       0x34 Application/application.o
 .debug_macro   0x000053f1       0x18 Application/application.o
 .debug_macro   0x00005409       0x6c Application/application.o
 .debug_macro   0x00005475       0x69 Application/application.o
 .debug_macro   0x000054de       0x10 Application/application.o
 .debug_macro   0x000054ee      0x160 Application/application.o
 .debug_macro   0x0000564e       0x7f Application/application.o
 .debug_macro   0x000056cd       0x33 Application/application.o
 .debug_macro   0x00005700      0x1bd Application/application.o
 .debug_macro   0x000058bd     0x1b5a Application/application.o
 .debug_macro   0x00007417      0x265 Application/application.o
 .debug_macro   0x0000767c       0x43 Application/application.o
 .debug_macro   0x000076bf       0x83 Application/application.o
 .debug_macro   0x00007742      0x10e Application/application.o
 .debug_macro   0x00007850       0x43 Application/application.o
 .debug_macro   0x00007893       0x28 Application/application.o
 .debug_macro   0x000078bb       0x10 Application/application.o
 .debug_macro   0x000078cb       0x10 Application/application.o
 .debug_macro   0x000078db      0x181 Application/application.o
 .debug_macro   0x00007a5c      0x10c Application/application.o
 .debug_macro   0x00007b68      0x160 Application/application.o
 .debug_macro   0x00007cc8       0x68 Application/application.o
 .debug_macro   0x00007d30       0xb8 Application/application.o
 .debug_macro   0x00007de8       0x87 Application/application.o
 .debug_macro   0x00007e6f       0x10 Application/application.o
 .debug_macro   0x00007e7f       0x35 Application/application.o
 .debug_macro   0x00007eb4      0x175 Application/application.o
 .debug_macro   0x00008029       0x4a Application/application.o
 .debug_macro   0x00008073       0x16 Application/application.o
 .debug_macro   0x00008089      0x11e Application/application.o
 .debug_macro   0x000081a7      0x1ad Application/application.o
 .debug_macro   0x00008354       0x8e Application/application.o
 .debug_macro   0x000083e2       0xd6 Application/application.o
 .debug_macro   0x000084b8      0x3d8 Application/application.o
 .debug_macro   0x00008890      0x269 Application/application.o
 .debug_macro   0x00008af9       0xea Application/application.o
 .debug_macro   0x00008be3       0x28 Application/application.o
 .debug_macro   0x00008c0b      0x247 Application/BowComm.o
 .debug_macro   0x00008e52       0x35 Application/BowComm.o
 .debug_macro   0x00008e87       0x16 Application/BowComm.o
 .debug_macro   0x00008e9d       0x10 Application/BowComm.o
 .debug_macro   0x00008ead      0x302 Application/BowComm.o
 .debug_macro   0x000091af       0x9e Application/BowComm.o
 .debug_macro   0x0000924d       0xef Application/BowComm.o
 .debug_macro   0x0000933c       0x4a Application/BowComm.o
 .debug_macro   0x00009386       0x5a Application/BowComm.o
 .debug_macro   0x000093e0      0x1ec Application/display.o
 .debug_macro   0x000095cc      0x204 Application/SpeedQueen.o
 .debug_macro   0x000097d0      0x271 Application/reader.o
 .debug_macro   0x00009a41      0x10e Application/reader.o
 .debug_macro   0x00009b4f      0x183 Application/reader.o
 .debug_macro   0x00009cd2       0x34 Application/reader.o
 .debug_macro   0x00009d06       0x16 Application/reader.o
 .debug_macro   0x00009d1c       0x91 Application/zstring.o
 .debug_macro   0x00009dad       0x5c mifare/Mifare.o
 .debug_macro   0x00009e09       0xb2 mifare/RegCtrl.o
 .debug_macro   0x00009ebb       0x22 mifare/RegCtrl.o
 .debug_macro   0x00009edd       0x96 SPI/spi.o
 .debug_macro   0x00009f73      0x28b main.o
 .debug_macro   0x0000a1fe       0x63 main.o
 .debug_macro   0x0000a261      0x1c4 Radio/radio.o
 .debug_macro   0x0000a425      0x1da Radio/hal_avr.o
 .debug_macro   0x0000a5ff      0x1e0 RUM/mac.o
 .debug_macro   0x0000a7df      0x1d4 RUM/mac_associate.o
 .debug_macro   0x0000a9b3      0x1be RUM/mac_beacon.o
 .debug_macro   0x0000ab71       0x16 RUM/mac_beacon.o
 .debug_macro   0x0000ab87      0x1d7 RUM/mac_data.o
 .debug_macro   0x0000ad5e      0x166 RUM/mac_data.o
 .debug_macro   0x0000aec4       0x2e RUM/mac_data.o
 .debug_macro   0x0000aef2      0x1ff RUM/mac_event.o
 .debug_macro   0x0000b0f1      0x1cd RUM/mac_route.o
 .debug_macro   0x0000b2be      0x1d9 RUM/mac_scan.o
 .debug_macro   0x0000b497      0x1f8 Timer/avr_timer.o
 .debug_macro   0x0000b68f      0x1c2 Timer/timer_enddevice.o
 .debug_macro   0x0000b851      0x175 Timer/timer_enddevice.o
 .debug_macro   0x0000b9c6       0x12 Timer/timer_enddevice.o
 .debug_macro   0x0000b9d8      0x1e0 UART/serial.o
 .debug_macro   0x0000bbb8      0x19d UART/serial.o
OUTPUT(RDR_ACA_20170815_V1.1.elf elf32-avr)
LOAD linker stubs
