Archive member included to satisfy reference by file (symbol)

c:/program files (x86)/atmel/studio/7.0/toolchain/avr8/avr8-gnu-toolchain/bin/../lib/gcc/avr/4.9.2/../../../../avr/lib/avr51\libprintf_flt.a(vfprintf_flt.o)
                              (vfprintf)
c:/program files (x86)/atmel/studio/7.0/toolchain/avr8/avr8-gnu-toolchain/bin/../lib/gcc/avr/4.9.2/../../../../avr/lib/avr51\libm.a(addsf3.o)
                              Application/application.o (__subsf3)
c:/program files (x86)/atmel/studio/7.0/toolchain/avr8/avr8-gnu-toolchain/bin/../lib/gcc/avr/4.9.2/../../../../avr/lib/avr51\libm.a(addsf3x.o)
                              c:/program files (x86)/atmel/studio/7.0/toolchain/avr8/avr8-gnu-toolchain/bin/../lib/gcc/avr/4.9.2/../../../../avr/lib/avr51\libm.a(addsf3.o) (__addsf3x)
c:/program files (x86)/atmel/studio/7.0/toolchain/avr8/avr8-gnu-toolchain/bin/../lib/gcc/avr/4.9.2/../../../../avr/lib/avr51\libm.a(divsf3.o)
                              Application/BowComm.o (__divsf3)
c:/program files (x86)/atmel/studio/7.0/toolchain/avr8/avr8-gnu-toolchain/bin/../lib/gcc/avr/4.9.2/../../../../avr/lib/avr51\libm.a(divsf3x.o)
                              c:/program files (x86)/atmel/studio/7.0/toolchain/avr8/avr8-gnu-toolchain/bin/../lib/gcc/avr/4.9.2/../../../../avr/lib/avr51\libm.a(divsf3.o) (__divsf3x)
c:/program files (x86)/atmel/studio/7.0/toolchain/avr8/avr8-gnu-toolchain/bin/../lib/gcc/avr/4.9.2/../../../../avr/lib/avr51\libm.a(fixunssfsi.o)
                              Application/application.o (__fixunssfsi)
c:/program files (x86)/atmel/studio/7.0/toolchain/avr8/avr8-gnu-toolchain/bin/../lib/gcc/avr/4.9.2/../../../../avr/lib/avr51\libm.a(floatsisf.o)
                              Application/application.o (__floatunsisf)
c:/program files (x86)/atmel/studio/7.0/toolchain/avr8/avr8-gnu-toolchain/bin/../lib/gcc/avr/4.9.2/../../../../avr/lib/avr51\libm.a(fp_inf.o)
                              c:/program files (x86)/atmel/studio/7.0/toolchain/avr8/avr8-gnu-toolchain/bin/../lib/gcc/avr/4.9.2/../../../../avr/lib/avr51\libm.a(addsf3x.o) (__fp_inf)
c:/program files (x86)/atmel/studio/7.0/toolchain/avr8/avr8-gnu-toolchain/bin/../lib/gcc/avr/4.9.2/../../../../avr/lib/avr51\libm.a(fp_nan.o)
                              c:/program files (x86)/atmel/studio/7.0/toolchain/avr8/avr8-gnu-toolchain/bin/../lib/gcc/avr/4.9.2/../../../../avr/lib/avr51\libm.a(addsf3x.o) (__fp_nan)
c:/program files (x86)/atmel/studio/7.0/toolchain/avr8/avr8-gnu-toolchain/bin/../lib/gcc/avr/4.9.2/../../../../avr/lib/avr51\libm.a(fp_pscA.o)
                              c:/program files (x86)/atmel/studio/7.0/toolchain/avr8/avr8-gnu-toolchain/bin/../lib/gcc/avr/4.9.2/../../../../avr/lib/avr51\libm.a(addsf3x.o) (__fp_pscA)
c:/program files (x86)/atmel/studio/7.0/toolchain/avr8/avr8-gnu-toolchain/bin/../lib/gcc/avr/4.9.2/../../../../avr/lib/avr51\libm.a(fp_pscB.o)
                              c:/program files (x86)/atmel/studio/7.0/toolchain/avr8/avr8-gnu-toolchain/bin/../lib/gcc/avr/4.9.2/../../../../avr/lib/avr51\libm.a(addsf3x.o) (__fp_pscB)
c:/program files (x86)/atmel/studio/7.0/toolchain/avr8/avr8-gnu-toolchain/bin/../lib/gcc/avr/4.9.2/../../../../avr/lib/avr51\libm.a(fp_round.o)
                              c:/program files (x86)/atmel/studio/7.0/toolchain/avr8/avr8-gnu-toolchain/bin/../lib/gcc/avr/4.9.2/../../../../avr/lib/avr51\libm.a(addsf3.o) (__fp_round)
c:/program files (x86)/atmel/studio/7.0/toolchain/avr8/avr8-gnu-toolchain/bin/../lib/gcc/avr/4.9.2/../../../../avr/lib/avr51\libm.a(fp_split3.o)
                              c:/program files (x86)/atmel/studio/7.0/toolchain/avr8/avr8-gnu-toolchain/bin/../lib/gcc/avr/4.9.2/../../../../avr/lib/avr51\libm.a(addsf3x.o) (__fp_split3)
c:/program files (x86)/atmel/studio/7.0/toolchain/avr8/avr8-gnu-toolchain/bin/../lib/gcc/avr/4.9.2/../../../../avr/lib/avr51\libm.a(fp_zero.o)
                              c:/program files (x86)/atmel/studio/7.0/toolchain/avr8/avr8-gnu-toolchain/bin/../lib/gcc/avr/4.9.2/../../../../avr/lib/avr51\libm.a(addsf3x.o) (__fp_zero)
c:/program files (x86)/atmel/studio/7.0/toolchain/avr8/avr8-gnu-toolchain/bin/../lib/gcc/avr/4.9.2/avr51\libgcc.a(_udivmodhi4.o)
                              mifare/Mifare.o (__udivmodhi4)
c:/program files (x86)/atmel/studio/7.0/toolchain/avr8/avr8-gnu-toolchain/bin/../lib/gcc/avr/4.9.2/avr51\libgcc.a(_divmodhi4.o)
                              RUM/mac_event.o (__divmodhi4)
c:/program files (x86)/atmel/studio/7.0/toolchain/avr8/avr8-gnu-toolchain/bin/../lib/gcc/avr/4.9.2/avr51\libgcc.a(_udivmodsi4.o)
                              Radio/hal_avr.o (__udivmodsi4)
c:/program files (x86)/atmel/studio/7.0/toolchain/avr8/avr8-gnu-toolchain/bin/../lib/gcc/avr/4.9.2/avr51\libgcc.a(_exit.o)
                              C:/Program Files (x86)/Atmel/Studio/7.0/Packs/atmel/ATmega_DFP/1.1.130/gcc/dev/atmega128rfa1/avr51/crtatmega128rfa1.o (exit)
[...]
Memory Configuration

Name             Origin             Length             Attributes
text             0x00000000         0x00020000         xr
data             0x00800100         0x0000ff00         rw !x
eeprom           0x00810000         0x00010000         rw !x
fuse             0x00820000         0x00000003         rw !x
lock             0x00830000         0x00000400         rw !x
signature        0x00840000         0x00000400         rw !x
user_signatures  0x00850000         0x00000400         rw !x
*default*        0x00000000         0xffffffff

Linker script and memory map

Address of section .data set to 0x800200
LOAD C:/Program Files (x86)/Atmel/Studio/7.0/Packs/atmel/ATmega_DFP/1.1.130/gcc/dev/atmega128rfa1/avr51/crtatmega128rfa1.o
LOAD Application/application.o
LOAD Application/BowComm.o
LOAD Application/display.o
LOAD Application/SpeedQueen.o
LOAD Application/reader.o
LOAD Application/zstring.o
LOAD mifare/Mifare.o
LOAD mifare/RegCtrl.o
LOAD SPI/spi.o
LOAD TWI/i2cbitbang.o
LOAD TWI/twi.o
LOAD main.o
LOAD Application/sleep.o
LOAD Radio/radio.o
LOAD Radio/hal_avr.o
LOAD RUM/mac_start.o
LOAD RUM/mac.o
LOAD RUM/mac_associate.o
LOAD RUM/mac_beacon.o
LOAD RUM/mac_data.o
LOAD RUM/mac_event.o
LOAD RUM/mac_route.o
LOAD RUM/mac_scan.o
LOAD Timer/avr_timer.o
LOAD Timer/timer_enddevice.o
LOAD UART/serial.o
START GROUP
LOAD c:/program files (x86)/atmel/studio/7.0/toolchain/avr8/avr8-gnu-toolchain/bin/../lib/gcc/avr/4.9.2/../../../../avr/lib/avr51\libprintf_flt.a
LOAD c:/program files (x86)/atmel/studio/7.0/toolchain/avr8/avr8-gnu-toolchain/bin/../lib/gcc/avr/4.9.2/../../../../avr/lib/avr51\libm.a
END GROUP
                0x00004000                __stack = 0x4000
Address of section .data set to 0x800200
START GROUP
LOAD c:/program files (x86)/atmel/studio/7.0/toolchain/avr8/avr8-gnu-toolchain/bin/../lib/gcc/avr/4.9.2/avr51\libgcc.a
LOAD c:/program files (x86)/atmel/studio/7.0/toolchain/avr8/avr8-gnu-toolchain/bin/../lib/gcc/avr/4.9.2/../../../../avr/lib/avr51\libm.a
LOAD c:/program files (x86)/atmel/studio/7.0/toolchain/avr8/avr8-gnu-toolchain/bin/../lib/gcc/avr/4.9.2/../../../../avr/lib/avr51\libc.a
LOAD C:/Program Files (x86)/Atmel/Studio/7.0/Packs/atmel/ATmega_DFP/1.1.130/gcc/dev/atmega128rfa1/avr51\libatmega128rfa1.a
END GROUP
                0x00020000                __TEXT_REGION_LENGTH__ = DEFINED (__TEXT_REGION_LENGTH__)?__TEXT_REGION_LENGTH__:0x20000
                0x0000ff00                __DATA_REGION_LENGTH__ = DEFINED (__DATA_REGION_LENGTH__)?__DATA_REGION_LENGTH__:0xff00
                0x00010000                __EEPROM_REGION_LENGTH__ = DEFINED (__EEPROM_REGION_LENGTH__)?__EEPROM_REGION_LENGTH__:0x10000
                [0x00000003]                __FUSE_REGION_LENGTH__ = DEFINED (__FUSE_REGION_LENGTH__)?__FUSE_REGION_LENGTH__:0x400
                0x00000400                __LOCK_REGION_LENGTH__ = DEFINED (__LOCK_REGION_LENGTH__)?__LOCK_REGION_LENGTH__:0x400
                0x00000400                __SIGNATURE_REGION_LENGTH__ = DEFINED (__SIGNATURE_REGION_LENGTH__)?__SIGNATURE_REGION_LENGTH__:0x400
                0x00000400                __USER_SIGNATURE_REGION_LENGTH__ = DEFINED (__USER_SIGNATURE_REGION_LENGTH__)?__USER_SIGNATURE_REGION_LENGTH__:0x400

.hash
 *(.hash)

.dynsym
 *(.dynsym)

.dynstr
 *(.dynstr)

.gnu.version
 *(.gnu.version)

.gnu.version_d
 *(.gnu.version_d)

.gnu.version_r
 *(.gnu.version_r)

.rel.init
 *(.rel.init)

.rela.init
 *(.rela.init)

.rel.text
 *(.rel.text)
 *(.rel.text.*)
 *(.rel.gnu.linkonce.t*)

.rela.text
 *(.rela.text)
 *(.rela.text.*)
 *(.rela.gnu.linkonce.t*)

.rel.fini
 *(.rel.fini)

.rela.fini
 *(.rela.fini)

.rel.rodata
 *(.rel.rodata)
 *(.rel.rodata.*)
 *(.rel.gnu.linkonce.r*)

.rela.rodata
 *(.rela.rodata)
 *(.rela.rodata.*)
 *(.rela.gnu.linkonce.r*)

.rel.data
 *(.rel.data)
 *(.rel.data.*)
 *(.rel.gnu.linkonce.d*)

.rela.data
 *(.rela.data)
 *(.rela.data.*)
 *(.rela.gnu.linkonce.d*)

.rel.ctors
 *(.rel.ctors)

.rela.ctors
 *(.rela.ctors)

.rel.dtors
 *(.rel.dtors)

.rela.dtors
 *(.rela.dtors)

.rel.got
 *(.rel.got)

.rela.got
 *(.rela.got)

.rel.bss
 *(.rel.bss)

.rela.bss
 *(.rela.bss)

.rel.plt
 *(.rel.plt)

.rela.plt
 *(.rela.plt)

.text           0x00000000     0x6c2e
 *(.vectors)
 .vectors       0x00000000      0x120 C:/Program Files (x86)/Atmel/Studio/7.0/Packs/atmel/ATmega_DFP/1.1.130/gcc/dev/atmega128rfa1/avr51/crtatmega128rfa1.o
                0x00000000                __vector_default
                0x00000000                __vectors
 *(.vectors)
 *(.progmem.gcc*)
 .progmem.gcc_sw_table.appTask
                0x00000120       0x50 Application/application.o
 .progmem.gcc_sw_table.sendSQACAVendPrice
                0x00000170       0x24 Application/SpeedQueen.o
 .progmem.gcc_sw_table.storeOfflineTransaction
                0x00000194       0x12 Application/reader.o
 .progmem.gcc_sw_table.macTask
                0x000001a6       0x14 RUM/mac_event.o
                0x000001ba                . = ALIGN (0x2)
                0x000001ba                __trampolines_start = .
 *(.trampolines)
 .trampolines   0x000001ba        0x0 linker stubs
 *(.trampolines*)
                0x000001ba                __trampolines_end = .
 *libprintf_flt.a:*(.progmem.data)
 .progmem.data  0x000001ba        0x8 c:/program files (x86)/atmel/studio/7.0/toolchain/avr8/avr8-gnu-toolchain/bin/../lib/gcc/avr/4.9.2/../../../../avr/lib/avr51\libprintf_flt.a(vfprintf_flt.o)
 *libc.a:*(.progmem.data)
 .progmem.data  0x000001c2       0xfa c:/program files (x86)/atmel/studio/7.0/toolchain/avr8/avr8-gnu-toolchain/bin/../lib/gcc/avr/4.9.2/../../../../avr/lib/avr51\libc.a(ftoa_engine.o)
 .progmem.data  0x000002bc       0x3b c:/program files (x86)/atmel/studio/7.0/toolchain/avr8/avr8-gnu-toolchain/bin/../lib/gcc/avr/4.9.2/../../../../avr/lib/avr51\libc.a(strtod.o)
 *(.progmem*)
                0x000002f8                . = ALIGN (0x2)
 *fill*         0x000002f7        0x1 
 *(.jumptables)
 *(.jumptables*)
 *(.lowtext)
 *(.lowtext*)
                0x000002f8                __ctors_start = .
 *(.ctors)
                0x000002f8                __ctors_end = .
                0x000002f8                __dtors_start = .
 *(.dtors)
                0x000002f8                __dtors_end = .
 SORT(*)(.ctors)
 SORT(*)(.dtors)
 *(.init0)
 .init0         0x000002f8        0x0 C:/Program Files (x86)/Atmel/Studio/7.0/Packs/atmel/ATmega_DFP/1.1.130/gcc/dev/atmega128rfa1/avr51/crtatmega128rfa1.o
                0x000002f8                __init
 *(.init0)
 *(.init1)
 *(.init1)
 *(.init2)
 .init2         0x000002f8        0xc C:/Program Files (x86)/Atmel/Studio/7.0/Packs/atmel/ATmega_DFP/1.1.130/gcc/dev/atmega128rfa1/avr51/crtatmega128rfa1.o
 *(.init2)
 *(.init3)
 *(.init3)
 *(.init4)
 .init4         0x00000304       0x1a c:/program files (x86)/atmel/studio/7.0/toolchain/avr8/avr8-gnu-toolchain/bin/../lib/gcc/avr/4.9.2/avr51\libgcc.a(_copy_data.o)
                0x00000304                __do_copy_data
 .init4         0x0000031e       0x10 c:/program files (x86)/atmel/studio/7.0/toolchain/avr8/avr8-gnu-toolchain/bin/../lib/gcc/avr/4.9.2/avr51\libgcc.a(_clear_bss.o)
                0x0000031e                __do_clear_bss
 *(.init4)
 *(.init5)
 *(.init5)
 *(.init6)
 *(.init6)
 *(.init7)
 *(.init7)
 *(.init8)
 *(.init8)
 *(.init9)
 .init9         0x0000032e        0x8 C:/Program Files (x86)/Atmel/Studio/7.0/Packs/atmel/ATmega_DFP/1.1.130/gcc/dev/atmega128rfa1/avr51/crtatmega128rfa1.o
 *(.init9)
 *(.text)
 .text          0x00000336        0x4 C:/Program Files (x86)/Atmel/Studio/7.0/Packs/atmel/ATmega_DFP/1.1.130/gcc/dev/atmega128rfa1/avr51/crtatmega128rfa1.o
                0x00000336                __vector_38
                0x00000336                __vector_22
                0x00000336                __vector_28
                0x00000336                __vector_67
                0x00000336                __vector_1
                0x00000336                __vector_71
                0x00000336                __vector_34
                0x00000336                __vector_62
                0x00000336                __vector_24
                0x00000336                __vector_55
                0x00000336                __vector_69
                0x00000336                __vector_46
                0x00000336                __bad_interrupt
                0x00000336                __vector_6
                0x00000336                __vector_31
                0x00000336                __vector_39
                0x00000336                __vector_3
                0x00000336                __vector_23
                0x00000336                __vector_68
                0x00000336                __vector_30
                0x00000336                __vector_45
                0x00000336                __vector_25
                0x00000336                __vector_11
                0x00000336                __vector_54
                0x00000336                __vector_13
                0x00000336                __vector_17
                0x00000336                __vector_19
                0x00000336                __vector_56
                0x00000336                __vector_7
                0x00000336                __vector_49
                0x00000336                __vector_41
                0x00000336                __vector_64
                0x00000336                __vector_43
                0x00000336                __vector_27
                0x00000336                __vector_5
                0x00000336                __vector_33
                0x00000336                __vector_47
                0x00000336                __vector_52
                0x00000336                __vector_4
                0x00000336                __vector_44
                0x00000336                __vector_51
                0x00000336                __vector_9
                0x00000336                __vector_2
                0x00000336                __vector_15
                0x00000336                __vector_66
                0x00000336                __vector_58
                0x00000336                __vector_70
                0x00000336                __vector_29
                0x00000336                __vector_40
                0x00000336                __vector_8
                0x00000336                __vector_26
                0x00000336                __vector_48
                0x00000336                __vector_14
                0x00000336                __vector_57
                0x00000336                __vector_53
                0x00000336                __vector_10
                0x00000336                __vector_50
                0x00000336                __vector_16
                0x00000336                __vector_18
                0x00000336                __vector_20
                0x00000336                __vector_42
                0x00000336                __vector_65
                0x0000033a                . = ALIGN (0x2)
 *(.text.*)
 .text.ledoff1  0x0000033a        0x4 Application/application.o
                0x0000033a                ledoff1
 .text.ledoff2  0x0000033e        0x4 Application/application.o
                0x0000033e                ledoff2
 .text.ValidationTimeout
                0x00000342        0x8 Application/application.o
                0x00000342                ValidationTimeout
 .text.CommTimeOut
                0x0000034a       0x12 Application/application.o
                0x0000034a                CommTimeOut
 .text.KeypressTimeOut
                0x0000035c        0x8 Application/application.o
                0x0000035c                KeypressTimeOut
 .text.SetupTimeout
                0x00000364        0x8 Application/application.o
                0x00000364                SetupTimeout
 .text.SetDeviceState
                0x0000036c        0x8 Application/application.o
                0x0000036c                SetDeviceState
 .text.appStartScan
                0x00000374        0xa Application/application.o
                0x00000374                appStartScan
 .text.appAssociate
                0x0000037e        0xe Application/application.o
                0x0000037e                appAssociate
 .text.appPingReq
                0x0000038c        0x8 Application/application.o
                0x0000038c                appPingReq
 .text.appPingRsp
                0x00000394       0x10 Application/application.o
                0x00000394                appPingRsp
 .text.appPacketSendSucceed
                0x000003a4       0x1c Application/application.o
                0x000003a4                appPacketSendSucceed
 .text.appPacketSendAccessFail
                0x000003c0        0x2 Application/application.o
                0x000003c0                appPacketSendAccessFail
 .text.appPacketSendFailed
                0x000003c2       0x8a Application/application.o
                0x000003c2                appPacketSendFailed
 .text.appDataIndication
                0x0000044c       0x52 Application/application.o
                0x0000044c                appDataIndication
 .text.appChildAssociated
                0x0000049e        0xe Application/application.o
                0x0000049e                appChildAssociated
 .text.appAssociateConfirm
                0x000004ac       0x14 Application/application.o
                0x000004ac                appAssociateConfirm
 .text.appScanConfirm
                0x000004c0       0x2e Application/application.o
                0x000004c0                appScanConfirm
 .text.checkEeprom
                0x000004ee      0x160 Application/application.o
                0x000004ee                checkEeprom
 .text.appInit  0x0000064e      0x144 Application/application.o
                0x0000064e                appInit
 .text.GetParam
                0x00000792       0x68 Application/application.o
                0x00000792                GetParam
 .text.DevicePoll
                0x000007fa       0x10 Application/application.o
                0x000007fa                DevicePoll
 .text.appTask  0x0000080a      0x832 Application/application.o
                0x0000080a                appTask
 .text.timeoutWaitingForOLTReponse
                0x0000103c        0xc Application/BowComm.o
 .text.constructOutgoingString
                0x00001048      0x140 Application/BowComm.o
                0x00001048                constructOutgoingString
 .text.sendBOWReaderFirmwareVersion
                0x00001188       0x5c Application/BowComm.o
                0x00001188                sendBOWReaderFirmwareVersion
 .text.sendBOWSetupRequest
                0x000011e4       0x52 Application/BowComm.o
                0x000011e4                sendBOWSetupRequest
 .text.sendBOWValidationRequest
                0x00001236       0x4e Application/BowComm.o
                0x00001236                sendBOWValidationRequest
 .text.sendBOWMachineLabel
                0x00001284       0x4e Application/BowComm.o
                0x00001284                sendBOWMachineLabel
 .text.sendBOWMachineDescription
                0x000012d2       0x52 Application/BowComm.o
                0x000012d2                sendBOWMachineDescription
 .text.sendNumberOfOLT
                0x00001324       0x4e Application/BowComm.o
                0x00001324                sendNumberOfOLT
 .text.extractIncomingMessage
                0x00001372      0x486 Application/BowComm.o
                0x00001372                extractIncomingMessage
 .text.sendBOWCCTransaction
                0x000017f8      0x114 Application/BowComm.o
                0x000017f8                sendBOWCCTransaction
 .text.sendBOWAuditDataRequest
                0x0000190c       0x52 Application/BowComm.o
                0x0000190c                sendBOWAuditDataRequest
 .text.sendSQDisplayCommand
                0x0000195e       0x5c Application/display.o
                0x0000195e                sendSQDisplayCommand
 .text.displaySQReaderVersion
                0x000019ba       0x3c Application/display.o
                0x000019ba                displaySQReaderVersion
 .text.displaySQBalance
                0x000019f6       0x5c Application/display.o
                0x000019f6                displaySQBalance
 .text.displaySQTopOffvend
                0x00001a52       0x38 Application/display.o
                0x00001a52                displaySQTopOffvend
 .text.displaySQCardError
                0x00001a8a       0x68 Application/display.o
                0x00001a8a                displaySQCardError
 .text.displayMsg
                0x00001af2       0x8a Application/display.o
                0x00001af2                displayMsg
 .text.getSQSetupData
                0x00001b7c      0x302 Application/SpeedQueen.o
                0x00001b7c                getSQSetupData
 .text.sendSQDataPacket
                0x00001e7e       0xc2 Application/SpeedQueen.o
                0x00001e7e                sendSQDataPacket
 .text.sendSQACAVendPrice
                0x00001f40      0x20a Application/SpeedQueen.o
                0x00001f40                sendSQACAVendPrice
 .text.getSQDataPacket
                0x0000214a       0x6e Application/SpeedQueen.o
                0x0000214a                getSQDataPacket
 .text.getSQACAStatusData
                0x000021b8       0xf0 Application/SpeedQueen.o
                0x000021b8                getSQACAStatusData
 .text.SQACAMachineStatusSequence
                0x000022a8       0x66 Application/SpeedQueen.o
                0x000022a8                SQACAMachineStatusSequence
 .text.getSQACAInitData
                0x0000230e       0x5e Application/SpeedQueen.o
                0x0000230e                getSQACAInitData
 .text.IsACA    0x0000236c       0x5e Application/SpeedQueen.o
                0x0000236c                IsACA
 .text.waitSQStartKey
                0x000023ca       0x16 Application/SpeedQueen.o
                0x000023ca                waitSQStartKey
 .text.sendSQACAMimicQuantumVending
                0x000023e0       0x32 Application/SpeedQueen.o
                0x000023e0                sendSQACAMimicQuantumVending
 .text.sendSQACAVendingTransaction
                0x00002412       0x6e Application/SpeedQueen.o
                0x00002412                sendSQACAVendingTransaction
 .text.isMachineCycleRunning
                0x00002480        0xe Application/SpeedQueen.o
                0x00002480                isMachineCycleRunning
 .text.waitForMachineStartKey
                0x0000248e        0x4 Application/SpeedQueen.o
                0x0000248e                waitForMachineStartKey
 .text.SQACAMachineStatusCommSequence
                0x00002492       0x10 Application/SpeedQueen.o
                0x00002492                SQACAMachineStatusCommSequence
 .text.SQACAInitializationSequence
                0x000024a2       0x24 Application/SpeedQueen.o
                0x000024a2                SQACAInitializationSequence
 .text.getSQReaderMachineSetup
                0x000024c6      0x330 Application/SpeedQueen.o
                0x000024c6                getSQReaderMachineSetup
 .text.initReader
                0x000027f6       0xde Application/reader.o
                0x000027f6                initReader
 .text.storeOfflineTransaction
                0x000028d4      0x1d6 Application/reader.o
                0x000028d4                storeOfflineTransaction
 .text.sendStoredTransaction
                0x00002aaa       0xc2 Application/reader.o
                0x00002aaa                sendStoredTransaction
 .text.WaitForMachine
                0x00002b6c        0x8 Application/reader.o
                0x00002b6c                WaitForMachine
 .text.InitTimerZero
                0x00002b74       0x10 Application/reader.o
                0x00002b74                InitTimerZero
 .text.StopTimerZero
                0x00002b84        0x4 Application/reader.o
                0x00002b84                StopTimerZero
 .text.StartTimerZero
                0x00002b88        0xe Application/reader.o
                0x00002b88                StartTimerZero
 .text.__vector_21
                0x00002b96       0x22 Application/reader.o
                0x00002b96                __vector_21
 .text.padLeft  0x00002bb8       0xb0 Application/zstring.o
                0x00002bb8                padLeft
 .text.SetTimeOut
                0x00002c68       0x5c mifare/Mifare.o
                0x00002c68                SetTimeOut
 .text.Rc522Init
                0x00002cc4       0xc4 mifare/Mifare.o
                0x00002cc4                Rc522Init
 .text.M522PcdCmd
                0x00002d88      0x280 mifare/Mifare.o
                0x00002d88                M522PcdCmd
 .text.Request  0x00003008       0xb0 mifare/Mifare.o
                0x00003008                Request
 .text.CascAnticoll
                0x000030b8      0x1f2 mifare/Mifare.o
                0x000030b8                CascAnticoll
 .text.Select   0x000032aa       0xbe mifare/Mifare.o
                0x000032aa                Select
 .text.AnticollSelect
                0x00003368      0x156 mifare/Mifare.o
                0x00003368                AnticollSelect
 .text.Authentication
                0x000034be       0x90 mifare/Mifare.o
                0x000034be                Authentication
 .text.Read     0x0000354e       0xb4 mifare/Mifare.o
                0x0000354e                Read
 .text.readCardID
                0x00003602        0xe mifare/Mifare.o
                0x00003602                readCardID
 .text.RcSetReg
                0x00003610       0x28 mifare/RegCtrl.o
                0x00003610                RcSetReg
 .text.RcGetReg
                0x00003638       0x14 mifare/RegCtrl.o
                0x00003638                RcGetReg
 .text.RcModifyReg
                0x0000364c       0x3a mifare/RegCtrl.o
                0x0000364c                RcModifyReg
 .text.Spi_initialize
                0x00003686       0x30 SPI/spi.o
                0x00003686                Spi_initialize
 .text.Spi_send
                0x000036b6        0xa SPI/spi.o
                0x000036b6                Spi_send
 .text.Spi_receive
                0x000036c0        0xe SPI/spi.o
                0x000036c0                Spi_receive
 .text.mifareInit
                0x000036ce        0x8 main.o
                0x000036ce                mifareInit
 .text.startup.main
                0x000036d6       0x3e main.o
                0x000036d6                main
 .text.isSleeping
                0x00003714        0xa Radio/radio.o
 .text.radioGetPartnum
                0x0000371e       0x16 Radio/radio.o
                0x0000371e                radioGetPartnum
 .text.radioRxStartEvent
                0x00003734       0x10 Radio/radio.o
                0x00003734                radioRxStartEvent
 .text.radioGetSavedRssiValue
                0x00003744       0x12 Radio/radio.o
                0x00003744                radioGetSavedRssiValue
 .text.radioGetSavedLqiValue
                0x00003756        0x6 Radio/radio.o
                0x00003756                radioGetSavedLqiValue
 .text.radioSetOperatingChannel
                0x0000375c       0x62 Radio/radio.o
                0x0000375c                radioSetOperatingChannel
 .text.radioSetClockSpeed
                0x000037be       0x2e Radio/radio.o
                0x000037be                radioSetClockSpeed
 .text.radioGetTrxState
                0x000037ec        0x8 Radio/radio.o
                0x000037ec                radioGetTrxState
 .text.radioResetStateMachine
                0x000037f4       0x28 Radio/radio.o
                0x000037f4                radioResetStateMachine
 .text.radioResetTrx
                0x0000381c       0x20 Radio/radio.o
                0x0000381c                radioResetTrx
 .text.radioInit
                0x0000383c       0x58 Radio/radio.o
                0x0000383c                radioInit
 .text.radioUseAutoTxCrc
                0x00003894       0x3c Radio/radio.o
                0x00003894                radioUseAutoTxCrc
 .text.radioIsBusy
                0x000038d0       0x20 Radio/radio.o
                0x000038d0                radioIsBusy
 .text.radioSetTrxState
                0x000038f0       0xd6 Radio/radio.o
                0x000038f0                radioSetTrxState
 .text.radioTrxEndEvent
                0x000039c6      0x168 Radio/radio.o
                0x000039c6                radioTrxEndEvent
 .text.radioSendData
                0x00003b2e       0x6e Radio/radio.o
                0x00003b2e                radioSendData
 .text.radioSetDeviceRole
                0x00003b9c        0xe Radio/radio.o
                0x00003b9c                radioSetDeviceRole
 .text.radioSetPanId
                0x00003baa        0xa Radio/radio.o
                0x00003baa                radioSetPanId
 .text.radioSetShortAddress
                0x00003bb4        0xa Radio/radio.o
                0x00003bb4                radioSetShortAddress
 .text.radioSetExtendedAddress
                0x00003bbe       0x16 Radio/radio.o
                0x00003bbe                radioSetExtendedAddress
 .text.radioRandom
                0x00003bd4       0x5e Radio/radio.o
                0x00003bd4                radioRandom
 .text.radioSetup900
                0x00003c32        0x2 Radio/radio.o
                0x00003c32                radioSetup900
 .text.__vector_59
                0x00003c34       0x50 Radio/hal_avr.o
                0x00003c34                __vector_59
 .text.__vector_60
                0x00003c84       0x50 Radio/hal_avr.o
                0x00003c84                __vector_60
 .text.__vector_63
                0x00003cd4       0x5a Radio/hal_avr.o
                0x00003cd4                __vector_63
 .text.__vector_61
                0x00003d2e       0x50 Radio/hal_avr.o
                0x00003d2e                __vector_61
 .text.calibrate_rc_osc
                0x00003d7e       0xea Radio/hal_avr.o
                0x00003d7e                calibrate_rc_osc
 .text.halGetEeprom
                0x00003e68       0x2a Radio/hal_avr.o
                0x00003e68                halGetEeprom
 .text.halPutEeprom
                0x00003e92       0x2a Radio/hal_avr.o
                0x00003e92                halPutEeprom
 .text.macInit  0x00003ebc       0xf6 RUM/mac.o
                0x00003ebc                macInit
 .text.macSetOperatingChannel
                0x00003fb2        0x8 RUM/mac.o
                0x00003fb2                macSetOperatingChannel
 .text.macAssociationConfirm
                0x00003fba       0x14 RUM/mac_associate.o
                0x00003fba                macAssociationConfirm
 .text.macAssociate
                0x00003fce       0xa4 RUM/mac_associate.o
                0x00003fce                macAssociate
 .text.macIsChild
                0x00004072       0x24 RUM/mac_associate.o
                0x00004072                macIsChild
 .text.macAddChild
                0x00004096       0x82 RUM/mac_associate.o
                0x00004096                macAddChild
 .text.macRemoveChild
                0x00004118       0x36 RUM/mac_associate.o
                0x00004118                macRemoveChild
 .text.macInitNodes
                0x0000414e        0x2 RUM/mac_associate.o
                0x0000414e                macInitNodes
 .text.macWakeChildNode
                0x00004150        0x2 RUM/mac_associate.o
                0x00004150                macWakeChildNode
 .text.macChildIsAwake
                0x00004152        0xa RUM/mac_associate.o
                0x00004152                macChildIsAwake
 .text.sendBeaconFrame
                0x0000415c       0x56 RUM/mac_beacon.o
                0x0000415c                sendBeaconFrame
 .text.mdr_timer
                0x000041b2        0xc RUM/mac_data.o
                0x000041b2                mdr_timer
 .text.macDataRequestInt
                0x000041be      0x106 RUM/mac_data.o
 .text.macDataRequest
                0x000042c4        0x6 RUM/mac_data.o
                0x000042c4                macDataRequest
 .text.macDataIndication
                0x000042ca       0x6e RUM/mac_data.o
                0x000042ca                macDataIndication
 .text.mp       0x00004338       0x8e RUM/mac_data.o
                0x00004338                mp
 .text.macPing  0x000043c6       0x34 RUM/mac_data.o
                0x000043c6                macPing
 .text.mac_event_pending
                0x000043fa       0x12 RUM/mac_event.o
                0x000043fa                mac_event_pending
 .text.mac_put_event
                0x0000440c       0x58 RUM/mac_event.o
                0x0000440c                mac_put_event
 .text.mac_get_event
                0x00004464       0x3e RUM/mac_event.o
                0x00004464                mac_get_event
 .text.macTask  0x000044a2      0x114 RUM/mac_event.o
                0x000044a2                macTask
 .text.macForwardRoutingPacket
                0x000045b6       0x98 RUM/mac_route.o
                0x000045b6                macForwardRoutingPacket
 .text.macRouteAssociateResponse
                0x0000464e      0x11e RUM/mac_route.o
                0x0000464e                macRouteAssociateResponse
 .text.macRouteAssociateRequest
                0x0000476c      0x142 RUM/mac_route.o
                0x0000476c                macRouteAssociateRequest
 .text.macRouteData
                0x000048ae       0xb2 RUM/mac_route.o
                0x000048ae                macRouteData
 .text.macSendRoutingPacket
                0x00004960        0x4 RUM/mac_route.o
                0x00004960                macSendRoutingPacket
 .text.store_pandescriptors
                0x00004964       0x4c RUM/mac_scan.o
 .text.macIsScanning
                0x000049b0        0x6 RUM/mac_scan.o
                0x000049b0                macIsScanning
 .text.mac_logPanDescriptors
                0x000049b6       0x72 RUM/mac_scan.o
                0x000049b6                mac_logPanDescriptors
 .text.mac_scanConfirm
                0x00004a28       0x4e RUM/mac_scan.o
                0x00004a28                mac_scanConfirm
 .text.macScan  0x00004a76       0xb6 RUM/mac_scan.o
                0x00004a76                macScan
 .text.macEdCallback
                0x00004b2c        0x2 RUM/mac_scan.o
                0x00004b2c                macEdCallback
 .text.getUniqueID
                0x00004b2e       0x4e Timer/avr_timer.o
 .text.timerStart
                0x00004b7c       0x1e Timer/avr_timer.o
 .text.macSetAlarm
                0x00004b9a       0x92 Timer/avr_timer.o
                0x00004b9a                macSetAlarm
 .text.macSetLongAlarm
                0x00004c2c       0x7a Timer/avr_timer.o
                0x00004c2c                macSetLongAlarm
 .text.macTimerEnd
                0x00004ca6       0x60 Timer/avr_timer.o
                0x00004ca6                macTimerEnd
 .text.timerInit
                0x00004d06       0x22 Timer/avr_timer.o
                0x00004d06                timerInit
 .text.__vector_32
                0x00004d28      0x118 Timer/avr_timer.o
                0x00004d28                __vector_32
 .text.__vector_35
                0x00004e40       0x1e Timer/timer_enddevice.o
                0x00004e40                __vector_35
 .text.__vector_12
                0x00004e5e       0x1e Timer/timer_enddevice.o
                0x00004e5e                __vector_12
 .text.get_from_circ_buf
                0x00004e7c       0x24 UART/serial.o
 .text.init_rx_buf
                0x00004ea0        0xa UART/serial.o
                0x00004ea0                init_rx_buf
 .text.serial_init
                0x00004eaa       0x30 UART/serial.o
                0x00004eaa                serial_init
 .text.serial_putchar
                0x00004eda       0x5e UART/serial.o
                0x00004eda                serial_putchar
 .text.rx_buf_count
                0x00004f38       0x18 UART/serial.o
                0x00004f38                rx_buf_count
 .text.serial_getchar
                0x00004f50       0x22 UART/serial.o
                0x00004f50                serial_getchar
 .text.__vector_36
                0x00004f72       0x8a UART/serial.o
                0x00004f72                __vector_36
 .text.__vector_37
                0x00004ffc       0x70 UART/serial.o
                0x00004ffc                __vector_37
 .text.Ascii_to_nible
                0x0000506c       0x28 UART/serial.o
                0x0000506c                Ascii_to_nible
 .text.asciiStringToNibble
                0x00005094       0x78 UART/serial.o
                0x00005094                asciiStringToNibble
 .text.avr-libc
                0x0000510c      0x74a c:/program files (x86)/atmel/studio/7.0/toolchain/avr8/avr8-gnu-toolchain/bin/../lib/gcc/avr/4.9.2/../../../../avr/lib/avr51\libprintf_flt.a(vfprintf_flt.o)
                0x0000510c                vfprintf
 .text.avr-libc.fplib
                0x00005856        0xe c:/program files (x86)/atmel/studio/7.0/toolchain/avr8/avr8-gnu-toolchain/bin/../lib/gcc/avr/4.9.2/../../../../avr/lib/avr51\libm.a(addsf3.o)
                0x00005856                __subsf3
                0x00005858                __addsf3
 .text.avr-libc.fplib
                0x00005864       0xcc c:/program files (x86)/atmel/studio/7.0/toolchain/avr8/avr8-gnu-toolchain/bin/../lib/gcc/avr/4.9.2/../../../../avr/lib/avr51\libm.a(addsf3x.o)
                0x00005886                __addsf3x
 .text.avr-libc.fplib
                0x00005930        0x8 c:/program files (x86)/atmel/studio/7.0/toolchain/avr8/avr8-gnu-toolchain/bin/../lib/gcc/avr/4.9.2/../../../../avr/lib/avr51\libm.a(divsf3.o)
                0x00005930                __divsf3
 .text.avr-libc.fplib
                0x00005938       0xdc c:/program files (x86)/atmel/studio/7.0/toolchain/avr8/avr8-gnu-toolchain/bin/../lib/gcc/avr/4.9.2/../../../../avr/lib/avr51\libm.a(divsf3x.o)
                0x00005958                __divsf3x
                0x0000595e                __divsf3_pse
 .text.avr-libc.fplib
                0x00005a14       0x5e c:/program files (x86)/atmel/studio/7.0/toolchain/avr8/avr8-gnu-toolchain/bin/../lib/gcc/avr/4.9.2/../../../../avr/lib/avr51\libm.a(fixunssfsi.o)
                0x00005a14                __fixunssfsi
 .text.avr-libc.fplib
                0x00005a72       0x7a c:/program files (x86)/atmel/studio/7.0/toolchain/avr8/avr8-gnu-toolchain/bin/../lib/gcc/avr/4.9.2/../../../../avr/lib/avr51\libm.a(floatsisf.o)
                0x00005a72                __floatunsisf
                0x00005a76                __floatsisf
 .text.avr-libc.fplib
                0x00005aec        0xc c:/program files (x86)/atmel/studio/7.0/toolchain/avr8/avr8-gnu-toolchain/bin/../lib/gcc/avr/4.9.2/../../../../avr/lib/avr51\libm.a(fp_inf.o)
                0x00005aec                __fp_inf
 .text.avr-libc.fplib
                0x00005af8        0x6 c:/program files (x86)/atmel/studio/7.0/toolchain/avr8/avr8-gnu-toolchain/bin/../lib/gcc/avr/4.9.2/../../../../avr/lib/avr51\libm.a(fp_nan.o)
                0x00005af8                __fp_nan
 .text.avr-libc.fplib
                0x00005afe        0xe c:/program files (x86)/atmel/studio/7.0/toolchain/avr8/avr8-gnu-toolchain/bin/../lib/gcc/avr/4.9.2/../../../../avr/lib/avr51\libm.a(fp_pscA.o)
                0x00005afe                __fp_pscA
 .text.avr-libc.fplib
                0x00005b0c        0xe c:/program files (x86)/atmel/studio/7.0/toolchain/avr8/avr8-gnu-toolchain/bin/../lib/gcc/avr/4.9.2/../../../../avr/lib/avr51\libm.a(fp_pscB.o)
                0x00005b0c                __fp_pscB
 .text.avr-libc.fplib
                0x00005b1a       0x22 c:/program files (x86)/atmel/studio/7.0/toolchain/avr8/avr8-gnu-toolchain/bin/../lib/gcc/avr/4.9.2/../../../../avr/lib/avr51\libm.a(fp_round.o)
                0x00005b1a                __fp_round
 .text.avr-libc.fplib
                0x00005b3c       0x44 c:/program files (x86)/atmel/studio/7.0/toolchain/avr8/avr8-gnu-toolchain/bin/../lib/gcc/avr/4.9.2/../../../../avr/lib/avr51\libm.a(fp_split3.o)
                0x00005b3c                __fp_split3
                0x00005b4c                __fp_splitA
 .text.avr-libc.fplib
                0x00005b80        0xe c:/program files (x86)/atmel/studio/7.0/toolchain/avr8/avr8-gnu-toolchain/bin/../lib/gcc/avr/4.9.2/../../../../avr/lib/avr51\libm.a(fp_zero.o)
                0x00005b80                __fp_zero
                0x00005b82                __fp_szero
 .text.libgcc.div
                0x00005b8e       0x28 c:/program files (x86)/atmel/studio/7.0/toolchain/avr8/avr8-gnu-toolchain/bin/../lib/gcc/avr/4.9.2/avr51\libgcc.a(_udivmodhi4.o)
                0x00005b8e                __udivmodhi4
 .text.libgcc.div
                0x00005bb6       0x28 c:/program files (x86)/atmel/studio/7.0/toolchain/avr8/avr8-gnu-toolchain/bin/../lib/gcc/avr/4.9.2/avr51\libgcc.a(_divmodhi4.o)
                0x00005bb6                _div
                0x00005bb6                __divmodhi4
 .text.libgcc.div
                0x00005bde       0x44 c:/program files (x86)/atmel/studio/7.0/toolchain/avr8/avr8-gnu-toolchain/bin/../lib/gcc/avr/4.9.2/avr51\libgcc.a(_udivmodsi4.o)
                0x00005bde                __udivmodsi4
 .text.libgcc   0x00005c22       0x12 c:/program files (x86)/atmel/studio/7.0/toolchain/avr8/avr8-gnu-toolchain/bin/../lib/gcc/avr/4.9.2/avr51\libgcc.a(_tablejump2.o)
                0x00005c22                __tablejump2__
 .text.libgcc.builtins
                0x00005c34       0x3c c:/program files (x86)/atmel/studio/7.0/toolchain/avr8/avr8-gnu-toolchain/bin/../lib/gcc/avr/4.9.2/avr51\libgcc.a(_ashrdi3.o)
                0x00005c34                __ashrdi3
                0x00005c38                __lshrdi3
 .text.avr-libc
                0x00005c70      0x25a c:/program files (x86)/atmel/studio/7.0/toolchain/avr8/avr8-gnu-toolchain/bin/../lib/gcc/avr/4.9.2/../../../../avr/lib/avr51\libc.a(malloc.o)
                0x00005c70                malloc
                0x00005d9a                free
 .text.avr-libc
                0x00005eca       0xb4 c:/program files (x86)/atmel/studio/7.0/toolchain/avr8/avr8-gnu-toolchain/bin/../lib/gcc/avr/4.9.2/../../../../avr/lib/avr51\libc.a(rand.o)
                0x00005f5c                rand_r
                0x00005f60                rand
                0x00005f68                srand
 .text.avr-libc
                0x00005f7e      0x270 c:/program files (x86)/atmel/studio/7.0/toolchain/avr8/avr8-gnu-toolchain/bin/../lib/gcc/avr/4.9.2/../../../../avr/lib/avr51\libc.a(strtoul.o)
                0x00005f7e                strtoul
 .text.avr-libc
                0x000061ee        0x8 c:/program files (x86)/atmel/studio/7.0/toolchain/avr8/avr8-gnu-toolchain/bin/../lib/gcc/avr/4.9.2/../../../../avr/lib/avr51\libc.a(atof.o)
                0x000061ee                atof
 .text.avr-libc
                0x000061f6       0x3c c:/program files (x86)/atmel/studio/7.0/toolchain/avr8/avr8-gnu-toolchain/bin/../lib/gcc/avr/4.9.2/../../../../avr/lib/avr51\libc.a(atoi.o)
                0x000061f6                atoi
 .text.avr-libc
                0x00006232      0x1b0 c:/program files (x86)/atmel/studio/7.0/toolchain/avr8/avr8-gnu-toolchain/bin/../lib/gcc/avr/4.9.2/../../../../avr/lib/avr51\libc.a(ftoa_engine.o)
                0x00006232                __ftoa_engine
 .text.avr-libc
                0x000063e2       0x12 c:/program files (x86)/atmel/studio/7.0/toolchain/avr8/avr8-gnu-toolchain/bin/../lib/gcc/avr/4.9.2/../../../../avr/lib/avr51\libc.a(isspace.o)
                0x000063e2                isspace
 .text.avr-libc
                0x000063f4       0x16 c:/program files (x86)/atmel/studio/7.0/toolchain/avr8/avr8-gnu-toolchain/bin/../lib/gcc/avr/4.9.2/../../../../avr/lib/avr51\libc.a(strnlen_P.o)
                0x000063f4                strnlen_P
 .text.avr-libc
                0x0000640a       0x1a c:/program files (x86)/atmel/studio/7.0/toolchain/avr8/avr8-gnu-toolchain/bin/../lib/gcc/avr/4.9.2/../../../../avr/lib/avr51\libc.a(memcmp.o)
                0x0000640a                memcmp
 .text.avr-libc
                0x00006424       0x12 c:/program files (x86)/atmel/studio/7.0/toolchain/avr8/avr8-gnu-toolchain/bin/../lib/gcc/avr/4.9.2/../../../../avr/lib/avr51\libc.a(memcpy.o)
                0x00006424                memcpy
 .text.avr-libc
                0x00006436       0x16 c:/program files (x86)/atmel/studio/7.0/toolchain/avr8/avr8-gnu-toolchain/bin/../lib/gcc/avr/4.9.2/../../../../avr/lib/avr51\libc.a(strchr.o)
                0x00006436                strchr
 .text.avr-libc
                0x0000644c       0x12 c:/program files (x86)/atmel/studio/7.0/toolchain/avr8/avr8-gnu-toolchain/bin/../lib/gcc/avr/4.9.2/../../../../avr/lib/avr51\libc.a(strcmp.o)
                0x0000644c                strcmp
 .text.avr-libc
                0x0000645e        0xe c:/program files (x86)/atmel/studio/7.0/toolchain/avr8/avr8-gnu-toolchain/bin/../lib/gcc/avr/4.9.2/../../../../avr/lib/avr51\libc.a(strcpy.o)
                0x0000645e                strcpy
 .text.avr-libc
                0x0000646c       0x1e c:/program files (x86)/atmel/studio/7.0/toolchain/avr8/avr8-gnu-toolchain/bin/../lib/gcc/avr/4.9.2/../../../../avr/lib/avr51\libc.a(strncpy.o)
                0x0000646c                strncpy
 .text.avr-libc
                0x0000648a       0x16 c:/program files (x86)/atmel/studio/7.0/toolchain/avr8/avr8-gnu-toolchain/bin/../lib/gcc/avr/4.9.2/../../../../avr/lib/avr51\libc.a(strnlen.o)
                0x0000648a                strnlen
 .text.avr-libc
                0x000064a0       0x34 c:/program files (x86)/atmel/studio/7.0/toolchain/avr8/avr8-gnu-toolchain/bin/../lib/gcc/avr/4.9.2/../../../../avr/lib/avr51\libc.a(strstr.o)
                0x000064a0                strstr
 .text.avr-libc
                0x000064d4       0x10 c:/program files (x86)/atmel/studio/7.0/toolchain/avr8/avr8-gnu-toolchain/bin/../lib/gcc/avr/4.9.2/../../../../avr/lib/avr51\libc.a(mul10.o)
                0x000064d4                __mulhi_const_10
 .text.avr-libc
                0x000064e4       0x44 c:/program files (x86)/atmel/studio/7.0/toolchain/avr8/avr8-gnu-toolchain/bin/../lib/gcc/avr/4.9.2/../../../../avr/lib/avr51\libc.a(ultoa_ncheck.o)
                0x000064e4                __ultoa_ncheck
                0x000064e6                __ultoa_common
 .text.avr-libc
                0x00006528       0x70 c:/program files (x86)/atmel/studio/7.0/toolchain/avr8/avr8-gnu-toolchain/bin/../lib/gcc/avr/4.9.2/../../../../avr/lib/avr51\libc.a(fputc.o)
                0x00006528                fputc
 .text.avr-libc
                0x00006598       0x60 c:/program files (x86)/atmel/studio/7.0/toolchain/avr8/avr8-gnu-toolchain/bin/../lib/gcc/avr/4.9.2/../../../../avr/lib/avr51\libc.a(sprintf.o)
                0x00006598                sprintf
 .text.avr-libc
                0x000065f8       0xbc c:/program files (x86)/atmel/studio/7.0/toolchain/avr8/avr8-gnu-toolchain/bin/../lib/gcc/avr/4.9.2/../../../../avr/lib/avr51\libc.a(ultoa_invert.o)
                0x000065f8                __ultoa_invert
 .text.avr-libc
                0x000066b4      0x2de c:/program files (x86)/atmel/studio/7.0/toolchain/avr8/avr8-gnu-toolchain/bin/../lib/gcc/avr/4.9.2/../../../../avr/lib/avr51\libc.a(strtod.o)
                0x000066b4                strtod
 .text.avr-libc
                0x00006992        0x6 c:/program files (x86)/atmel/studio/7.0/toolchain/avr8/avr8-gnu-toolchain/bin/../lib/gcc/avr/4.9.2/../../../../avr/lib/avr51\libc.a(cty_isfalse.o)
                0x00006992                __ctype_isfalse
                0x00006996                __ctype_istrue
 .text.avr-libc
                0x00006998       0x30 c:/program files (x86)/atmel/studio/7.0/toolchain/avr8/avr8-gnu-toolchain/bin/../lib/gcc/avr/4.9.2/../../../../avr/lib/avr51\libc.a(strncasecmp_P.o)
                0x00006998                strncasecmp_P
 .text.avr-libc
                0x000069c8       0x20 c:/program files (x86)/atmel/studio/7.0/toolchain/avr8/avr8-gnu-toolchain/bin/../lib/gcc/avr/4.9.2/../../../../avr/lib/avr51\libc.a(strrev.o)
                0x000069c8                strrev
 .text.avr-libc.fplib
                0x000069e8        0xa c:/program files (x86)/atmel/studio/7.0/toolchain/avr8/avr8-gnu-toolchain/bin/../lib/gcc/avr/4.9.2/../../../../avr/lib/avr51\libc.a(cmpsf2.o)
                0x000069e8                __nesf2
                0x000069e8                __eqsf2
                0x000069e8                __cmpsf2
                0x000069e8                __ltsf2
                0x000069e8                __lesf2
 .text.avr-libc.fplib
                0x000069f2       0x48 c:/program files (x86)/atmel/studio/7.0/toolchain/avr8/avr8-gnu-toolchain/bin/../lib/gcc/avr/4.9.2/../../../../avr/lib/avr51\libc.a(fp_cmp.o)
                0x000069f2                __fp_cmp
 .text.avr-libc.fplib
                0x00006a3a        0x8 c:/program files (x86)/atmel/studio/7.0/toolchain/avr8/avr8-gnu-toolchain/bin/../lib/gcc/avr/4.9.2/../../../../avr/lib/avr51\libc.a(mulsf3.o)
                0x00006a3a                __mulsf3
 .text.avr-libc.fplib
                0x00006a42       0xd2 c:/program files (x86)/atmel/studio/7.0/toolchain/avr8/avr8-gnu-toolchain/bin/../lib/gcc/avr/4.9.2/../../../../avr/lib/avr51\libc.a(mulsf3x.o)
                0x00006a60                __mulsf3x
                0x00006a66                __mulsf3_pse
 .text.avr-libc
                0x00006b14       0x20 C:/Program Files (x86)/Atmel/Studio/7.0/Packs/atmel/ATmega_DFP/1.1.130/gcc/dev/atmega128rfa1/avr51\libatmega128rfa1.a(eerd_block.o)
                0x00006b14                eeprom_read_block
                0x00006b18                eeprom_read_blraw
 .text.avr-libc
                0x00006b34       0x24 C:/Program Files (x86)/Atmel/Studio/7.0/Packs/atmel/ATmega_DFP/1.1.130/gcc/dev/atmega128rfa1/avr51\libatmega128rfa1.a(eeupd_byte.o)
                0x00006b34                eeprom_update_byte
                0x00006b36                eeprom_update_r18
 .text.avr-libc
                0x00006b58       0x14 C:/Program Files (x86)/Atmel/Studio/7.0/Packs/atmel/ATmega_DFP/1.1.130/gcc/dev/atmega128rfa1/avr51\libatmega128rfa1.a(eewr_block.o)
                0x00006b58                eeprom_write_block
 .text.avr-libc
                0x00006b6c       0x1c C:/Program Files (x86)/Atmel/Studio/7.0/Packs/atmel/ATmega_DFP/1.1.130/gcc/dev/atmega128rfa1/avr51\libatmega128rfa1.a(eewr_byte.o)
                0x00006b6c                eeprom_write_byte
                0x00006b6e                eeprom_write_r18
 .text.libgcc.mul
                0x00006b88       0x20 c:/program files (x86)/atmel/studio/7.0/toolchain/avr8/avr8-gnu-toolchain/bin/../lib/gcc/avr/4.9.2/avr51\libgcc.a(_mulsi3.o)
                0x00006b88                __mulsi3
 .text.libgcc.div
                0x00006ba8       0x2e c:/program files (x86)/atmel/studio/7.0/toolchain/avr8/avr8-gnu-toolchain/bin/../lib/gcc/avr/4.9.2/avr51\libgcc.a(_divmodsi4.o)
                0x00006ba8                __divmodsi4
 .text.libgcc.div
                0x00006bd6       0x10 c:/program files (x86)/atmel/studio/7.0/toolchain/avr8/avr8-gnu-toolchain/bin/../lib/gcc/avr/4.9.2/avr51\libgcc.a(_negsi2.o)
                0x00006bd6                __negsi2
 .text.libgcc.mul
                0x00006be6       0x16 c:/program files (x86)/atmel/studio/7.0/toolchain/avr8/avr8-gnu-toolchain/bin/../lib/gcc/avr/4.9.2/avr51\libgcc.a(_muluhisi3.o)
                0x00006be6                __muluhisi3
 .text.libgcc.mul
                0x00006bfc       0x10 c:/program files (x86)/atmel/studio/7.0/toolchain/avr8/avr8-gnu-toolchain/bin/../lib/gcc/avr/4.9.2/avr51\libgcc.a(_mulshisi3.o)
                0x00006bfc                __mulshisi3
                0x00006c02                __mulohisi3
 .text.libgcc.mul
                0x00006c0c       0x1e c:/program files (x86)/atmel/studio/7.0/toolchain/avr8/avr8-gnu-toolchain/bin/../lib/gcc/avr/4.9.2/avr51\libgcc.a(_umulhisi3.o)
                0x00006c0c                __umulhisi3
                0x00006c2a                . = ALIGN (0x2)
 *(.fini9)
 .fini9         0x00006c2a        0x0 c:/program files (x86)/atmel/studio/7.0/toolchain/avr8/avr8-gnu-toolchain/bin/../lib/gcc/avr/4.9.2/avr51\libgcc.a(_exit.o)
                0x00006c2a                _exit
                0x00006c2a                exit
 *(.fini9)
 *(.fini8)
 *(.fini8)
 *(.fini7)
 *(.fini7)
 *(.fini6)
 *(.fini6)
 *(.fini5)
 *(.fini5)
 *(.fini4)
 *(.fini4)
 *(.fini3)
 *(.fini3)
 *(.fini2)
 *(.fini2)
 *(.fini1)
 *(.fini1)
 *(.fini0)
 .fini0         0x00006c2a        0x4 c:/program files (x86)/atmel/studio/7.0/toolchain/avr8/avr8-gnu-toolchain/bin/../lib/gcc/avr/4.9.2/avr51\libgcc.a(_exit.o)
 *(.fini0)
                0x00006c2e                _etext = .

.data           0x00800200      0x32a load address 0x00006c2e
                0x00800200                PROVIDE (__data_start, .)
 *(.data)
 .data          0x00800200        0x6 c:/program files (x86)/atmel/studio/7.0/toolchain/avr8/avr8-gnu-toolchain/bin/../lib/gcc/avr/4.9.2/../../../../avr/lib/avr51\libc.a(malloc.o)
                0x00800200                __malloc_heap_end
                0x00800202                __malloc_heap_start
                0x00800204                __malloc_margin
 .data          0x00800206        0x4 c:/program files (x86)/atmel/studio/7.0/toolchain/avr8/avr8-gnu-toolchain/bin/../lib/gcc/avr/4.9.2/../../../../avr/lib/avr51\libc.a(rand.o)
 *(.data*)
 .data.uiFunctionEntered
                0x0080020a        0x2 Application/application.o
                0x0080020a                uiFunctionEntered
 .data.SETUP_TIMEOUT
                0x0080020c        0x1 Application/application.o
                0x0080020c                SETUP_TIMEOUT
 .data.msgNumber
                0x0080020d       0x11 Application/display.o
                0x0080020d                msgNumber
 .data.scanChannel
                0x0080021e        0x1 RUM/mac_scan.o
                0x0080021e                scanChannel
 .data.secondTimer
                0x0080021f        0x2 Timer/avr_timer.o
 *(.rodata)
 .rodata        0x00800221        0x6 Application/application.o
 .rodata        0x00800227        0x8 Application/BowComm.o
 .rodata        0x0080022f        0xa Application/SpeedQueen.o
 *(.rodata*)
 .rodata.str1.1
                0x00800239       0x47 Application/application.o
                                 0x4c (size before relaxing)
 .rodata.str1.1
                0x00800280      0x25a Application/BowComm.o
                                0x25c (size before relaxing)
 .rodata.CSWTCH.23
                0x008004da       0x10 mifare/Mifare.o
 .rodata.CSWTCH.22
                0x008004ea       0x10 mifare/Mifare.o
 .rodata.CSWTCH.21
                0x008004fa       0x10 mifare/Mifare.o
 .rodata.CSWTCH.20
                0x0080050a       0x20 mifare/Mifare.o
 *(.gnu.linkonce.d*)
                0x0080052a                . = ALIGN (0x2)
                0x0080052a                _edata = .
                0x0080052a                PROVIDE (__data_end, .)

.bss            0x0080052a      0x7a3
                0x0080052a                PROVIDE (__bss_start, .)
 *(.bss)
 *(.bss*)
 .bss.Len.4448  0x0080052a        0x1 Application/application.o
 .bss.ucDataLength.4358
                0x0080052b        0x1 Application/application.o
 .bss.failCount
                0x0080052c        0x1 Application/application.o
 .bss.VALIDATION_TIMEOUT
                0x0080052d        0x1 Application/application.o
                0x0080052d                VALIDATION_TIMEOUT
 .bss.KPTOFlag  0x0080052e        0x1 Application/application.o
                0x0080052e                KPTOFlag
 .bss.TOFlag    0x0080052f        0x1 Application/application.o
                0x0080052f                TOFlag
 .bss.oLTTimerId.4051
                0x00800530        0x1 Application/BowComm.o
 .bss.MpIsrInfo
                0x00800531        0x2 mifare/Mifare.o
                0x00800531                MpIsrInfo
 .bss.radio_part_number.3584
                0x00800533        0x1 Radio/radio.o
 .bss.rssi_val  0x00800534        0x1 Radio/radio.o
 .bss.once.3484
                0x00800535        0x1 Radio/hal_avr.o
 .bss.childNodes
                0x00800536      0x12c RUM/mac_associate.o
 .bss.associationTimer
                0x00800662        0x1 RUM/mac_associate.o
 .bss.pingType  0x00800663        0x2 RUM/mac_data.o
 .bss.pingAddr  0x00800665        0x2 RUM/mac_data.o
 .bss.scanInProcess
                0x00800667        0x1 RUM/mac_scan.o
 .bss.currentTimerID.3607
                0x00800668        0x1 Timer/avr_timer.o
 .bss.tickTimer
                0x00800669        0x2 Timer/avr_timer.o
 .bss.timerRunning
                0x0080066b        0x1 Timer/avr_timer.o
 .bss.longTimerEvents
                0x0080066c       0x64 Timer/avr_timer.o
 .bss.timerEvents
                0x008006d0       0x64 Timer/avr_timer.o
 .bss.WDTFlag   0x00800734        0x1 Timer/timer_enddevice.o
                0x00800734                WDTFlag
 .bss.GenericTimerFlag
                0x00800735        0x1 Timer/timer_enddevice.o
                0x00800735                GenericTimerFlag
 .bss.pause     0x00800736        0x1 UART/serial.o
 .bss.rx        0x00800737        0x1 UART/serial.o
 .bss.rx_handler
                0x00800738        0x2 UART/serial.o
 .bss.rxbuf     0x0080073a       0x82 UART/serial.o
 .bss.txbuf     0x008007bc       0x82 UART/serial.o
 *(COMMON)
 COMMON         0x0080083e      0x2d3 Application/application.o
                0x0080083e                ParamStr
                0x008008a2                SQACAFrontloadProgramming
                0x008008c8                SQACAToploadProgramming
                0x008008fb                SQACAAuditData
                0x00800929                CurrentAccount
                0x00800933                ucNumberOfRetry
                0x00800934                ReaderStateFlag
                0x00800936                DataBuffer
                0x008009b6                vendType
                0x008009b7                OP
                0x008009b8                ucMachineWait
                0x008009b9                ucDeviceStateFlag
                0x008009ba                ReaderSetup
                0x00800a02                VENDTYPE
                0x00800a03                timeout
                0x00800a04                SQACADryerProgramming
                0x00800a30                ucCardStatus
                0x00800a31                ucSendDataBuffer
                0x00800af1                deviceStatus
                0x00800af4                gotPanCoordPing
                0x00800af5                SQACAMachineStatus
                0x00800b0f                ucSendDataSize
                0x00800b10                deviceFlag
 COMMON         0x00800b11        0xb Application/reader.o
                0x00800b11                cardId
                0x00800b13                ucTopOffTime
                0x00800b14                ucCardErrorCode
                0x00800b15                ucTimerCount
                0x00800b16                vendPrice
                0x00800b1a                ucCardBalance
 COMMON         0x00800b1c       0x1c mifare/Mifare.o
                0x00800b1c                SerBuffer
                0x00800b30                MInfo
 COMMON         0x00800b38      0x11d RUM/mac.o
                0x00800b38                mac_buffer_rx
                0x00800bba                mac_buffer_tx
                0x00800c3c                macConfig
 COMMON         0x00800c55       0x5c RUM/mac_event.o
                0x00800c55                event_queue
 COMMON         0x00800cb1       0x16 RUM/mac_scan.o
                0x00800cb1                panDescriptor
 COMMON         0x00800cc7        0x4 c:/program files (x86)/atmel/studio/7.0/toolchain/avr8/avr8-gnu-toolchain/bin/../lib/gcc/avr/4.9.2/../../../../avr/lib/avr51\libc.a(malloc.o)
                0x00800cc7                __brkval
                0x00800cc9                __flp
 COMMON         0x00800ccb        0x2 c:/program files (x86)/atmel/studio/7.0/toolchain/avr8/avr8-gnu-toolchain/bin/../lib/gcc/avr/4.9.2/../../../../avr/lib/avr51\libc.a(errno.o)
                0x00800ccb                errno
                0x00800ccd                PROVIDE (__bss_end, .)
                0x00006c2e                __data_load_start = LOADADDR (.data)
                0x00006f58                __data_load_end = (__data_load_start + SIZEOF (.data))

.noinit         0x00800ccd        0x0
                [!provide]                PROVIDE (__noinit_start, .)
 *(.noinit*)
                [!provide]                PROVIDE (__noinit_end, .)
                0x00800ccd                _end = .
                0x00800ccd                PROVIDE (__heap_start, .)

.eeprom         0x00810000        0x0
 *(.eeprom*)
                0x00810000                __eeprom_end = .

.fuse
 *(.fuse)
 *(.lfuse)
 *(.hfuse)
 *(.efuse)

.lock
 *(.lock*)

.signature
 *(.signature*)

.user_signatures
 *(.user_signatures*)

.stab
 *(.stab)

.stabstr
 *(.stabstr)

.stab.excl
 *(.stab.excl)

.stab.exclstr
 *(.stab.exclstr)

.stab.index
 *(.stab.index)

.stab.indexstr
 *(.stab.indexstr)

.comment        0x00000000       0x5c
 *(.comment)
 .comment       0x00000000       0x30 Application/application.o
                                 0x31 (size before relaxing)
 .comment       0x00000030       0x31 Application/BowComm.o
 .comment       0x00000030       0x31 Application/display.o
 .comment       0x00000030       0x31 Application/SpeedQueen.o
 .comment       0x00000030       0x31 Application/reader.o
 .comment       0x00000030       0x31 Application/zstring.o
 .comment       0x00000030       0x31 mifare/Mifare.o
 .comment       0x00000030       0x31 mifare/RegCtrl.o
 .comment       0x00000030       0x31 SPI/spi.o
 .comment       0x00000030       0x31 main.o
 .comment       0x00000030       0x31 Radio/radio.o
 .comment       0x00000030       0x31 Radio/hal_avr.o
 .comment       0x00000030       0x31 RUM/mac.o
 .comment       0x00000030       0x31 RUM/mac_associate.o
 .comment       0x00000030       0x31 RUM/mac_beacon.o
 .comment       0x00000030       0x31 RUM/mac_data.o
 .comment       0x00000030       0x31 RUM/mac_event.o
 .comment       0x00000030       0x31 RUM/mac_route.o
 .comment       0x00000030       0x31 RUM/mac_scan.o
 .comment       0x00000030       0x31 Timer/avr_timer.o
 .comment       0x00000030       0x31 Timer/timer_enddevice.o
 .comment       0x00000030       0x31 UART/serial.o
 .comment       0x00000030       0x2c c:/program files (x86)/atmel/studio/7.0/toolchain/avr8/avr8-gnu-toolchain/bin/../lib/gcc/avr/4.9.2/../../../../avr/lib/avr51\libprintf_flt.a(vfprintf_flt.o)
                                 0x2d (size before relaxing)
 .comment       0x0000005c       0x31 c:/program files (x86)/atmel/studio/7.0/toolchain/avr8/avr8-gnu-toolchain/bin/../lib/gcc/avr/4.9.2/../../../../avr/lib/avr51\libc.a(malloc.o)
 .comment       0x0000005c       0x31 c:/program files (x86)/atmel/studio/7.0/toolchain/avr8/avr8-gnu-toolchain/bin/../lib/gcc/avr/4.9.2/../../../../avr/lib/avr51\libc.a(rand.o)
 .comment       0x0000005c       0x31 c:/program files (x86)/atmel/studio/7.0/toolchain/avr8/avr8-gnu-toolchain/bin/../lib/gcc/avr/4.9.2/../../../../avr/lib/avr51\libc.a(strtoul.o)
 .comment       0x0000005c       0x31 c:/program files (x86)/atmel/studio/7.0/toolchain/avr8/avr8-gnu-toolchain/bin/../lib/gcc/avr/4.9.2/../../../../avr/lib/avr51\libc.a(fputc.o)
 .comment       0x0000005c       0x31 c:/program files (x86)/atmel/studio/7.0/toolchain/avr8/avr8-gnu-toolchain/bin/../lib/gcc/avr/4.9.2/../../../../avr/lib/avr51\libc.a(sprintf.o)
 .comment       0x0000005c       0x2d c:/program files (x86)/atmel/studio/7.0/toolchain/avr8/avr8-gnu-toolchain/bin/../lib/gcc/avr/4.9.2/../../../../avr/lib/avr51\libc.a(errno.o)
 .comment       0x0000005c       0x31 c:/program files (x86)/atmel/studio/7.0/toolchain/avr8/avr8-gnu-toolchain/bin/../lib/gcc/avr/4.9.2/../../../../avr/lib/avr51\libc.a(strtod.o)

.note.gnu.avr.deviceinfo
                0x00000000       0x40
 .note.gnu.avr.deviceinfo
                0x00000000       0x40 C:/Program Files (x86)/Atmel/Studio/7.0/Packs/atmel/ATmega_DFP/1.1.130/gcc/dev/atmega128rfa1/avr51/crtatmega128rfa1.o

.note.gnu.build-id
 *(.note.gnu.build-id)

.debug
 *(.debug)

.line
 *(.line)

.debug_srcinfo
 *(.debug_srcinfo)

.debug_sfnames
 *(.debug_sfnames)

.debug_aranges  0x00000000      0xa80
 *(.debug_aranges)
 .debug_aranges
                0x00000000      0x128 Application/application.o
 .debug_aranges
                0x00000128       0x70 Application/BowComm.o
 .debug_aranges
                0x00000198       0x48 Application/display.o
 .debug_aranges
                0x000001e0       0xb8 Application/SpeedQueen.o
 .debug_aranges
                0x00000298       0x78 Application/reader.o
 .debug_aranges
                0x00000310       0x20 Application/zstring.o
 .debug_aranges
                0x00000330       0x98 mifare/Mifare.o
 .debug_aranges
                0x000003c8       0x40 mifare/RegCtrl.o
 .debug_aranges
                0x00000408       0x48 SPI/spi.o
 .debug_aranges
                0x00000450       0x28 main.o
 .debug_aranges
                0x00000478      0x100 Radio/radio.o
 .debug_aranges
                0x00000578       0x60 Radio/hal_avr.o
 .debug_aranges
                0x000005d8       0x28 RUM/mac.o
 .debug_aranges
                0x00000600       0xf0 RUM/mac_associate.o
 .debug_aranges
                0x000006f0       0x20 RUM/mac_beacon.o
 .debug_aranges
                0x00000710       0x70 RUM/mac_data.o
 .debug_aranges
                0x00000780       0x38 RUM/mac_event.o
 .debug_aranges
                0x000007b8       0x48 RUM/mac_route.o
 .debug_aranges
                0x00000800       0x60 RUM/mac_scan.o
 .debug_aranges
                0x00000860       0x58 Timer/avr_timer.o
 .debug_aranges
                0x000008b8       0x68 Timer/timer_enddevice.o
 .debug_aranges
                0x00000920       0xe0 UART/serial.o
 .debug_aranges
                0x00000a00       0x20 C:/Program Files (x86)/Atmel/Studio/7.0/Packs/atmel/ATmega_DFP/1.1.130/gcc/dev/atmega128rfa1/avr51\libatmega128rfa1.a(eerd_block.o)
 .debug_aranges
                0x00000a20       0x20 C:/Program Files (x86)/Atmel/Studio/7.0/Packs/atmel/ATmega_DFP/1.1.130/gcc/dev/atmega128rfa1/avr51\libatmega128rfa1.a(eeupd_byte.o)
 .debug_aranges
                0x00000a40       0x20 C:/Program Files (x86)/Atmel/Studio/7.0/Packs/atmel/ATmega_DFP/1.1.130/gcc/dev/atmega128rfa1/avr51\libatmega128rfa1.a(eewr_block.o)
 .debug_aranges
                0x00000a60       0x20 C:/Program Files (x86)/Atmel/Studio/7.0/Packs/atmel/ATmega_DFP/1.1.130/gcc/dev/atmega128rfa1/avr51\libatmega128rfa1.a(eewr_byte.o)

.debug_pubnames
 *(.debug_pubnames)

.debug_info     0x00000000    0x11d58
 *(.debug_info .gnu.linkonce.wi.*)
 .debug_info    0x00000000     0x1160 C:/Program Files (x86)/Atmel/Studio/7.0/Packs/atmel/ATmega_DFP/1.1.130/gcc/dev/atmega128rfa1/avr51/crtatmega128rfa1.o
 .debug_info    0x00001160     0x2ad6 Application/application.o
 .debug_info    0x00003c36     0x1cdd Application/BowComm.o
 .debug_info    0x00005913     0x1030 Application/display.o
 .debug_info    0x00006943     0x14c0 Application/SpeedQueen.o
 .debug_info    0x00007e03     0x14ba Application/reader.o
 .debug_info    0x000092bd      0x200 Application/zstring.o
 .debug_info    0x000094bd     0x12ab mifare/Mifare.o
 .debug_info    0x0000a768      0x28d mifare/RegCtrl.o
 .debug_info    0x0000a9f5      0x1aa SPI/spi.o
 .debug_info    0x0000ab9f      0xd74 main.o
 .debug_info    0x0000b913      0xfb8 Radio/radio.o
 .debug_info    0x0000c8cb      0x515 Radio/hal_avr.o
 .debug_info    0x0000cde0      0x534 RUM/mac.o
 .debug_info    0x0000d314      0xd3c RUM/mac_associate.o
 .debug_info    0x0000e050      0x339 RUM/mac_beacon.o
 .debug_info    0x0000e389      0xa04 RUM/mac_data.o
 .debug_info    0x0000ed8d      0x88d RUM/mac_event.o
 .debug_info    0x0000f61a      0x8d9 RUM/mac_route.o
 .debug_info    0x0000fef3      0x8c8 RUM/mac_scan.o
 .debug_info    0x000107bb      0x4aa Timer/avr_timer.o
 .debug_info    0x00010c65      0x29d Timer/timer_enddevice.o
 .debug_info    0x00010f02      0xb93 UART/serial.o
 .debug_info    0x00011a95       0xb1 C:/Program Files (x86)/Atmel/Studio/7.0/Packs/atmel/ATmega_DFP/1.1.130/gcc/dev/atmega128rfa1/avr51\libatmega128rfa1.a(eerd_block.o)
 .debug_info    0x00011b46       0xb1 C:/Program Files (x86)/Atmel/Studio/7.0/Packs/atmel/ATmega_DFP/1.1.130/gcc/dev/atmega128rfa1/avr51\libatmega128rfa1.a(eeupd_byte.o)
 .debug_info    0x00011bf7       0xb1 C:/Program Files (x86)/Atmel/Studio/7.0/Packs/atmel/ATmega_DFP/1.1.130/gcc/dev/atmega128rfa1/avr51\libatmega128rfa1.a(eewr_block.o)
 .debug_info    0x00011ca8       0xb0 C:/Program Files (x86)/Atmel/Studio/7.0/Packs/atmel/ATmega_DFP/1.1.130/gcc/dev/atmega128rfa1/avr51\libatmega128rfa1.a(eewr_byte.o)

.debug_abbrev   0x00000000     0x47e5
 *(.debug_abbrev)
 .debug_abbrev  0x00000000     0x1072 C:/Program Files (x86)/Atmel/Studio/7.0/Packs/atmel/ATmega_DFP/1.1.130/gcc/dev/atmega128rfa1/avr51/crtatmega128rfa1.o
 .debug_abbrev  0x00001072      0x4c9 Application/application.o
 .debug_abbrev  0x0000153b      0x392 Application/BowComm.o
 .debug_abbrev  0x000018cd      0x247 Application/display.o
 .debug_abbrev  0x00001b14      0x3c1 Application/SpeedQueen.o
 .debug_abbrev  0x00001ed5      0x2ea Application/reader.o
 .debug_abbrev  0x000021bf      0x10b Application/zstring.o
 .debug_abbrev  0x000022ca      0x296 mifare/Mifare.o
 .debug_abbrev  0x00002560      0x16c mifare/RegCtrl.o
 .debug_abbrev  0x000026cc       0xfb SPI/spi.o
 .debug_abbrev  0x000027c7      0x207 main.o
 .debug_abbrev  0x000029ce      0x464 Radio/radio.o
 .debug_abbrev  0x00002e32      0x1ef Radio/hal_avr.o
 .debug_abbrev  0x00003021      0x1bd RUM/mac.o
 .debug_abbrev  0x000031de      0x2d6 RUM/mac_associate.o
 .debug_abbrev  0x000034b4      0x129 RUM/mac_beacon.o
 .debug_abbrev  0x000035dd      0x319 RUM/mac_data.o
 .debug_abbrev  0x000038f6      0x22f RUM/mac_event.o
 .debug_abbrev  0x00003b25      0x208 RUM/mac_route.o
 .debug_abbrev  0x00003d2d      0x2f2 RUM/mac_scan.o
 .debug_abbrev  0x0000401f      0x238 Timer/avr_timer.o
 .debug_abbrev  0x00004257      0x164 Timer/timer_enddevice.o
 .debug_abbrev  0x000043bb      0x3da UART/serial.o
 .debug_abbrev  0x00004795       0x14 C:/Program Files (x86)/Atmel/Studio/7.0/Packs/atmel/ATmega_DFP/1.1.130/gcc/dev/atmega128rfa1/avr51\libatmega128rfa1.a(eerd_block.o)
 .debug_abbrev  0x000047a9       0x14 C:/Program Files (x86)/Atmel/Studio/7.0/Packs/atmel/ATmega_DFP/1.1.130/gcc/dev/atmega128rfa1/avr51\libatmega128rfa1.a(eeupd_byte.o)
 .debug_abbrev  0x000047bd       0x14 C:/Program Files (x86)/Atmel/Studio/7.0/Packs/atmel/ATmega_DFP/1.1.130/gcc/dev/atmega128rfa1/avr51\libatmega128rfa1.a(eewr_block.o)
 .debug_abbrev  0x000047d1       0x14 C:/Program Files (x86)/Atmel/Studio/7.0/Packs/atmel/ATmega_DFP/1.1.130/gcc/dev/atmega128rfa1/avr51\libatmega128rfa1.a(eewr_byte.o)

.debug_line     0x00000000     0xa347
 *(.debug_line .debug_line.* .debug_line_end)
 .debug_line    0x00000000      0x247 C:/Program Files (x86)/Atmel/Studio/7.0/Packs/atmel/ATmega_DFP/1.1.130/gcc/dev/atmega128rfa1/avr51/crtatmega128rfa1.o
 .debug_line    0x00000247     0x107d Application/application.o
 .debug_line    0x000012c4      0x8a0 Application/BowComm.o
 .debug_line    0x00001b64      0x577 Application/display.o
 .debug_line    0x000020db     0x11bc Application/SpeedQueen.o
 .debug_line    0x00003297      0x809 Application/reader.o
 .debug_line    0x00003aa0      0x1e6 Application/zstring.o
 .debug_line    0x00003c86      0xb6a mifare/Mifare.o
 .debug_line    0x000047f0      0x333 mifare/RegCtrl.o
 .debug_line    0x00004b23      0x31b SPI/spi.o
 .debug_line    0x00004e3e      0x587 main.o
 .debug_line    0x000053c5      0xb59 Radio/radio.o
 .debug_line    0x00005f1e      0x5d7 Radio/hal_avr.o
 .debug_line    0x000064f5      0x4a2 RUM/mac.o
 .debug_line    0x00006997      0x76a RUM/mac_associate.o
 .debug_line    0x00007101      0x417 RUM/mac_beacon.o
 .debug_line    0x00007518      0x5df RUM/mac_data.o
 .debug_line    0x00007af7      0x59a RUM/mac_event.o
 .debug_line    0x00008091      0x5ea RUM/mac_route.o
 .debug_line    0x0000867b      0x5e0 RUM/mac_scan.o
 .debug_line    0x00008c5b      0x667 Timer/avr_timer.o
 .debug_line    0x000092c2      0x570 Timer/timer_enddevice.o
 .debug_line    0x00009832      0x896 UART/serial.o
 .debug_line    0x0000a0c8       0xab C:/Program Files (x86)/Atmel/Studio/7.0/Packs/atmel/ATmega_DFP/1.1.130/gcc/dev/atmega128rfa1/avr51\libatmega128rfa1.a(eerd_block.o)
 .debug_line    0x0000a173       0xb6 C:/Program Files (x86)/Atmel/Studio/7.0/Packs/atmel/ATmega_DFP/1.1.130/gcc/dev/atmega128rfa1/avr51\libatmega128rfa1.a(eeupd_byte.o)
 .debug_line    0x0000a229       0x80 C:/Program Files (x86)/Atmel/Studio/7.0/Packs/atmel/ATmega_DFP/1.1.130/gcc/dev/atmega128rfa1/avr51\libatmega128rfa1.a(eewr_block.o)
 .debug_line    0x0000a2a9       0x9e C:/Program Files (x86)/Atmel/Studio/7.0/Packs/atmel/ATmega_DFP/1.1.130/gcc/dev/atmega128rfa1/avr51\libatmega128rfa1.a(eewr_byte.o)

.debug_frame    0x00000000     0x1c50
 *(.debug_frame)
 .debug_frame   0x00000000      0x300 Application/application.o
 .debug_frame   0x00000300      0x23c Application/BowComm.o
 .debug_frame   0x0000053c       0xe8 Application/display.o
 .debug_frame   0x00000624      0x27c Application/SpeedQueen.o
 .debug_frame   0x000008a0      0x130 Application/reader.o
 .debug_frame   0x000009d0       0x68 Application/zstring.o
 .debug_frame   0x00000a38      0x280 mifare/Mifare.o
 .debug_frame   0x00000cb8       0x98 mifare/RegCtrl.o
 .debug_frame   0x00000d50       0x84 SPI/spi.o
 .debug_frame   0x00000dd4       0x34 main.o
 .debug_frame   0x00000e08      0x24c Radio/radio.o
 .debug_frame   0x00001054      0x214 Radio/hal_avr.o
 .debug_frame   0x00001268       0x4c RUM/mac.o
 .debug_frame   0x000012b4      0x1d0 RUM/mac_associate.o
 .debug_frame   0x00001484       0x24 RUM/mac_beacon.o
 .debug_frame   0x000014a8      0x110 RUM/mac_data.o
 .debug_frame   0x000015b8       0x78 RUM/mac_event.o
 .debug_frame   0x00001630       0x84 RUM/mac_route.o
 .debug_frame   0x000016b4       0xc0 RUM/mac_scan.o
 .debug_frame   0x00001774      0x144 Timer/avr_timer.o
 .debug_frame   0x000018b8       0xe8 Timer/timer_enddevice.o
 .debug_frame   0x000019a0      0x2b0 UART/serial.o

.debug_str      0x00000000    0x2168c
 *(.debug_str)
 .debug_str     0x00000000      0x6de C:/Program Files (x86)/Atmel/Studio/7.0/Packs/atmel/ATmega_DFP/1.1.130/gcc/dev/atmega128rfa1/avr51/crtatmega128rfa1.o
 .debug_str     0x000006de    0x1ea33 Application/application.o
                              0x1ee04 (size before relaxing)
 .debug_str     0x0001f111      0x1b2 Application/BowComm.o
                              0x1ac80 (size before relaxing)
 .debug_str     0x0001f2c3       0x7c Application/display.o
                              0x1a398 (size before relaxing)
 .debug_str     0x0001f33f      0x16d Application/SpeedQueen.o
                              0x1a542 (size before relaxing)
 .debug_str     0x0001f4ac      0x8ad Application/reader.o
                              0x1ae93 (size before relaxing)
 .debug_str     0x0001fd59       0x57 Application/zstring.o
                               0x4557 (size before relaxing)
 .debug_str     0x0001fdb0      0x2c3 mifare/Mifare.o
                               0x5004 (size before relaxing)
 .debug_str     0x00020073       0x88 mifare/RegCtrl.o
                               0xe48f (size before relaxing)
 .debug_str     0x000200fb       0x7c SPI/spi.o
                               0xd554 (size before relaxing)
 .debug_str     0x00020177       0x8e main.o
                              0x1c720 (size before relaxing)
 .debug_str     0x00020205      0x5c1 Radio/radio.o
                              0x1666a (size before relaxing)
 .debug_str     0x000207c6      0x206 Radio/hal_avr.o
                              0x16186 (size before relaxing)
 .debug_str     0x000209cc       0x3f RUM/mac.o
                              0x16297 (size before relaxing)
 .debug_str     0x00020a0b      0x2d7 RUM/mac_associate.o
                              0x163ca (size before relaxing)
 .debug_str     0x00020ce2       0x88 RUM/mac_beacon.o
                              0x1605a (size before relaxing)
 .debug_str     0x00020d6a      0x14e RUM/mac_data.o
                              0x1624e (size before relaxing)
 .debug_str     0x00020eb8       0xee RUM/mac_event.o
                              0x163c2 (size before relaxing)
 .debug_str     0x00020fa6       0x57 RUM/mac_route.o
                              0x161bf (size before relaxing)
 .debug_str     0x00020ffd      0x15a RUM/mac_scan.o
                              0x163ab (size before relaxing)
 .debug_str     0x00021157      0x124 Timer/avr_timer.o
                              0x16201 (size before relaxing)
 .debug_str     0x0002127b       0xec Timer/timer_enddevice.o
                              0x18af1 (size before relaxing)
 .debug_str     0x00021367      0x325 UART/serial.o
                              0x18f83 (size before relaxing)

.debug_loc      0x00000000     0x64a8
 *(.debug_loc)
 .debug_loc     0x00000000      0x8fc Application/application.o
 .debug_loc     0x000008fc      0x7a7 Application/BowComm.o
 .debug_loc     0x000010a3      0x4bb Application/display.o
 .debug_loc     0x0000155e      0x78a Application/SpeedQueen.o
 .debug_loc     0x00001ce8      0x2a2 Application/reader.o
 .debug_loc     0x00001f8a      0x1fd Application/zstring.o
 .debug_loc     0x00002187     0x1553 mifare/Mifare.o
 .debug_loc     0x000036da      0x2b6 mifare/RegCtrl.o
 .debug_loc     0x00003990       0xae SPI/spi.o
 .debug_loc     0x00003a3e      0x826 Radio/radio.o
 .debug_loc     0x00004264      0x6be Radio/hal_avr.o
 .debug_loc     0x00004922       0xa1 RUM/mac.o
 .debug_loc     0x000049c3      0x3dd RUM/mac_associate.o
 .debug_loc     0x00004da0       0x18 RUM/mac_beacon.o
 .debug_loc     0x00004db8      0x3e5 RUM/mac_data.o
 .debug_loc     0x0000519d      0x24d RUM/mac_event.o
 .debug_loc     0x000053ea      0x113 RUM/mac_route.o
 .debug_loc     0x000054fd       0xe4 RUM/mac_scan.o
 .debug_loc     0x000055e1      0x57e Timer/avr_timer.o
 .debug_loc     0x00005b5f      0x141 Timer/timer_enddevice.o
 .debug_loc     0x00005ca0      0x808 UART/serial.o

.debug_macinfo
 *(.debug_macinfo)

.debug_weaknames
 *(.debug_weaknames)

.debug_funcnames
 *(.debug_funcnames)

.debug_typenames
 *(.debug_typenames)

.debug_varnames
 *(.debug_varnames)

.debug_pubtypes
 *(.debug_pubtypes)

.debug_ranges   0x00000000      0x900
 *(.debug_ranges)
 .debug_ranges  0x00000000      0x118 Application/application.o
 .debug_ranges  0x00000118       0x60 Application/BowComm.o
 .debug_ranges  0x00000178       0x38 Application/display.o
 .debug_ranges  0x000001b0       0xa8 Application/SpeedQueen.o
 .debug_ranges  0x00000258       0x68 Application/reader.o
 .debug_ranges  0x000002c0       0x10 Application/zstring.o
 .debug_ranges  0x000002d0       0x88 mifare/Mifare.o
 .debug_ranges  0x00000358       0x30 mifare/RegCtrl.o
 .debug_ranges  0x00000388       0x38 SPI/spi.o
 .debug_ranges  0x000003c0       0x18 main.o
 .debug_ranges  0x000003d8      0x120 Radio/radio.o
 .debug_ranges  0x000004f8       0x50 Radio/hal_avr.o
 .debug_ranges  0x00000548       0x18 RUM/mac.o
 .debug_ranges  0x00000560       0xe0 RUM/mac_associate.o
 .debug_ranges  0x00000640       0x10 RUM/mac_beacon.o
 .debug_ranges  0x00000650       0x60 RUM/mac_data.o
 .debug_ranges  0x000006b0       0x28 RUM/mac_event.o
 .debug_ranges  0x000006d8       0x38 RUM/mac_route.o
 .debug_ranges  0x00000710       0x68 RUM/mac_scan.o
 .debug_ranges  0x00000778       0x60 Timer/avr_timer.o
 .debug_ranges  0x000007d8       0x58 Timer/timer_enddevice.o
 .debug_ranges  0x00000830       0xd0 UART/serial.o

.debug_macro    0x00000000     0xbbe3
 *(.debug_macro)
 .debug_macro   0x00000000      0x330 Application/application.o
 .debug_macro   0x00000330      0xb08 Application/application.o
 .debug_macro   0x00000e38      0x1c9 Application/application.o
 .debug_macro   0x00001001      0x2fc Application/application.o
 .debug_macro   0x000012fd       0x58 Application/application.o
 .debug_macro   0x00001355       0x10 Application/application.o
 .debug_macro   0x00001365       0x97 Application/application.o
 .debug_macro   0x000013fc       0xf2 Application/application.o
 .debug_macro   0x000014ee       0x1c Application/application.o
 .debug_macro   0x0000150a       0x97 Application/application.o
 .debug_macro   0x000015a1       0x66 Application/application.o
 .debug_macro   0x00001607       0x16 Application/application.o
 .debug_macro   0x0000161d       0x20 Application/application.o
 .debug_macro   0x0000163d       0x22 Application/application.o
 .debug_macro   0x0000165f       0x2e Application/application.o
 .debug_macro   0x0000168d       0x82 Application/application.o
 .debug_macro   0x0000170f       0x3b Application/application.o
 .debug_macro   0x0000174a       0xaa Application/application.o
 .debug_macro   0x000017f4     0x3aaf Application/application.o
 .debug_macro   0x000052a3       0x9a Application/application.o
 .debug_macro   0x0000533d       0x81 Application/application.o
 .debug_macro   0x000053be       0x34 Application/application.o
 .debug_macro   0x000053f2       0x18 Application/application.o
 .debug_macro   0x0000540a       0x6c Application/application.o
 .debug_macro   0x00005476       0x69 Application/application.o
 .debug_macro   0x000054df       0x10 Application/application.o
 .debug_macro   0x000054ef      0x160 Application/application.o
 .debug_macro   0x0000564f       0x7f Application/application.o
 .debug_macro   0x000056ce       0x33 Application/application.o
 .debug_macro   0x00005701      0x1bd Application/application.o
 .debug_macro   0x000058be     0x1b5a Application/application.o
 .debug_macro   0x00007418      0x265 Application/application.o
 .debug_macro   0x0000767d       0x43 Application/application.o
 .debug_macro   0x000076c0       0x83 Application/application.o
 .debug_macro   0x00007743      0x10e Application/application.o
 .debug_macro   0x00007851       0x43 Application/application.o
 .debug_macro   0x00007894       0x28 Application/application.o
 .debug_macro   0x000078bc       0x10 Application/application.o
 .debug_macro   0x000078cc       0x10 Application/application.o
 .debug_macro   0x000078dc      0x17f Application/application.o
 .debug_macro   0x00007a5b      0x10c Application/application.o
 .debug_macro   0x00007b67      0x160 Application/application.o
 .debug_macro   0x00007cc7       0x68 Application/application.o
 .debug_macro   0x00007d2f       0xb8 Application/application.o
 .debug_macro   0x00007de7       0x87 Application/application.o
 .debug_macro   0x00007e6e       0x10 Application/application.o
 .debug_macro   0x00007e7e       0x35 Application/application.o
 .debug_macro   0x00007eb3      0x175 Application/application.o
 .debug_macro   0x00008028       0x4a Application/application.o
 .debug_macro   0x00008072       0x19 Application/application.o
 .debug_macro   0x0000808b      0x11e Application/application.o
 .debug_macro   0x000081a9      0x1c0 Application/application.o
 .debug_macro   0x00008369       0x8e Application/application.o
 .debug_macro   0x000083f7       0xd6 Application/application.o
 .debug_macro   0x000084cd      0x3d8 Application/application.o
 .debug_macro   0x000088a5      0x269 Application/application.o
 .debug_macro   0x00008b0e       0xea Application/application.o
 .debug_macro   0x00008bf8       0x28 Application/application.o
 .debug_macro   0x00008c20      0x23a Application/BowComm.o
 .debug_macro   0x00008e5a       0x35 Application/BowComm.o
 .debug_macro   0x00008e8f       0x16 Application/BowComm.o
 .debug_macro   0x00008ea5       0x10 Application/BowComm.o
 .debug_macro   0x00008eb5      0x302 Application/BowComm.o
 .debug_macro   0x000091b7       0x9e Application/BowComm.o
 .debug_macro   0x00009255       0xef Application/BowComm.o
 .debug_macro   0x00009344       0x4a Application/BowComm.o
 .debug_macro   0x0000938e       0x5a Application/BowComm.o
 .debug_macro   0x000093e8      0x1df Application/display.o
 .debug_macro   0x000095c7      0x1f6 Application/SpeedQueen.o
 .debug_macro   0x000097bd      0x25c Application/reader.o
 .debug_macro   0x00009a19      0x10e Application/reader.o
 .debug_macro   0x00009b27      0x183 Application/reader.o
 .debug_macro   0x00009caa       0x34 Application/reader.o
 .debug_macro   0x00009cde       0x16 Application/reader.o
 .debug_macro   0x00009cf4       0x9b Application/zstring.o
 .debug_macro   0x00009d8f       0x5c mifare/Mifare.o
 .debug_macro   0x00009deb       0xb2 mifare/RegCtrl.o
 .debug_macro   0x00009e9d       0x22 mifare/RegCtrl.o
 .debug_macro   0x00009ebf       0x96 SPI/spi.o
 .debug_macro   0x00009f55      0x2c0 main.o
 .debug_macro   0x0000a215       0x63 main.o
 .debug_macro   0x0000a278      0x1c4 Radio/radio.o
 .debug_macro   0x0000a43c      0x1da Radio/hal_avr.o
 .debug_macro   0x0000a616      0x1e0 RUM/mac.o
 .debug_macro   0x0000a7f6      0x1d4 RUM/mac_associate.o
 .debug_macro   0x0000a9ca      0x1be RUM/mac_beacon.o
 .debug_macro   0x0000ab88       0x16 RUM/mac_beacon.o
 .debug_macro   0x0000ab9e      0x1d7 RUM/mac_data.o
 .debug_macro   0x0000ad75      0x166 RUM/mac_data.o
 .debug_macro   0x0000aedb       0x2e RUM/mac_data.o
 .debug_macro   0x0000af09      0x1ff RUM/mac_event.o
 .debug_macro   0x0000b108      0x1cd RUM/mac_route.o
 .debug_macro   0x0000b2d5      0x1d9 RUM/mac_scan.o
 .debug_macro   0x0000b4ae      0x1f8 Timer/avr_timer.o
 .debug_macro   0x0000b6a6      0x1c2 Timer/timer_enddevice.o
 .debug_macro   0x0000b868      0x1e0 UART/serial.o
 .debug_macro   0x0000ba48      0x19b UART/serial.o
OUTPUT(RDR_ACA_20170621_V0.1.1.elf elf32-avr)
LOAD linker stubs
